Component: ARM Compiler 5.06 update 7 (build 960) Tool: armlink [4d3601]

==============================================================================

Section Cross References

    startup_stm32f407xx.o(RESET) refers to startup_stm32f407xx.o(STACK) for __initial_sp
    startup_stm32f407xx.o(RESET) refers to startup_stm32f407xx.o(.text) for Reset_Handler
    startup_stm32f407xx.o(RESET) refers to stm32f4xx_it.o(i.NMI_Handler) for NMI_Handler
    startup_stm32f407xx.o(RESET) refers to stm32f4xx_it.o(i.HardFault_Handler) for HardFault_Handler
    startup_stm32f407xx.o(RESET) refers to stm32f4xx_it.o(i.MemManage_Handler) for MemManage_Handler
    startup_stm32f407xx.o(RESET) refers to stm32f4xx_it.o(i.BusFault_Handler) for BusFault_Handler
    startup_stm32f407xx.o(RESET) refers to stm32f4xx_it.o(i.UsageFault_Handler) for UsageFault_Handler
    startup_stm32f407xx.o(RESET) refers to stm32f4xx_it.o(i.SVC_Handler) for SVC_Handler
    startup_stm32f407xx.o(RESET) refers to stm32f4xx_it.o(i.DebugMon_Handler) for DebugMon_Handler
    startup_stm32f407xx.o(RESET) refers to stm32f4xx_it.o(i.PendSV_Handler) for PendSV_Handler
    startup_stm32f407xx.o(RESET) refers to stm32f4xx_it.o(i.SysTick_Handler) for SysTick_Handler
    startup_stm32f407xx.o(RESET) refers to stm32f4xx_it.o(i.USART1_IRQHandler) for USART1_IRQHandler
    startup_stm32f407xx.o(RESET) refers to stm32f4xx_it.o(i.TIM8_BRK_TIM12_IRQHandler) for TIM8_BRK_TIM12_IRQHandler
    startup_stm32f407xx.o(RESET) refers to stm32f4xx_it.o(i.DMA2_Stream2_IRQHandler) for DMA2_Stream2_IRQHandler
    startup_stm32f407xx.o(RESET) refers to stm32f4xx_it.o(i.DMA2_Stream7_IRQHandler) for DMA2_Stream7_IRQHandler
    startup_stm32f407xx.o(.text) refers to system_stm32f4xx.o(i.SystemInit) for SystemInit
    startup_stm32f407xx.o(.text) refers to entry.o(.ARM.Collect$$$$00000000) for __main
    main.o(i.HAL_TIM_PeriodElapsedCallback) refers to stm32f4xx_hal.o(i.HAL_IncTick) for HAL_IncTick
    main.o(i.SEGGER_RTT_Test) refers to segger_rtt.o(i.SEGGER_RTT_Init) for SEGGER_RTT_Init
    main.o(i.SEGGER_RTT_Test) refers to osal_timer.o(i.osal_timer_get_tick) for osal_timer_get_tick
    main.o(i.SEGGER_RTT_Test) refers to segger_rtt_printf.o(i.SEGGER_RTT_printf) for SEGGER_RTT_printf
    main.o(i.SEGGER_RTT_Test) refers to osal_task.o(i.osal_task_sleep) for osal_task_sleep
    main.o(i.SEGGER_RTT_Test) refers to main.o(.data) for .data
    main.o(i.SystemClock_Config) refers to memseta.o(.text) for __aeabi_memclr4
    main.o(i.SystemClock_Config) refers to stm32f4xx_hal_rcc.o(i.HAL_RCC_OscConfig) for HAL_RCC_OscConfig
    main.o(i.SystemClock_Config) refers to stm32f4xx_hal_rcc.o(i.HAL_RCC_ClockConfig) for HAL_RCC_ClockConfig
    main.o(i.fputc) refers to periph_uart.o(i.periph_uart_fputc) for periph_uart_fputc
    main.o(i.led_task) refers to osal_task.o(i.osal_task_sleep) for osal_task_sleep
    main.o(i.main) refers to stm32f4xx_hal.o(i.HAL_Init) for HAL_Init
    main.o(i.main) refers to main.o(i.SystemClock_Config) for SystemClock_Config
    main.o(i.main) refers to gpio.o(i.MX_GPIO_Init) for MX_GPIO_Init
    main.o(i.main) refers to dma.o(i.MX_DMA_Init) for MX_DMA_Init
    main.o(i.main) refers to usart.o(i.MX_USART1_UART_Init) for MX_USART1_UART_Init
    main.o(i.main) refers to osal_timer.o(i.osal_init) for osal_init
    main.o(i.main) refers to main.o(i.osal_example_usart_demo_init) for osal_example_usart_demo_init
    main.o(i.main) refers to osal_task.o(i.osal_task_create) for osal_task_create
    main.o(i.main) refers to osal_task.o(i.osal_task_start) for osal_task_start
    main.o(i.main) refers to osal_queue.o(i.osal_queue_create) for osal_queue_create
    main.o(i.main) refers to osal_timer.o(i.osal_timer_create) for osal_timer_create
    main.o(i.main) refers to osal_timer.o(i.osal_timer_start) for osal_timer_start
    main.o(i.main) refers to main.o(i.osal_example_event_demo_init) for osal_example_event_demo_init
    main.o(i.main) refers to osal_task.o(i.osal_run) for osal_run
    main.o(i.main) refers to printfb.o(i.__0printf$bare) for __2printf
    main.o(i.main) refers to main.o(.data) for .data
    main.o(i.main) refers to main.o(i.led_task) for led_task
    main.o(i.main) refers to main.o(i.queue_producer_task) for queue_producer_task
    main.o(i.main) refers to main.o(i.queue_consumer_task) for queue_consumer_task
    main.o(i.main) refers to main.o(i.oneshot_timer_callback) for oneshot_timer_callback
    main.o(i.main) refers to main.o(i.periodic_timer_callback) for periodic_timer_callback
    main.o(i.main) refers to main.o(i.SEGGER_RTT_Test) for SEGGER_RTT_Test
    main.o(i.oneshot_timer_callback) refers to osal_timer.o(i.osal_timer_get_tick) for osal_timer_get_tick
    main.o(i.oneshot_timer_callback) refers to segger_rtt_printf.o(i.SEGGER_RTT_printf) for SEGGER_RTT_printf
    main.o(i.osal_example_event_demo_init) refers to osal_event.o(i.osal_event_create) for osal_event_create
[...]
    _DoInit                                  0x080021f9   Thumb Code    80  segger_rtt.o(i._DoInit)
    i._GetAvailWriteSpace                    0x0800225c   Section        0  segger_rtt.o(i._GetAvailWriteSpace)
    _GetAvailWriteSpace                      0x0800225d   Thumb Code    22  segger_rtt.o(i._GetAvailWriteSpace)
    i._PrintInt                              0x08002274   Section        0  segger_rtt_printf.o(i._PrintInt)
    _PrintInt                                0x08002275   Thumb Code   198  segger_rtt_printf.o(i._PrintInt)
    i._PrintUnsigned                         0x0800233c   Section        0  segger_rtt_printf.o(i._PrintUnsigned)
    _PrintUnsigned                           0x0800233d   Thumb Code   206  segger_rtt_printf.o(i._PrintUnsigned)
    i._StoreChar                             0x08002410   Section        0  segger_rtt_printf.o(i._StoreChar)
    _StoreChar                               0x08002411   Thumb Code    62  segger_rtt_printf.o(i._StoreChar)
    i._WriteBlocking                         0x0800244e   Section        0  segger_rtt.o(i._WriteBlocking)
    _WriteBlocking                           0x0800244f   Thumb Code    90  segger_rtt.o(i._WriteBlocking)
    i._WriteNoCheck                          0x080024a8   Section        0  segger_rtt.o(i._WriteNoCheck)
    _WriteNoCheck                            0x080024a9   Thumb Code    66  segger_rtt.o(i._WriteNoCheck)
    i.__0printf$bare                         0x080024ec   Section        0  printfb.o(i.__0printf$bare)
    i.__NVIC_SetPriority                     0x080024fc   Section        0  stm32f4xx_hal_cortex.o(i.__NVIC_SetPriority)
    __NVIC_SetPriority                       0x080024fd   Thumb Code    32  stm32f4xx_hal_cortex.o(i.__NVIC_SetPriority)
    i.__scatterload_copy                     0x0800251c   Section       14  handlers.o(i.__scatterload_copy)
    i.__scatterload_null                     0x0800252a   Section        2  handlers.o(i.__scatterload_null)
    i.__scatterload_zeroinit                 0x0800252c   Section       14  handlers.o(i.__scatterload_zeroinit)
    i._printf_core                           0x0800253a   Section        0  printfb.o(i._printf_core)
    _printf_core                             0x0800253b   Thumb Code    34  printfb.o(i._printf_core)
    i.fputc                                  0x0800255c   Section        0  main.o(i.fputc)
    i.led_task                               0x08002560   Section        0  main.o(i.led_task)
    led_task                                 0x08002561   Thumb Code    28  main.o(i.led_task)
    i.main                                   0x0800257c   Section        0  main.o(i.main)
    i.oneshot_timer_callback                 0x0800268c   Section        0  main.o(i.oneshot_timer_callback)
    oneshot_timer_callback                   0x0800268d   Thumb Code    26  main.o(i.oneshot_timer_callback)
    i.osal_event_cancel_wait_internal        0x080026dc   Section        0  osal_event.o(i.osal_event_cancel_wait_internal)
    i.osal_event_create                      0x08002728   Section        0  osal_event.o(i.osal_event_create)
    i.osal_event_prepare_wait_locked         0x08002758   Section        0  osal_event.o(i.osal_event_prepare_wait_locked)
    osal_event_prepare_wait_locked           0x08002759   Thumb Code   124  osal_event.o(i.osal_event_prepare_wait_locked)
    i.osal_event_set                         0x080027d4   Section        0  osal_event.o(i.osal_event_set)
    i.osal_event_validate_handle             0x08002822   Section        0  osal_event.o(i.osal_event_validate_handle)
    osal_event_validate_handle               0x08002823   Thumb Code     8  osal_event.o(i.osal_event_validate_handle)
    i.osal_event_wait                        0x0800282a   Section        0  osal_event.o(i.osal_event_wait)
    i.osal_event_wait_list_pop_best          0x0800289a   Section        0  osal_event.o(i.osal_event_wait_list_pop_best)
    osal_event_wait_list_pop_best            0x0800289b   Thumb Code   110  osal_event.o(i.osal_event_wait_list_pop_best)
    i.osal_event_wake_all_waiters_locked     0x08002908   Section        0  osal_event.o(i.osal_event_wake_all_waiters_locked)
    osal_event_wake_all_waiters_locked       0x08002909   Thumb Code    34  osal_event.o(i.osal_event_wake_all_waiters_locked)
    i.osal_example_event_demo_init           0x0800292c   Section        0  main.o(i.osal_example_event_demo_init)
    i.osal_example_event_set_task            0x08002978   Section        0  main.o(i.osal_example_event_set_task)
    osal_example_event_set_task              0x08002979   Thumb Code    30  main.o(i.osal_example_event_set_task)
    i.osal_example_event_wait_task           0x0800299c   Section        0  main.o(i.osal_example_event_wait_task)
    osal_example_event_wait_task             0x0800299d   Thumb Code    54  main.o(i.osal_example_event_wait_task)
    i.osal_example_usart_demo_init           0x08002a00   Section        0  main.o(i.osal_example_usart_demo_init)
    i.osal_heap_set_block                    0x08002a9c   Section        0  osal_mem.o(i.osal_heap_set_block)
    osal_heap_set_block                      0x08002a9d   Thumb Code    16  osal_mem.o(i.osal_heap_set_block)
    i.osal_init                              0x08002aac   Section        0  osal_timer.o(i.osal_init)
    i.osal_irq_disable                       0x08002ac2   Section        0  osal_irq.o(i.osal_irq_disable)
    i.osal_irq_is_in_isr                     0x08002aca   Section        0  osal_irq.o(i.osal_irq_is_in_isr)
    i.osal_irq_restore                       0x08002ad6   Section        0  osal_irq.o(i.osal_irq_restore)
    i.osal_mem_align_up                      0x08002ade   Section        0  osal_mem.o(i.osal_mem_align_up)
    osal_mem_align_up                        0x08002adf   Thumb Code     8  osal_mem.o(i.osal_mem_align_up)
    i.osal_mem_alloc                         0x08002ae8   Section        0  osal_mem.o(i.osal_mem_alloc)
    i.osal_mem_ensure_init                   0x08002b84   Section        0  osal_mem.o(i.osal_mem_ensure_init)
    osal_mem_ensure_init                     0x08002b85   Thumb Code    18  osal_mem.o(i.osal_mem_ensure_init)
    i.osal_mem_free                          0x08002b9c   Section        0  osal_mem.o(i.osal_mem_free)
    i.osal_mem_init                          0x08002bfc   Section        0  osal_mem.o(i.osal_mem_init)
    i.osal_mem_insert_free_block             0x08002c3c   Section        0  osal_mem.o(i.osal_mem_insert_free_block)
    osal_mem_insert_free_block               0x08002c3d   Thumb Code   108  osal_mem.o(i.osal_mem_insert_free_block)
    i.osal_mem_pointer_in_heap               0x08002cac   Section        0  osal_mem.o(i.osal_mem_pointer_in_heap)
    osal_mem_pointer_in_heap                 0x08002cad   Thumb Code    38  osal_mem.o(i.osal_mem_pointer_in_heap)
    i.osal_mutex_cancel_wait_internal        0x08002cd8   Section        0  osal_mutex.o(i.osal_mutex_cancel_wait_internal)
    i.osal_platform_flash_erase              0x08002d22   Section        0  osal_platform_stm32f4.o(i.osal_platform_flash_erase)
    osal_platform_flash_erase                0x08002d23   Thumb Code    78  osal_platform_stm32f4.o(i.osal_platform_flash_erase)
    i.osal_platform_flash_lock               0x08002d70   Section        0  osal_platform_stm32f4.o(i.osal_platform_flash_lock)
    osal_platform_flash_lock                 0x08002d71   Thumb Code    14  osal_platform_stm32f4.o(i.osal_platform_flash_lock)
    i.osal_platform_flash_read               0x08002d7e   Section        0  osal_platform_stm32f4.o(i.osal_platform_flash_read)
    osal_platform_flash_read                 0x08002d7f   Thumb Code    20  osal_platform_stm32f4.o(i.osal_platform_flash_read)
    i.osal_platform_flash_sector_from_address 0x08002d94   Section        0  osal_platform_stm32f4.o(i.osal_platform_flash_sector_from_address)
    osal_platform_flash_sector_from_address  0x08002d95   Thumb Code   134  osal_platform_stm32f4.o(i.osal_platform_flash_sector_from_address)
    i.osal_platform_flash_unlock             0x08002e48   Section        0  osal_platform_stm32f4.o(i.osal_platform_flash_unlock)
    osal_platform_flash_unlock               0x08002e49   Thumb Code    14  osal_platform_stm32f4.o(i.osal_platform_flash_unlock)
    i.osal_platform_flash_write_u16          0x08002e56   Section        0  osal_platform_stm32f4.o(i.osal_platform_flash_write_u16)
    osal_platform_flash_write_u16            0x08002e57   Thumb Code    18  osal_platform_stm32f4.o(i.osal_platform_flash_write_u16)
    i.osal_platform_flash_write_u32          0x08002e68   Section        0  osal_platform_stm32f4.o(i.osal_platform_flash_write_u32)
    osal_platform_flash_write_u32            0x08002e69   Thumb Code    18  osal_platform_stm32f4.o(i.osal_platform_flash_write_u32)
    i.osal_platform_flash_write_u64          0x08002e7a   Section        0  osal_platform_stm32f4.o(i.osal_platform_flash_write_u64)
    osal_platform_flash_write_u64            0x08002e7b   Thumb Code    16  osal_platform_stm32f4.o(i.osal_platform_flash_write_u64)
    i.osal_platform_flash_write_u8           0x08002e8a   Section        0  osal_platform_stm32f4.o(i.osal_platform_flash_write_u8)
    osal_platform_flash_write_u8             0x08002e8b   Thumb Code    18  osal_platform_stm32f4.o(i.osal_platform_flash_write_u8)
    i.osal_platform_get_tick_source          0x08002e9c   Section        0  osal_platform.o(i.osal_platform_get_tick_source)
    i.osal_platform_init                     0x08002ea4   Section        0  osal_platform_stm32f4.o(i.osal_platform_init)
    i.osal_platform_led1_toggle              0x08002ea8   Section        0  osal_platform_stm32f4.o(i.osal_platform_led1_toggle)
    i.osal_platform_led2_toggle              0x08002eb4   Section        0  osal_platform_stm32f4.o(i.osal_platform_led2_toggle)
    i.osal_platform_setup_interrupt_controller 0x08002ec0   Section        0  osal_platform.o(i.osal_platform_setup_interrupt_controller)
    i.osal_platform_setup_system_tick        0x08002ef0   Section        0  osal_platform.o(i.osal_platform_setup_system_tick)
    i.osal_platform_tick_source_get_clock_hz 0x08002f08   Section        0  osal_platform.o(i.osal_platform_tick_source_get_clock_hz)
    osal_platform_tick_source_get_clock_hz   0x08002f09   Thumb Code     4  osal_platform.o(i.osal_platform_tick_source_get_clock_hz)
    i.osal_platform_tick_source_get_current_value 0x08002f10   Section        0  osal_platform.o(i.osal_platform_tick_source_get_current_value)
    osal_platform_tick_source_get_current_value 0x08002f11   Thumb Code     8  osal_platform.o(i.osal_platform_tick_source_get_current_value)
    i.osal_platform_tick_source_get_reload_value 0x08002f18   Section        0  osal_platform.o(i.osal_platform_tick_source_get_reload_value)
    osal_platform_tick_source_get_reload_value 0x08002f19   Thumb Code     8  osal_platform.o(i.osal_platform_tick_source_get_reload_value)
    i.osal_platform_tick_source_has_elapsed  0x08002f20   Section        0  osal_platform.o(i.osal_platform_tick_source_has_elapsed)
    osal_platform_tick_source_has_elapsed    0x08002f21   Thumb Code    12  osal_platform.o(i.osal_platform_tick_source_has_elapsed)
    i.osal_platform_tick_source_is_enabled   0x08002f2c   Section        0  osal_platform.o(i.osal_platform_tick_source_is_enabled)
    osal_platform_tick_source_is_enabled     0x08002f2d   Thumb Code    12  osal_platform.o(i.osal_platform_tick_source_is_enabled)
    i.osal_platform_uart_create              0x08002f38   Section        0  osal_platform_stm32f4.o(i.osal_platform_uart_create)
    i.osal_platform_uart_write_byte          0x08002f5c   Section        0  osal_platform_stm32f4.o(i.osal_platform_uart_write_byte)
    osal_platform_uart_write_byte            0x08002f5d   Thumb Code    28  osal_platform_stm32f4.o(i.osal_platform_uart_write_byte)
    i.osal_queue_cancel_wait_internal        0x08002f78   Section        0  osal_queue.o(i.osal_queue_cancel_wait_internal)
    i.osal_queue_consume_wait_result         0x08002fca   Section        0  osal_queue.o(i.osal_queue_consume_wait_result)
    osal_queue_consume_wait_result           0x08002fcb   Thumb Code    10  osal_queue.o(i.osal_queue_consume_wait_result)
    i.osal_queue_create                      0x08002fd4   Section        0  osal_queue.o(i.osal_queue_create)
    i.osal_queue_create_internal             0x08003008   Section        0  osal_queue.o(i.osal_queue_create_internal)
    osal_queue_create_internal               0x08003009   Thumb Code    66  osal_queue.o(i.osal_queue_create_internal)
    i.osal_queue_prepare_wait_locked         0x08003050   Section        0  osal_queue.o(i.osal_queue_prepare_wait_locked)
    osal_queue_prepare_wait_locked           0x08003051   Thumb Code   138  osal_queue.o(i.osal_queue_prepare_wait_locked)
    i.osal_queue_recv_locked                 0x080030da   Section        0  osal_queue.o(i.osal_queue_recv_locked)
    osal_queue_recv_locked                   0x080030db   Thumb Code    64  osal_queue.o(i.osal_queue_recv_locked)
    i.osal_queue_recv_timeout                0x0800311a   Section        0  osal_queue.o(i.osal_queue_recv_timeout)
    i.osal_queue_send_locked                 0x0800318e   Section        0  osal_queue.o(i.osal_queue_send_locked)
    osal_queue_send_locked                   0x0800318f   Thumb Code    66  osal_queue.o(i.osal_queue_send_locked)
    i.osal_queue_send_timeout                0x080031d0   Section        0  osal_queue.o(i.osal_queue_send_timeout)
    i.osal_queue_storage_size                0x08003244   Section        0  osal_queue.o(i.osal_queue_storage_size)
    osal_queue_storage_size                  0x08003245   Thumb Code    32  osal_queue.o(i.osal_queue_storage_size)
    i.osal_queue_validate_handle             0x08003264   Section        0  osal_queue.o(i.osal_queue_validate_handle)
    osal_queue_validate_handle               0x08003265   Thumb Code     8  osal_queue.o(i.osal_queue_validate_handle)
    i.osal_queue_wait_list                   0x0800326c   Section        0  osal_queue.o(i.osal_queue_wait_list)
    osal_queue_wait_list                     0x0800326d   Thumb Code    28  osal_queue.o(i.osal_queue_wait_list)
    i.osal_queue_wait_list_pop_best          0x08003288   Section        0  osal_queue.o(i.osal_queue_wait_list_pop_best)
    osal_queue_wait_list_pop_best            0x08003289   Thumb Code   110  osal_queue.o(i.osal_queue_wait_list_pop_best)
    i.osal_queue_wake_one_waiter_locked      0x080032f6   Section        0  osal_queue.o(i.osal_queue_wake_one_waiter_locked)
    osal_queue_wake_one_waiter_locked        0x080032f7   Thumb Code    30  osal_queue.o(i.osal_queue_wake_one_waiter_locked)
    i.osal_run                               0x08003314   Section        0  osal_task.o(i.osal_run)
    i.osal_run_internal                      0x08003340   Section        0  osal_task.o(i.osal_run_internal)
    osal_run_internal                        0x08003341   Thumb Code    86  osal_task.o(i.osal_run_internal)
    i.osal_run_priority_list                 0x080033a0   Section        0  osal_task.o(i.osal_run_priority_list)
    osal_run_priority_list                   0x080033a1   Thumb Code    86  osal_task.o(i.osal_run_priority_list)
    i.osal_task_block_current_internal       0x080033fc   Section        0  osal_task.o(i.osal_task_block_current_internal)
    i.osal_task_check_wait_timeout           0x0800345c   Section        0  osal_task.o(i.osal_task_check_wait_timeout)
    osal_task_check_wait_timeout             0x0800345d   Thumb Code   104  osal_task.o(i.osal_task_check_wait_timeout)
    i.osal_task_clear_resume_state           0x080034c4   Section        0  osal_task.o(i.osal_task_clear_resume_state)
    osal_task_clear_resume_state             0x080034c5   Thumb Code    18  osal_task.o(i.osal_task_clear_resume_state)
    i.osal_task_clear_wait_state             0x080034d6   Section        0  osal_task.o(i.osal_task_clear_wait_state)
    osal_task_clear_wait_state               0x080034d7   Thumb Code    26  osal_task.o(i.osal_task_clear_wait_state)
    i.osal_task_consume_wait_result_internal 0x080034f0   Section        0  osal_task.o(i.osal_task_consume_wait_result_internal)
    i.osal_task_contains                     0x08003548   Section        0  osal_task.o(i.osal_task_contains)
    osal_task_contains                       0x08003549   Thumb Code    38  osal_task.o(i.osal_task_contains)
    i.osal_task_contains_internal            0x08003574   Section        0  osal_task.o(i.osal_task_contains_internal)
    i.osal_task_create                       0x08003578   Section        0  osal_task.o(i.osal_task_create)
    i.osal_task_detach_wait_object           0x080035e8   Section        0  osal_task.o(i.osal_task_detach_wait_object)
    osal_task_detach_wait_object             0x080035e9   Thumb Code    76  osal_task.o(i.osal_task_detach_wait_object)
    i.osal_task_get_current_internal         0x08003634   Section        0  osal_task.o(i.osal_task_get_current_internal)
    i.osal_task_get_priority_internal        0x08003640   Section        0  osal_task.o(i.osal_task_get_priority_internal)
    i.osal_task_get_wait_next_internal       0x0800364a   Section        0  osal_task.o(i.osal_task_get_wait_next_internal)
    i.osal_task_is_waiting_internal          0x08003652   Section        0  osal_task.o(i.osal_task_is_waiting_internal)
    i.osal_task_make_ready                   0x08003672   Section        0  osal_task.o(i.osal_task_make_ready)
    osal_task_make_ready                     0x08003673   Thumb Code    42  osal_task.o(i.osal_task_make_ready)
    i.osal_task_set_wait_next_internal       0x0800369c   Section        0  osal_task.o(i.osal_task_set_wait_next_internal)
    i.osal_task_sleep                        0x080036a4   Section        0  osal_task.o(i.osal_task_sleep)
    i.osal_task_sleep_until                  0x080036f8   Section        0  osal_task.o(i.osal_task_sleep_until)
    i.osal_task_start                        0x0800376c   Section        0  osal_task.o(i.osal_task_start)
    i.osal_task_wake_internal                0x0800379c   Section        0  osal_task.o(i.osal_task_wake_internal)
    i.osal_tick_handler                      0x080037bc   Section        0  osal_timer.o(i.osal_tick_handler)
    i.osal_timer_create                      0x08003800   Section        0  osal_timer.o(i.osal_timer_create)
    i.osal_timer_get_subtick_us_locked       0x0800386c   Section        0  osal_timer.o(i.osal_timer_get_subtick_us_locked)
    osal_timer_get_subtick_us_locked         0x0800386d   Thumb Code   104  osal_timer.o(i.osal_timer_get_subtick_us_locked)
    i.osal_timer_get_tick                    0x080038dc   Section        0  osal_timer.o(i.osal_timer_get_tick)
    i.osal_timer_get_uptime_ms               0x080038e0   Section        0  osal_timer.o(i.osal_timer_get_uptime_ms)
    i.osal_timer_get_uptime_us64             0x080038f8   Section        0  osal_timer.o(i.osal_timer_get_uptime_us64)
    osal_timer_get_uptime_us64               0x080038f9   Thumb Code    38  osal_timer.o(i.osal_timer_get_uptime_us64)
    i.osal_timer_is_valid_id                 0x08003924   Section        0  osal_timer.o(i.osal_timer_is_valid_id)
    osal_timer_is_valid_id                   0x08003925   Thumb Code    12  osal_timer.o(i.osal_timer_is_valid_id)
    i.osal_timer_poll                        0x08003930   Section        0  osal_timer.o(i.osal_timer_poll)
    i.osal_timer_refresh_next_expiry         0x080039cc   Section        0  osal_timer.o(i.osal_timer_refresh_next_expiry)
    osal_timer_refresh_next_expiry           0x080039cd   Thumb Code    56  osal_timer.o(i.osal_timer_refresh_next_expiry)
    i.osal_timer_start                       0x08003a0c   Section        0  osal_timer.o(i.osal_timer_start)
    i.osal_timer_sync_tick_source            0x08003a64   Section        0  osal_timer.o(i.osal_timer_sync_tick_source)
    osal_timer_sync_tick_source              0x08003a65   Thumb Code   164  osal_timer.o(i.osal_timer_sync_tick_source)
    i.periodic_timer_callback                0x08003b10   Section        0  main.o(i.periodic_timer_callback)
    periodic_timer_callback                  0x08003b11   Thumb Code    26  main.o(i.periodic_timer_callback)
    i.periph_uart_bind_console               0x08003b60   Section        0  periph_uart.o(i.periph_uart_bind_console)
    i.periph_uart_create                     0x08003b8c   Section        0  periph_uart.o(i.periph_uart_create)
    i.periph_uart_fputc                      0x08003bc0   Section        0  periph_uart.o(i.periph_uart_fputc)
    i.periph_uart_validate_handle            0x08003be4   Section        0  periph_uart.o(i.periph_uart_validate_handle)
    periph_uart_validate_handle              0x08003be5   Thumb Code     8  periph_uart.o(i.periph_uart_validate_handle)
    i.periph_uart_write                      0x08003bec   Section        0  periph_uart.o(i.periph_uart_write)
    i.periph_uart_write_byte                 0x08003c20   Section        0  periph_uart.o(i.periph_uart_write_byte)
    i.periph_uart_write_string               0x08003c42   Section        0  periph_uart.o(i.periph_uart_write_string)
    i.queue_consumer_task                    0x08003c6c   Section        0  main.o(i.queue_consumer_task)
    queue_consumer_task                      0x08003c6d   Thumb Code    22  main.o(i.queue_consumer_task)
    i.queue_producer_task                    0x08003c88   Section        0  main.o(i.queue_producer_task)
    queue_producer_task                      0x08003c89   Thumb Code    64  main.o(i.queue_producer_task)
    .constdata                               0x08003ccc   Section        5  main.o(.constdata)
    raw_bytes                                0x08003ccc   Data           5  main.o(.constdata)
    .constdata                               0x08003cd1   Section        8  stm32f4xx_hal_dma.o(.constdata)
    flagBitshiftOffset                       0x08003cd1   Data           8  stm32f4xx_hal_dma.o(.constdata)
    .constdata                               0x08003cd9   Section       16  system_stm32f4xx.o(.constdata)
    .constdata                               0x08003ce9   Section        8  system_stm32f4xx.o(.constdata)
    .constdata                               0x08003cf4   Section       20  osal_platform.o(.constdata)
    s_tick_source                            0x08003cf4   Data          20  osal_platform.o(.constdata)
    .constdata                               0x08003d08   Section       33  segger_rtt.o(.constdata)
    _aTerminalId                             0x08003d08   Data          16  segger_rtt.o(.constdata)
    _aInitStr                                0x08003d18   Data          17  segger_rtt.o(.constdata)
    .constdata                               0x08003d29   Section       16  segger_rtt_printf.o(.constdata)
    _aV2C                                    0x08003d29   Data          16  segger_rtt_printf.o(.constdata)
    .constdata                               0x08003d3c   Section       36  osal_platform_stm32f4.o(.constdata)
    s_uart_bridge                            0x08003d3c   Data           4  osal_platform_stm32f4.o(.constdata)
    s_flash_bridge                           0x08003d40   Data          32  osal_platform_stm32f4.o(.constdata)
    .data                                    0x20000000   Section       36  main.o(.data)
    s_rtt_initialized                        0x20000000   Data           1  main.o(.data)
    g_queue_sequence                         0x20000004   Data           4  main.o(.data)
    g_demo_queue                             0x20000008   Data           4  main.o(.data)
    s_example_uart                           0x2000000c   Data           4  main.o(.data)
    s_example_event                          0x20000010   Data           4  main.o(.data)
    g_led1_ctx                               0x20000014   Data           8  main.o(.data)
    g_led2_ctx                               0x2000001c   Data           8  main.o(.data)
    .data                                    0x20000024   Section       32  stm32f4xx_hal_flash.o(.data)
    .data                                    0x20000044   Section       12  stm32f4xx_hal.o(.data)
    .data                                    0x20000050   Section        4  system_stm32f4xx.o(.data)
    .data                                    0x20000054   Section        4  osal_event.o(.data)
    s_event_list                             0x20000054   Data           4  osal_event.o(.data)
    .data                                    0x20000058   Section       20  osal_mem.o(.data)
    s_heap_ready                             0x20000058   Data           1  osal_mem.o(.data)
    s_heap_buffer                            0x2000005c   Data           4  osal_mem.o(.data)
    s_heap_size                              0x20000060   Data           4  osal_mem.o(.data)
    s_free_list                              0x20000064   Data           4  osal_mem.o(.data)
    s_mempool_list                           0x20000068   Data           4  osal_mem.o(.data)
    .data                                    0x2000006c   Section        4  osal_queue.o(.data)
    s_queue_list                             0x2000006c   Data           4  osal_queue.o(.data)
    .data                                    0x20000070   Section       12  osal_task.o(.data)
    s_scheduler_depth                        0x20000070   Data           1  osal_task.o(.data)
    s_current_task                           0x20000074   Data           4  osal_task.o(.data)
    s_low_scan_count                         0x20000078   Data           4  osal_task.o(.data)
    .data                                    0x20000080   Section       56  osal_timer.o(.data)
    s_next_expiry_valid                      0x20000080   Data           1  osal_timer.o(.data)
    s_tick_source_ready                      0x20000081   Data           1  osal_timer.o(.data)
    s_tick_missing_reported                  0x20000082   Data           1  osal_timer.o(.data)
    s_tick_invalid_reported                  0x20000083   Data           1  osal_timer.o(.data)
    s_uptime_us32                            0x20000084   Data           4  osal_timer.o(.data)
    s_uptime_ms32                            0x20000088   Data           4  osal_timer.o(.data)
    s_ms_remainder_us                        0x2000008c   Data           4  osal_timer.o(.data)
    s_tick_source                            0x20000090   Data           4  osal_timer.o(.data)
    s_tick_counter_hz                        0x20000094   Data           4  osal_timer.o(.data)
    s_tick_reload_value                      0x20000098   Data           4  osal_timer.o(.data)
    s_tick_period_ticks                      0x2000009c   Data           4  osal_timer.o(.data)
    s_tick_period_us                         0x200000a0   Data           4  osal_timer.o(.data)
    s_uptime_us64                            0x200000a8   Data           8  osal_timer.o(.data)
    s_next_expiry_us                         0x200000b0   Data           8  osal_timer.o(.data)
    .data                                    0x200000b8   Section        8  periph_uart.o(.data)
    s_uart_list                              0x200000b8   Data           4  periph_uart.o(.data)
    s_console_uart                           0x200000bc   Data           4  periph_uart.o(.data)
    .data                                    0x200000c0   Section        8  osal_platform_stm32f4.o(.data)
    s_uart_component                         0x200000c0   Data           4  osal_platform_stm32f4.o(.data)
    s_flash_component                        0x200000c4   Data           4  osal_platform_stm32f4.o(.data)
    .data                                    0x200000c8   Section        4  stdout.o(.data)
    .bss                                     0x200000cc   Section      264  usart.o(.bss)
    .bss                                     0x200001d4   Section       72  stm32f4xx_hal_timebase_tim.o(.bss)
    .bss                                     0x2000021c   Section     4096  osal_mem.o(.bss)
    s_default_heap                           0x2000021c   Data        4096  osal_mem.o(.bss)
    .bss                                     0x2000121c   Section       12  osal_task.o(.bss)
    s_task_lists                             0x2000121c   Data          12  osal_task.o(.bss)
    .bss                                     0x20001228   Section       64  osal_timer.o(.bss)
    s_timers                                 0x20001228   Data          64  osal_timer.o(.bss)
    .bss                                     0x20001268   Section     1208  segger_rtt.o(.bss)
    _acUpBuffer                              0x20001310   Data        1024  segger_rtt.o(.bss)
    _acDownBuffer                            0x20001710   Data          16  segger_rtt.o(.bss)
    STACK                                    0x20001720   Section     1024  startup_stm32f407xx.o(STACK)

    Global Symbols

    Symbol Name                              Value     Ov Type        Size  Object(Section)

    BuildAttributes$$THM_ISAv4$E$P$D$K$B$S$7EM$VFPi3$EXTD16$VFPS$VFMA$PE$A:L22UL41UL21$X:L11$S22US41US21$IEEE1$IW$USESV6$~STKCKD$USESV7$~SHL$OSPACE$ROPI$EBA8$MICROLIB$REQ8$PRES8$EABIv2 0x00000000   Number         0  anon$$obj.o ABSOLUTE
    __ARM_use_no_argv                        0x00000000   Number         0  main.o ABSOLUTE
    __arm_fini_                               - Undefined Weak Reference
    __cpp_initialize__aeabi_                  - Undefined Weak Reference
    __cxa_finalize                            - Undefined Weak Reference
    __decompress                              - Undefined Weak Reference
    _clock_init                               - Undefined Weak Reference
    _microlib_exit                            - Undefined Weak Reference
    __Vectors_Size                           0x00000188   Number         0  startup_stm32f407xx.o ABSOLUTE
    __Vectors                                0x08000000   Data           4  startup_stm32f407xx.o(RESET)
    __Vectors_End                            0x08000188   Data           0  startup_stm32f407xx.o(RESET)
    __main                                   0x08000189   Thumb Code     0  entry.o(.ARM.Collect$$$$00000000)
    _main_stk                                0x08000189   Thumb Code     0  entry2.o(.ARM.Collect$$$$00000001)
    _main_scatterload                        0x0800018d   Thumb Code     0  entry5.o(.ARM.Collect$$$$00000004)
    __main_after_scatterload                 0x08000191   Thumb Code     0  entry5.o(.ARM.Collect$$$$00000004)
    _main_clock                              0x08000191   Thumb Code     0  entry7b.o(.ARM.Collect$$$$00000008)
    _main_cpp_init                           0x08000191   Thumb Code     0  entry8b.o(.ARM.Collect$$$$0000000A)
    _main_init                               0x08000191   Thumb Code     0  entry9a.o(.ARM.Collect$$$$0000000B)
    __rt_lib_shutdown_fini                   0x08000199   Thumb Code     0  entry12b.o(.ARM.Collect$$$$0000000E)
    __rt_final_cpp                           0x0800019d   Thumb Code     0  entry10a.o(.ARM.Collect$$$$0000000F)
    __rt_final_exit                          0x0800019d   Thumb Code     0  entry11a.o(.ARM.Collect$$$$00000011)
    Reset_Handler                            0x080001a1   Thumb Code     8  startup_stm32f407xx.o(.text)
    ADC_IRQHandler                           0x080001bb   Thumb Code     0  startup_stm32f407xx.o(.text)
    CAN1_RX0_IRQHandler                      0x080001bb   Thumb Code     0  startup_stm32f407xx.o(.text)
    CAN1_RX1_IRQHandler                      0x080001bb   Thumb Code     0  startup_stm32f407xx.o(.text)
    CAN1_SCE_IRQHandler                      0x080001bb   Thumb Code     0  startup_stm32f407xx.o(.text)
    CAN1_TX_IRQHandler                       0x080001bb   Thumb Code     0  startup_stm32f407xx.o(.text)
    CAN2_RX0_IRQHandler                      0x080001bb   Thumb Code     0  startup_stm32f407xx.o(.text)
    CAN2_RX1_IRQHandler                      0x080001bb   Thumb Code     0  startup_stm32f407xx.o(.text)
    CAN2_SCE_IRQHandler                      0x080001bb   Thumb Code     0  startup_stm32f407xx.o(.text)
    CAN2_TX_IRQHandler                       0x080001bb   Thumb Code     0  startup_stm32f407xx.o(.text)
    DCMI_IRQHandler                          0x080001bb   Thumb Code     0  startup_stm32f407xx.o(.text)
    DMA1_Stream0_IRQHandler                  0x080001bb   Thumb Code     0  startup_stm32f407xx.o(.text)
    DMA1_Stream1_IRQHandler                  0x080001bb   Thumb Code     0  startup_stm32f407xx.o(.text)
    DMA1_Stream2_IRQHandler                  0x080001bb   Thumb Code     0  startup_stm32f407xx.o(.text)
    DMA1_Stream3_IRQHandler                  0x080001bb   Thumb Code     0  startup_stm32f407xx.o(.text)
    DMA1_Stream4_IRQHandler                  0x080001bb   Thumb Code     0  startup_stm32f407xx.o(.text)
    DMA1_Stream5_IRQHandler                  0x080001bb   Thumb Code     0  startup_stm32f407xx.o(.text)
    DMA1_Stream6_IRQHandler                  0x080001bb   Thumb Code     0  startup_stm32f407xx.o(.text)
    DMA1_Stream7_IRQHandler                  0x080001bb   Thumb Code     0  startup_stm32f407xx.o(.text)
    DMA2_Stream0_IRQHandler                  0x080001bb   Thumb Code     0  startup_stm32f407xx.o(.text)
    DMA2_Stream1_IRQHandler                  0x080001bb   Thumb Code     0  startup_stm32f407xx.o(.text)
    DMA2_Stream3_IRQHandler                  0x080001bb   Thumb Code     0  startup_stm32f407xx.o(.text)
    DMA2_Stream4_IRQHandler                  0x080001bb   Thumb Code     0  startup_stm32f407xx.o(.text)
    DMA2_Stream5_IRQHandler                  0x080001bb   Thumb Code     0  startup_stm32f407xx.o(.text)
    DMA2_Stream6_IRQHandler                  0x080001bb   Thumb Code     0  startup_stm32f407xx.o(.text)
    ETH_IRQHandler                           0x080001bb   Thumb Code     0  startup_stm32f407xx.o(.text)
    ETH_WKUP_IRQHandler                      0x080001bb   Thumb Code     0  startup_stm32f407xx.o(.text)
    EXTI0_IRQHandler                         0x080001bb   Thumb Code     0  startup_stm32f407xx.o(.text)
    EXTI15_10_IRQHandler                     0x080001bb   Thumb Code     0  startup_stm32f407xx.o(.text)
    EXTI1_IRQHandler                         0x080001bb   Thumb Code     0  startup_stm32f407xx.o(.text)
    EXTI2_IRQHandler                         0x080001bb   Thumb Code     0  startup_stm32f407xx.o(.text)
    EXTI3_IRQHandler                         0x080001bb   Thumb Code     0  startup_stm32f407xx.o(.text)
    EXTI4_IRQHandler                         0x080001bb   Thumb Code     0  startup_stm32f407xx.o(.text)
    EXTI9_5_IRQHandler                       0x080001bb   Thumb Code     0  startup_stm32f407xx.o(.text)
    FLASH_IRQHandler                         0x080001bb   Thumb Code     0  startup_stm32f407xx.o(.text)
    FMC_IRQHandler                           0x080001bb   Thumb Code     0  startup_stm32f407xx.o(.text)
    FPU_IRQHandler                           0x080001bb   Thumb Code     0  startup_stm32f407xx.o(.text)
    HASH_RNG_IRQHandler                      0x080001bb   Thumb Code     0  startup_stm32f407xx.o(.text)
    I2C1_ER_IRQHandler                       0x080001bb   Thumb Code     0  startup_stm32f407xx.o(.text)
    I2C1_EV_IRQHandler                       0x080001bb   Thumb Code     0  startup_stm32f407xx.o(.text)
    I2C2_ER_IRQHandler                       0x080001bb   Thumb Code     0  startup_stm32f407xx.o(.text)
    I2C2_EV_IRQHandler                       0x080001bb   Thumb Code     0  startup_stm32f407xx.o(.text)
    I2C3_ER_IRQHandler                       0x080001bb   Thumb Code     0  startup_stm32f407xx.o(.text)
    I2C3_EV_IRQHandler                       0x080001bb   Thumb Code     0  startup_stm32f407xx.o(.text)
    OTG_FS_IRQHandler                        0x080001bb   Thumb Code     0  startup_stm32f407xx.o(.text)
    OTG_FS_WKUP_IRQHandler                   0x080001bb   Thumb Code     0  startup_stm32f407xx.o(.text)
    OTG_HS_EP1_IN_IRQHandler                 0x080001bb   Thumb Code     0  startup_stm32f407xx.o(.text)
    OTG_HS_EP1_OUT_IRQHandler                0x080001bb   Thumb Code     0  startup_stm32f407xx.o(.text)
    OTG_HS_IRQHandler                        0x080001bb   Thumb Code     0  startup_stm32f407xx.o(.text)
    OTG_HS_WKUP_IRQHandler                   0x080001bb   Thumb Code     0  startup_stm32f407xx.o(.text)
    PVD_IRQHandler                           0x080001bb   Thumb Code     0  startup_stm32f407xx.o(.text)
    RCC_IRQHandler                           0x080001bb   Thumb Code     0  startup_stm32f407xx.o(.text)
    RTC_Alarm_IRQHandler                     0x080001bb   Thumb Code     0  startup_stm32f407xx.o(.text)
    RTC_WKUP_IRQHandler                      0x080001bb   Thumb Code     0  startup_stm32f407xx.o(.text)
    SDIO_IRQHandler                          0x080001bb   Thumb Code     0  startup_stm32f407xx.o(.text)
    SPI1_IRQHandler                          0x080001bb   Thumb Code     0  startup_stm32f407xx.o(.text)
    SPI2_IRQHandler                          0x080001bb   Thumb Code     0  startup_stm32f407xx.o(.text)
    SPI3_IRQHandler                          0x080001bb   Thumb Code     0  startup_stm32f407xx.o(.text)
    TAMP_STAMP_IRQHandler                    0x080001bb   Thumb Code     0  startup_stm32f407xx.o(.text)
    TIM1_BRK_TIM9_IRQHandler                 0x080001bb   Thumb Code     0  startup_stm32f407xx.o(.text)
    TIM1_CC_IRQHandler                       0x080001bb   Thumb Code     0  startup_stm32f407xx.o(.text)
    TIM1_TRG_COM_TIM11_IRQHandler            0x080001bb   Thumb Code     0  startup_stm32f407xx.o(.text)
    TIM1_UP_TIM10_IRQHandler                 0x080001bb   Thumb Code     0  startup_stm32f407xx.o(.text)
    TIM2_IRQHandler                          0x080001bb   Thumb Code     0  startup_stm32f407xx.o(.text)
    TIM3_IRQHandler                          0x080001bb   Thumb Code     0  startup_stm32f407xx.o(.text)
    TIM4_IRQHandler                          0x080001bb   Thumb Code     0  startup_stm32f407xx.o(.text)
    TIM5_IRQHandler                          0x080001bb   Thumb Code     0  startup_stm32f407xx.o(.text)
    TIM6_DAC_IRQHandler                      0x080001bb   Thumb Code     0  startup_stm32f407xx.o(.text)
    TIM7_IRQHandler                          0x080001bb   Thumb Code     0  startup_stm32f407xx.o(.text)
    TIM8_CC_IRQHandler                       0x080001bb   Thumb Code     0  startup_stm32f407xx.o(.text)
    TIM8_TRG_COM_TIM14_IRQHandler            0x080001bb   Thumb Code     0  startup_stm32f407xx.o(.text)
    TIM8_UP_TIM13_IRQHandler                 0x080001bb   Thumb Code     0  startup_stm32f407xx.o(.text)
    UART4_IRQHandler                         0x080001bb   Thumb Code     0  startup_stm32f407xx.o(.text)
    UART5_IRQHandler                         0x080001bb   Thumb Code     0  startup_stm32f407xx.o(.text)
    USART2_IRQHandler                        0x080001bb   Thumb Code     0  startup_stm32f407xx.o(.text)
    USART3_IRQHandler                        0x080001bb   Thumb Code     0  startup_stm32f407xx.o(.text)
    USART6_IRQHandler                        0x080001bb   Thumb Code     0  startup_stm32f407xx.o(.text)
    WWDG_IRQHandler                          0x080001bb   Thumb Code     0  startup_stm32f407xx.o(.text)
    __aeabi_uldivmod                         0x080001c5   Thumb Code    98  uldiv.o(.text)
    __aeabi_memcpy                           0x08000227   Thumb Code    36  memcpya.o(.text)
    __aeabi_memcpy4                          0x08000227   Thumb Code     0  memcpya.o(.text)
    __aeabi_memcpy8                          0x08000227   Thumb Code     0  memcpya.o(.text)
    __aeabi_memset                           0x0800024b   Thumb Code    14  memseta.o(.text)
    __aeabi_memset4                          0x0800024b   Thumb Code     0  memseta.o(.text)
    __aeabi_memset8                          0x0800024b   Thumb Code     0  memseta.o(.text)
    __aeabi_memclr                           0x08000259   Thumb Code     4  memseta.o(.text)
    __aeabi_memclr4                          0x08000259   Thumb Code     0  memseta.o(.text)
    __aeabi_memclr8                          0x08000259   Thumb Code     0  memseta.o(.text)
    _memset$wrapper                          0x0800025d   Thumb Code    18  memseta.o(.text)
    __aeabi_llsl                             0x0800026f   Thumb Code    30  llshl.o(.text)
    _ll_shift_l                              0x0800026f   Thumb Code     0  llshl.o(.text)
    __aeabi_llsr                             0x0800028d   Thumb Code    32  llushr.o(.text)
    _ll_ushift_r                             0x0800028d   Thumb Code     0  llushr.o(.text)
    __scatterload                            0x080002ad   Thumb Code    28  init.o(.text)
    __scatterload_rt2                        0x080002ad   Thumb Code     0  init.o(.text)
    BusFault_Handler                         0x080002d1   Thumb Code     2  stm32f4xx_it.o(i.BusFault_Handler)
    DMA2_Stream2_IRQHandler                  0x080002d5   Thumb Code     6  stm32f4xx_it.o(i.DMA2_Stream2_IRQHandler)
    DMA2_Stream7_IRQHandler                  0x080002e1   Thumb Code     6  stm32f4xx_it.o(i.DMA2_Stream7_IRQHandler)
    DebugMon_Handler                         0x08000369   Thumb Code     2  stm32f4xx_it.o(i.DebugMon_Handler)
    Error_Handler                            0x0800036b   Thumb Code     4  main.o(i.Error_Handler)
    FLASH_Erase_Sector                       0x08000371   Thumb Code    74  stm32f4xx_hal_flash_ex.o(i.FLASH_Erase_Sector)
    FLASH_FlushCaches                        0x080003c1   Thumb Code    80  stm32f4xx_hal_flash_ex.o(i.FLASH_FlushCaches)
    FLASH_WaitForLastOperation               0x08000539   Thumb Code    72  stm32f4xx_hal_flash.o(i.FLASH_WaitForLastOperation)
    HAL_DMA_Abort                            0x08000589   Thumb Code   146  stm32f4xx_hal_dma.o(i.HAL_DMA_Abort)
    HAL_DMA_Abort_IT                         0x0800061b   Thumb Code    36  stm32f4xx_hal_dma.o(i.HAL_DMA_Abort_IT)
    HAL_DMA_IRQHandler                       0x08000641   Thumb Code   412  stm32f4xx_hal_dma.o(i.HAL_DMA_IRQHandler)
    HAL_DMA_Init                             0x080007e1   Thumb Code   206  stm32f4xx_hal_dma.o(i.HAL_DMA_Init)
    HAL_FLASHEx_Erase                        0x080008b5   Thumb Code   144  stm32f4xx_hal_flash_ex.o(i.HAL_FLASHEx_Erase)
    HAL_FLASH_Lock                           0x0800094d   Thumb Code    14  stm32f4xx_hal_flash.o(i.HAL_FLASH_Lock)
    HAL_FLASH_Program                        0x08000961   Thumb Code   116  stm32f4xx_hal_flash.o(i.HAL_FLASH_Program)
    HAL_FLASH_Unlock                         0x080009dd   Thumb Code    32  stm32f4xx_hal_flash.o(i.HAL_FLASH_Unlock)
    HAL_GPIO_Init                            0x08000a09   Thumb Code   450  stm32f4xx_hal_gpio.o(i.HAL_GPIO_Init)
    HAL_GPIO_TogglePin                       0x08000bf9   Thumb Code    16  stm32f4xx_hal_gpio.o(i.HAL_GPIO_TogglePin)
    HAL_GPIO_WritePin                        0x08000c09   Thumb Code    10  stm32f4xx_hal_gpio.o(i.HAL_GPIO_WritePin)
    HAL_GetTick                              0x08000c15   Thumb Code     6  stm32f4xx_hal.o(i.HAL_GetTick)
    HAL_IncTick                              0x08000c21   Thumb Code    12  stm32f4xx_hal.o(i.HAL_IncTick)
    HAL_Init                                 0x08000c31   Thumb Code    48  stm32f4xx_hal.o(i.HAL_Init)
    HAL_InitTick                             0x08000c65   Thumb Code   132  stm32f4xx_hal_timebase_tim.o(i.HAL_InitTick)
    HAL_MspInit                              0x08000cfd   Thumb Code    42  stm32f4xx_hal_msp.o(i.HAL_MspInit)
    HAL_NVIC_EnableIRQ                       0x08000d2d   Thumb Code    26  stm32f4xx_hal_cortex.o(i.HAL_NVIC_EnableIRQ)
    HAL_NVIC_SetPriority                     0x08000d49   Thumb Code    60  stm32f4xx_hal_cortex.o(i.HAL_NVIC_SetPriority)
    HAL_NVIC_SetPriorityGrouping             0x08000d89   Thumb Code    26  stm32f4xx_hal_cortex.o(i.HAL_NVIC_SetPriorityGrouping)
    HAL_RCC_ClockConfig                      0x08000dad   Thumb Code   288  stm32f4xx_hal_rcc.o(i.HAL_RCC_ClockConfig)
    HAL_RCC_GetClockConfig                   0x08000ee1   Thumb Code    54  stm32f4xx_hal_rcc.o(i.HAL_RCC_GetClockConfig)
    HAL_RCC_GetPCLK1Freq                     0x08000f21   Thumb Code    20  stm32f4xx_hal_rcc.o(i.HAL_RCC_GetPCLK1Freq)
    HAL_RCC_GetPCLK2Freq                     0x08000f41   Thumb Code    20  stm32f4xx_hal_rcc.o(i.HAL_RCC_GetPCLK2Freq)
    HAL_RCC_GetSysClockFreq                  0x08000f61   Thumb Code    88  stm32f4xx_hal_rcc.o(i.HAL_RCC_GetSysClockFreq)
    HAL_RCC_OscConfig                        0x08000fc5   Thumb Code   856  stm32f4xx_hal_rcc.o(i.HAL_RCC_OscConfig)
    HAL_TIMEx_BreakCallback                  0x08001331   Thumb Code     2  stm32f4xx_hal_tim_ex.o(i.HAL_TIMEx_BreakCallback)
    HAL_TIMEx_CommutCallback                 0x08001333   Thumb Code     2  stm32f4xx_hal_tim_ex.o(i.HAL_TIMEx_CommutCallback)
    HAL_TIM_Base_Init                        0x08001335   Thumb Code    90  stm32f4xx_hal_tim.o(i.HAL_TIM_Base_Init)
    HAL_TIM_Base_MspInit                     0x0800138f   Thumb Code     2  stm32f4xx_hal_tim.o(i.HAL_TIM_Base_MspInit)
    HAL_TIM_Base_Start_IT                    0x08001391   Thumb Code   100  stm32f4xx_hal_tim.o(i.HAL_TIM_Base_Start_IT)
    HAL_TIM_IC_CaptureCallback               0x08001411   Thumb Code     2  stm32f4xx_hal_tim.o(i.HAL_TIM_IC_CaptureCallback)
    HAL_TIM_IRQHandler                       0x08001413   Thumb Code   304  stm32f4xx_hal_tim.o(i.HAL_TIM_IRQHandler)
    HAL_TIM_OC_DelayElapsedCallback          0x08001543   Thumb Code     2  stm32f4xx_hal_tim.o(i.HAL_TIM_OC_DelayElapsedCallback)
    HAL_TIM_PWM_PulseFinishedCallback        0x08001545   Thumb Code     2  stm32f4xx_hal_tim.o(i.HAL_TIM_PWM_PulseFinishedCallback)
    HAL_TIM_PeriodElapsedCallback            0x08001549   Thumb Code    14  main.o(i.HAL_TIM_PeriodElapsedCallback)
    HAL_TIM_TriggerCallback                  0x0800155d   Thumb Code     2  stm32f4xx_hal_tim.o(i.HAL_TIM_TriggerCallback)
    HAL_UARTEx_RxEventCallback               0x0800155f   Thumb Code     2  stm32f4xx_hal_uart.o(i.HAL_UARTEx_RxEventCallback)
    HAL_UART_ErrorCallback                   0x08001561   Thumb Code     2  stm32f4xx_hal_uart.o(i.HAL_UART_ErrorCallback)
    HAL_UART_IRQHandler                      0x08001565   Thumb Code   636  stm32f4xx_hal_uart.o(i.HAL_UART_IRQHandler)
    HAL_UART_Init                            0x080017e5   Thumb Code   100  stm32f4xx_hal_uart.o(i.HAL_UART_Init)
    HAL_UART_MspInit                         0x08001849   Thumb Code   210  usart.o(i.HAL_UART_MspInit)
    HAL_UART_RxCpltCallback                  0x08001931   Thumb Code     2  stm32f4xx_hal_uart.o(i.HAL_UART_RxCpltCallback)
    HAL_UART_Transmit                        0x08001933   Thumb Code   160  stm32f4xx_hal_uart.o(i.HAL_UART_Transmit)
    HAL_UART_TxCpltCallback                  0x080019d3   Thumb Code     2  stm32f4xx_hal_uart.o(i.HAL_UART_TxCpltCallback)
    HardFault_Handler                        0x080019d5   Thumb Code     2  stm32f4xx_it.o(i.HardFault_Handler)
    MX_DMA_Init                              0x080019d9   Thumb Code    56  dma.o(i.MX_DMA_Init)
    MX_GPIO_Init                             0x08001a15   Thumb Code   102  gpio.o(i.MX_GPIO_Init)
    MX_USART1_UART_Init                      0x08001a85   Thumb Code    48  usart.o(i.MX_USART1_UART_Init)
    MemManage_Handler                        0x08001abd   Thumb Code     2  stm32f4xx_it.o(i.MemManage_Handler)
    NMI_Handler                              0x08001abf   Thumb Code     2  stm32f4xx_it.o(i.NMI_Handler)
    PendSV_Handler                           0x08001ac1   Thumb Code     2  stm32f4xx_it.o(i.PendSV_Handler)
    SEGGER_RTT_Init                          0x08001ac3   Thumb Code     4  segger_rtt.o(i.SEGGER_RTT_Init)
    SEGGER_RTT_Test                          0x08001ac9   Thumb Code    52  main.o(i.SEGGER_RTT_Test)
    SEGGER_RTT_Write                         0x08001b3d   Thumb Code    52  segger_rtt.o(i.SEGGER_RTT_Write)
    SEGGER_RTT_WriteNoLock                   0x08001b75   Thumb Code    86  segger_rtt.o(i.SEGGER_RTT_WriteNoLock)
    SEGGER_RTT_printf                        0x08001bd1   Thumb Code    22  segger_rtt_printf.o(i.SEGGER_RTT_printf)
    SEGGER_RTT_vprintf                       0x08001be9   Thumb Code   464  segger_rtt_printf.o(i.SEGGER_RTT_vprintf)
    SVC_Handler                              0x08001dc1   Thumb Code     2  stm32f4xx_it.o(i.SVC_Handler)
    SysTick_Handler                          0x08001dc3   Thumb Code     4  stm32f4xx_it.o(i.SysTick_Handler)
    SystemClock_Config                       0x08001dc9   Thumb Code   140  main.o(i.SystemClock_Config)
    SystemInit                               0x08001e5d   Thumb Code    12  system_stm32f4xx.o(i.SystemInit)
    TIM8_BRK_TIM12_IRQHandler                0x08001e6d   Thumb Code     6  stm32f4xx_it.o(i.TIM8_BRK_TIM12_IRQHandler)
    TIM_Base_SetConfig                       0x08001e79   Thumb Code   164  stm32f4xx_hal_tim.o(i.TIM_Base_SetConfig)
    USART1_IRQHandler                        0x080021e9   Thumb Code     6  stm32f4xx_it.o(i.USART1_IRQHandler)
    UsageFault_Handler                       0x080021f5   Thumb Code     2  stm32f4xx_it.o(i.UsageFault_Handler)
    __0printf$bare                           0x080024ed   Thumb Code     8  printfb.o(i.__0printf$bare)
    __1printf$bare                           0x080024ed   Thumb Code     0  printfb.o(i.__0printf$bare)
    __2printf                                0x080024ed   Thumb Code     0  printfb.o(i.__0printf$bare)
    __scatterload_copy                       0x0800251d   Thumb Code    14  handlers.o(i.__scatterload_copy)
    __scatterload_null                       0x0800252b   Thumb Code     2  handlers.o(i.__scatterload_null)
    __scatterload_zeroinit                   0x0800252d   Thumb Code    14  handlers.o(i.__scatterload_zeroinit)
    fputc                                    0x0800255d   Thumb Code     4  main.o(i.fputc)
    main                                     0x0800257d   Thumb Code   212  main.o(i.main)
    osal_event_cancel_wait_internal          0x080026dd   Thumb Code    74  osal_event.o(i.osal_event_cancel_wait_internal)
    osal_event_create                        0x08002729   Thumb Code    42  osal_event.o(i.osal_event_create)
    osal_event_set                           0x080027d5   Thumb Code    78  osal_event.o(i.osal_event_set)
    osal_event_wait                          0x0800282b   Thumb Code   112  osal_event.o(i.osal_event_wait)
    osal_example_event_demo_init             0x0800292d   Thumb Code    64  main.o(i.osal_example_event_demo_init)
    osal_example_usart_demo_init             0x08002a01   Thumb Code    54  main.o(i.osal_example_usart_demo_init)
    osal_init                                0x08002aad   Thumb Code    22  osal_timer.o(i.osal_init)
    osal_irq_disable                         0x08002ac3   Thumb Code     8  osal_irq.o(i.osal_irq_disable)
    osal_irq_is_in_isr                       0x08002acb   Thumb Code    12  osal_irq.o(i.osal_irq_is_in_isr)
    osal_irq_restore                         0x08002ad7   Thumb Code     8  osal_irq.o(i.osal_irq_restore)
    osal_mem_alloc                           0x08002ae9   Thumb Code   152  osal_mem.o(i.osal_mem_alloc)
    osal_mem_free                            0x08002b9d   Thumb Code    92  osal_mem.o(i.osal_mem_free)
    osal_mem_init                            0x08002bfd   Thumb Code    56  osal_mem.o(i.osal_mem_init)
    osal_mutex_cancel_wait_internal          0x08002cd9   Thumb Code    74  osal_mutex.o(i.osal_mutex_cancel_wait_internal)
    osal_platform_get_tick_source            0x08002e9d   Thumb Code     4  osal_platform.o(i.osal_platform_get_tick_source)
    osal_platform_init                       0x08002ea5   Thumb Code     2  osal_platform_stm32f4.o(i.osal_platform_init)
    osal_platform_led1_toggle                0x08002ea9   Thumb Code     8  osal_platform_stm32f4.o(i.osal_platform_led1_toggle)
    osal_platform_led2_toggle                0x08002eb5   Thumb Code     8  osal_platform_stm32f4.o(i.osal_platform_led2_toggle)
    osal_platform_setup_interrupt_controller 0x08002ec1   Thumb Code    38  osal_platform.o(i.osal_platform_setup_interrupt_controller)
    osal_platform_setup_system_tick          0x08002ef1   Thumb Code    20  osal_platform.o(i.osal_platform_setup_system_tick)
    osal_platform_uart_create                0x08002f39   Thumb Code    22  osal_platform_stm32f4.o(i.osal_platform_uart_create)
    osal_queue_cancel_wait_internal          0x08002f79   Thumb Code    82  osal_queue.o(i.osal_queue_cancel_wait_internal)
    osal_queue_create                        0x08002fd5   Thumb Code    52  osal_queue.o(i.osal_queue_create)
    osal_queue_recv_timeout                  0x0800311b   Thumb Code   116  osal_queue.o(i.osal_queue_recv_timeout)
    osal_queue_send_timeout                  0x080031d1   Thumb Code   116  osal_queue.o(i.osal_queue_send_timeout)
    osal_run                                 0x08003315   Thumb Code    38  osal_task.o(i.osal_run)
    osal_task_block_current_internal         0x080033fd   Thumb Code    92  osal_task.o(i.osal_task_block_current_internal)
    osal_task_consume_wait_result_internal   0x080034f1   Thumb Code    84  osal_task.o(i.osal_task_consume_wait_result_internal)
    osal_task_contains_internal              0x08003575   Thumb Code     4  osal_task.o(i.osal_task_contains_internal)
    osal_task_create                         0x08003579   Thumb Code   106  osal_task.o(i.osal_task_create)
    osal_task_get_current_internal           0x08003635   Thumb Code     6  osal_task.o(i.osal_task_get_current_internal)
    osal_task_get_priority_internal          0x08003641   Thumb Code    10  osal_task.o(i.osal_task_get_priority_internal)
    osal_task_get_wait_next_internal         0x0800364b   Thumb Code     8  osal_task.o(i.osal_task_get_wait_next_internal)
    osal_task_is_waiting_internal            0x08003653   Thumb Code    32  osal_task.o(i.osal_task_is_waiting_internal)
    osal_task_set_wait_next_internal         0x0800369d   Thumb Code     8  osal_task.o(i.osal_task_set_wait_next_internal)
    osal_task_sleep                          0x080036a5   Thumb Code    80  osal_task.o(i.osal_task_sleep)
    osal_task_sleep_until                    0x080036f9   Thumb Code   112  osal_task.o(i.osal_task_sleep_until)
    osal_task_start                          0x0800376d   Thumb Code    48  osal_task.o(i.osal_task_start)
    osal_task_wake_internal                  0x0800379d   Thumb Code    30  osal_task.o(i.osal_task_wake_internal)
    osal_tick_handler                        0x080037bd   Thumb Code    64  osal_timer.o(i.osal_tick_handler)
    osal_timer_create                        0x08003801   Thumb Code   104  osal_timer.o(i.osal_timer_create)
    osal_timer_get_tick                      0x080038dd   Thumb Code     4  osal_timer.o(i.osal_timer_get_tick)
    osal_timer_get_uptime_ms                 0x080038e1   Thumb Code    18  osal_timer.o(i.osal_timer_get_uptime_ms)
    osal_timer_poll                          0x08003931   Thumb Code   146  osal_timer.o(i.osal_timer_poll)
    osal_timer_start                         0x08003a0d   Thumb Code    84  osal_timer.o(i.osal_timer_start)
    periph_uart_bind_console                 0x08003b61   Thumb Code    40  periph_uart.o(i.periph_uart_bind_console)
    periph_uart_create                       0x08003b8d   Thumb Code    46  periph_uart.o(i.periph_uart_create)
    periph_uart_fputc                        0x08003bc1   Thumb Code    30  periph_uart.o(i.periph_uart_fputc)
    periph_uart_write                        0x08003bed   Thumb Code    52  periph_uart.o(i.periph_uart_write)
    periph_uart_write_byte                   0x08003c21   Thumb Code    34  periph_uart.o(i.periph_uart_write_byte)
    periph_uart_write_string                 0x08003c43   Thumb Code    42  periph_uart.o(i.periph_uart_write_string)
    AHBPrescTable                            0x08003cd9   Data          16  system_stm32f4xx.o(.constdata)
    APBPrescTable                            0x08003ce9   Data           8  system_stm32f4xx.o(.constdata)
    Region$$Table$$Base                      0x08003d60   Number         0  anon$$obj.o(Region$$Table)
    Region$$Table$$Limit                     0x08003d80   Number         0  anon$$obj.o(Region$$Table)
    pFlash                                   0x20000024   Data          32  stm32f4xx_hal_flash.o(.data)
    uwTickFreq                               0x20000044   Data           1  stm32f4xx_hal.o(.data)
    uwTickPrio                               0x20000048   Data           4  stm32f4xx_hal.o(.data)
    uwTick                                   0x2000004c   Data           4  stm32f4xx_hal.o(.data)
    SystemCoreClock                          0x20000050   Data           4  system_stm32f4xx.o(.data)
    __stdout                                 0x200000c8   Data           4  stdout.o(.data)
    huart1                                   0x200000cc   Data          72  usart.o(.bss)
    hdma_usart1_rx                           0x20000114   Data          96  usart.o(.bss)
    hdma_usart1_tx                           0x20000174   Data          96  usart.o(.bss)
    htim12                                   0x200001d4   Data          72  stm32f4xx_hal_timebase_tim.o(.bss)
    _SEGGER_RTT                              0x20001268   Data         168  segger_rtt.o(.bss)
    __initial_sp                             0x20001b20   Data           0  startup_stm32f407xx.o(STACK)



==============================================================================

Memory Map of the image

  Image Entry point : 0x08000189

  Load Region LR_IROM1 (Base: 0x08000000, Size: 0x00003e4c, Max: 0x00100000, ABSOLUTE)

    Execution Region ER_IROM1 (Exec base: 0x08000000, Load base: 0x08000000, Size: 0x00003d80, Max: 0x00100000, ABSOLUTE)

    Exec Addr    Load Addr    Size         Type   Attr      Idx    E Section Name        Object

    0x08000000   0x08000000   0x00000188   Data   RO            3    RESET               startup_stm32f407xx.o
    0x08000188   0x08000188   0x00000000   Code   RO         4451  * .ARM.Collect$$$$00000000  mc_w.l(entry.o)
    0x08000188   0x08000188   0x00000004   Code   RO         4724    .ARM.Collect$$$$00000001  mc_w.l(entry2.o)
    0x0800018c   0x0800018c   0x00000004   Code   RO         4727    .ARM.Collect$$$$00000004  mc_w.l(entry5.o)
    0x08000190   0x08000190   0x00000000   Code   RO         4729    .ARM.Collect$$$$00000008  mc_w.l(entry7b.o)
    0x08000190   0x08000190   0x00000000   Code   RO         4731    .ARM.Collect$$$$0000000A  mc_w.l(entry8b.o)
    0x08000190   0x08000190   0x00000008   Code   RO         4732    .ARM.Collect$$$$0000000B  mc_w.l(entry9a.o)
    0x08000198   0x08000198   0x00000004   Code   RO         4739    .ARM.Collect$$$$0000000E  mc_w.l(entry12b.o)
    0x0800019c   0x0800019c   0x00000000   Code   RO         4734    .ARM.Collect$$$$0000000F  mc_w.l(entry10a.o)
    0x0800019c   0x0800019c   0x00000000   Code   RO         4736    .ARM.Collect$$$$00000011  mc_w.l(entry11a.o)
    0x0800019c   0x0800019c   0x00000004   Code   RO         4725    .ARM.Collect$$$$00002712  mc_w.l(entry2.o)
    0x080001a0   0x080001a0   0x00000024   Code   RO            4    .text               startup_stm32f407xx.o
    0x080001c4   0x080001c4   0x00000062   Code   RO         4454    .text               mc_w.l(uldiv.o)
    0x08000226   0x08000226   0x00000024   Code   RO         4456    .text               mc_w.l(memcpya.o)
    0x0800024a   0x0800024a   0x00000024   Code   RO         4458    .text               mc_w.l(memseta.o)
    0x0800026e   0x0800026e   0x0000001e   Code   RO         4743    .text               mc_w.l(llshl.o)
    0x0800028c   0x0800028c   0x00000020   Code   RO         4745    .text               mc_w.l(llushr.o)
    0x080002ac   0x080002ac   0x00000024   Code   RO         4758    .text               mc_w.l(init.o)
    0x080002d0   0x080002d0   0x00000002   Code   RO          376    i.BusFault_Handler  stm32f4xx_it.o
    0x080002d2   0x080002d2   0x00000002   PAD
    0x080002d4   0x080002d4   0x0000000c   Code   RO          377    i.DMA2_Stream2_IRQHandler  stm32f4xx_it.o
    0x080002e0   0x080002e0   0x0000000c   Code   RO          378    i.DMA2_Stream7_IRQHandler  stm32f4xx_it.o
    0x080002ec   0x080002ec   0x00000028   Code   RO         2334    i.DMA_CalcBaseAndBitshift  stm32f4xx_hal_dma.o
    0x08000314   0x08000314   0x00000054   Code   RO         2335    i.DMA_CheckFifoParam  stm32f4xx_hal_dma.o
    0x08000368   0x08000368   0x00000002   Code   RO          379    i.DebugMon_Handler  stm32f4xx_it.o
    0x0800036a   0x0800036a   0x00000004   Code   RO           13    i.Error_Handler     main.o
    0x0800036e   0x0800036e   0x00000002   PAD
    0x08000370   0x08000370   0x00000050   Code   RO         2149    i.FLASH_Erase_Sector  stm32f4xx_hal_flash_ex.o
    0x080003c0   0x080003c0   0x00000054   Code   RO         2150    i.FLASH_FlushCaches  stm32f4xx_hal_flash_ex.o
    0x08000414   0x08000414   0x00000028   Code   RO         2151    i.FLASH_MassErase   stm32f4xx_hal_flash_ex.o
    0x0800043c   0x0800043c   0x00000020   Code   RO         2031    i.FLASH_Program_Byte  stm32f4xx_hal_flash.o
    0x0800045c   0x0800045c   0x0000002c   Code   RO         2032    i.FLASH_Program_DoubleWord  stm32f4xx_hal_flash.o
    0x08000488   0x08000488   0x00000024   Code   RO         2033    i.FLASH_Program_HalfWord  stm32f4xx_hal_flash.o
    0x080004ac   0x080004ac   0x00000024   Code   RO         2034    i.FLASH_Program_Word  stm32f4xx_hal_flash.o
    0x080004d0   0x080004d0   0x00000068   Code   RO         2035    i.FLASH_SetErrorCode  stm32f4xx_hal_flash.o
    0x08000538   0x08000538   0x00000050   Code   RO         2036    i.FLASH_WaitForLastOperation  stm32f4xx_hal_flash.o
    0x08000588   0x08000588   0x00000092   Code   RO         2337    i.HAL_DMA_Abort     stm32f4xx_hal_dma.o
    0x0800061a   0x0800061a   0x00000024   Code   RO         2338    i.HAL_DMA_Abort_IT  stm32f4xx_hal_dma.o
    0x0800063e   0x0800063e   0x00000002   PAD
    0x08000640   0x08000640   0x000001a0   Code   RO         2342    i.HAL_DMA_IRQHandler  stm32f4xx_hal_dma.o
    0x080007e0   0x080007e0   0x000000d4   Code   RO         2343    i.HAL_DMA_Init      stm32f4xx_hal_dma.o
    0x080008b4   0x080008b4   0x00000098   Code   RO         2152    i.HAL_FLASHEx_Erase  stm32f4xx_hal_flash_ex.o
    0x0800094c   0x0800094c   0x00000014   Code   RO         2040    i.HAL_FLASH_Lock    stm32f4xx_hal_flash.o
    0x08000960   0x08000960   0x0000007c   Code   RO         2045    i.HAL_FLASH_Program  stm32f4xx_hal_flash.o
    0x080009dc   0x080009dc   0x0000002c   Code   RO         2047    i.HAL_FLASH_Unlock  stm32f4xx_hal_flash.o
    0x08000a08   0x08000a08   0x000001f0   Code   RO         2230    i.HAL_GPIO_Init     stm32f4xx_hal_gpio.o
    0x08000bf8   0x08000bf8   0x00000010   Code   RO         2233    i.HAL_GPIO_TogglePin  stm32f4xx_hal_gpio.o
    0x08000c08   0x08000c08   0x0000000a   Code   RO         2234    i.HAL_GPIO_WritePin  stm32f4xx_hal_gpio.o
    0x08000c12   0x08000c12   0x00000002   PAD
    0x08000c14   0x08000c14   0x0000000c   Code   RO         2780    i.HAL_GetTick       stm32f4xx_hal.o
    0x08000c20   0x08000c20   0x00000010   Code   RO         2786    i.HAL_IncTick       stm32f4xx_hal.o
    0x08000c30   0x08000c30   0x00000034   Code   RO         2787    i.HAL_Init          stm32f4xx_hal.o
    0x08000c64   0x08000c64   0x00000098   Code   RO          500    i.HAL_InitTick      stm32f4xx_hal_timebase_tim.o
    0x08000cfc   0x08000cfc   0x00000030   Code   RO          476    i.HAL_MspInit       stm32f4xx_hal_msp.o
    0x08000d2c   0x08000d2c   0x0000001a   Code   RO         2622    i.HAL_NVIC_EnableIRQ  stm32f4xx_hal_cortex.o
    0x08000d46   0x08000d46   0x00000002   PAD
    0x08000d48   0x08000d48   0x00000040   Code   RO         2628    i.HAL_NVIC_SetPriority  stm32f4xx_hal_cortex.o
    0x08000d88   0x08000d88   0x00000024   Code   RO         2629    i.HAL_NVIC_SetPriorityGrouping  stm32f4xx_hal_cortex.o
    0x08000dac   0x08000dac   0x00000134   Code   RO         1876    i.HAL_RCC_ClockConfig  stm32f4xx_hal_rcc.o
    0x08000ee0   0x08000ee0   0x00000040   Code   RO         1880    i.HAL_RCC_GetClockConfig  stm32f4xx_hal_rcc.o
    0x08000f20   0x08000f20   0x00000020   Code   RO         1883    i.HAL_RCC_GetPCLK1Freq  stm32f4xx_hal_rcc.o
    0x08000f40   0x08000f40   0x00000020   Code   RO         1884    i.HAL_RCC_GetPCLK2Freq  stm32f4xx_hal_rcc.o
    0x08000f60   0x08000f60   0x00000064   Code   RO         1885    i.HAL_RCC_GetSysClockFreq  stm32f4xx_hal_rcc.o
    0x08000fc4   0x08000fc4   0x0000036c   Code   RO         1888    i.HAL_RCC_OscConfig  stm32f4xx_hal_rcc.o
    0x08001330   0x08001330   0x00000002   Code   RO         1245    i.HAL_TIMEx_BreakCallback  stm32f4xx_hal_tim_ex.o
    0x08001332   0x08001332   0x00000002   Code   RO         1246    i.HAL_TIMEx_CommutCallback  stm32f4xx_hal_tim_ex.o
    0x08001334   0x08001334   0x0000005a   Code   RO          541    i.HAL_TIM_Base_Init  stm32f4xx_hal_tim.o
    0x0800138e   0x0800138e   0x00000002   Code   RO          543    i.HAL_TIM_Base_MspInit  stm32f4xx_hal_tim.o
    0x08001390   0x08001390   0x00000080   Code   RO          546    i.HAL_TIM_Base_Start_IT  stm32f4xx_hal_tim.o
    0x08001410   0x08001410   0x00000002   Code   RO          575    i.HAL_TIM_IC_CaptureCallback  stm32f4xx_hal_tim.o
    0x08001412   0x08001412   0x00000130   Code   RO          589    i.HAL_TIM_IRQHandler  stm32f4xx_hal_tim.o
    0x08001542   0x08001542   0x00000002   Code   RO          592    i.HAL_TIM_OC_DelayElapsedCallback  stm32f4xx_hal_tim.o
    0x08001544   0x08001544   0x00000002   Code   RO          619    i.HAL_TIM_PWM_PulseFinishedCallback  stm32f4xx_hal_tim.o
    0x08001546   0x08001546   0x00000002   PAD
    0x08001548   0x08001548   0x00000014   Code   RO           14    i.HAL_TIM_PeriodElapsedCallback  main.o
    0x0800155c   0x0800155c   0x00000002   Code   RO          632    i.HAL_TIM_TriggerCallback  stm32f4xx_hal_tim.o
    0x0800155e   0x0800155e   0x00000002   Code   RO         1524    i.HAL_UARTEx_RxEventCallback  stm32f4xx_hal_uart.o
    0x08001560   0x08001560   0x00000002   Code   RO         1538    i.HAL_UART_ErrorCallback  stm32f4xx_hal_uart.o
    0x08001562   0x08001562   0x00000002   PAD
    0x08001564   0x08001564   0x00000280   Code   RO         1541    i.HAL_UART_IRQHandler  stm32f4xx_hal_uart.o
    0x080017e4   0x080017e4   0x00000064   Code   RO         1542    i.HAL_UART_Init     stm32f4xx_hal_uart.o
    0x08001848   0x08001848   0x000000e8   Code   RO          335    i.HAL_UART_MspInit  usart.o
    0x08001930   0x08001930   0x00000002   Code   RO         1548    i.HAL_UART_RxCpltCallback  stm32f4xx_hal_uart.o
    0x08001932   0x08001932   0x000000a0   Code   RO         1550    i.HAL_UART_Transmit  stm32f4xx_hal_uart.o
    0x080019d2   0x080019d2   0x00000002   Code   RO         1553    i.HAL_UART_TxCpltCallback  stm32f4xx_hal_uart.o
    0x080019d4   0x080019d4   0x00000002   Code   RO          380    i.HardFault_Handler  stm32f4xx_it.o
    0x080019d6   0x080019d6   0x00000002   PAD
    0x080019d8   0x080019d8   0x0000003c   Code   RO          310    i.MX_DMA_Init       dma.o
    0x08001a14   0x08001a14   0x00000070   Code   RO          286    i.MX_GPIO_Init      gpio.o
    0x08001a84   0x08001a84   0x00000038   Code   RO          336    i.MX_USART1_UART_Init  usart.o
    0x08001abc   0x08001abc   0x00000002   Code   RO          381    i.MemManage_Handler  stm32f4xx_it.o
    0x08001abe   0x08001abe   0x00000002   Code   RO          382    i.NMI_Handler       stm32f4xx_it.o
    0x08001ac0   0x08001ac0   0x00000002   Code   RO          383    i.PendSV_Handler    stm32f4xx_it.o
    0x08001ac2   0x08001ac2   0x00000004   Code   RO         4080    i.SEGGER_RTT_Init   segger_rtt.o
    0x08001ac6   0x08001ac6   0x00000002   PAD
    0x08001ac8   0x08001ac8   0x00000074   Code   RO           15    i.SEGGER_RTT_Test   main.o
    0x08001b3c   0x08001b3c   0x00000038   Code   RO         4095    i.SEGGER_RTT_Write  segger_rtt.o
    0x08001b74   0x08001b74   0x0000005c   Code   RO         4098    i.SEGGER_RTT_WriteNoLock  segger_rtt.o
    0x08001bd0   0x08001bd0   0x00000016   Code   RO         4309    i.SEGGER_RTT_printf  segger_rtt_printf.o
    0x08001be6   0x08001be6   0x00000002   PAD
    0x08001be8   0x08001be8   0x000001d8   Code   RO         4310    i.SEGGER_RTT_vprintf  segger_rtt_printf.o
    0x08001dc0   0x08001dc0   0x00000002   Code   RO          384    i.SVC_Handler       stm32f4xx_it.o
    0x08001dc2   0x08001dc2   0x00000004   Code   RO          385    i.SysTick_Handler   stm32f4xx_it.o
    0x08001dc6   0x08001dc6   0x00000002   PAD
    0x08001dc8   0x08001dc8   0x00000094   Code   RO           16    i.SystemClock_Config  main.o
    0x08001e5c   0x08001e5c   0x00000010   Code   RO         3026    i.SystemInit        system_stm32f4xx.o
    0x08001e6c   0x08001e6c   0x0000000c   Code   RO          386    i.TIM8_BRK_TIM12_IRQHandler  stm32f4xx_it.o
    0x08001e78   0x08001e78   0x000000d0   Code   RO          634    i.TIM_Base_SetConfig  stm32f4xx_hal_tim.o
    0x08001f48   0x08001f48   0x0000000e   Code   RO         1555    i.UART_DMAAbortOnError  stm32f4xx_hal_uart.o
    0x08001f56   0x08001f56   0x0000004e   Code   RO         1565    i.UART_EndRxTransfer  stm32f4xx_hal_uart.o
    0x08001fa4   0x08001fa4   0x000000c2   Code   RO         1567    i.UART_Receive_IT   stm32f4xx_hal_uart.o
    0x08002066   0x08002066   0x00000002   PAD
    0x08002068   0x08002068   0x0000010c   Code   RO         1568    i.UART_SetConfig    stm32f4xx_hal_uart.o
    0x08002174   0x08002174   0x00000072   Code   RO         1571    i.UART_WaitOnFlagUntilTimeout  stm32f4xx_hal_uart.o
    0x080021e6   0x080021e6   0x00000002   PAD
    0x080021e8   0x080021e8   0x0000000c   Code   RO          387    i.USART1_IRQHandler  stm32f4xx_it.o
    0x080021f4   0x080021f4   0x00000002   Code   RO          388    i.UsageFault_Handler  stm32f4xx_it.o
    0x080021f6   0x080021f6   0x00000002   PAD
    0x080021f8   0x080021f8   0x00000064   Code   RO         4102    i._DoInit           segger_rtt.o
    0x0800225c   0x0800225c   0x00000016   Code   RO         4103    i._GetAvailWriteSpace  segger_rtt.o
    0x08002272   0x08002272   0x00000002   PAD
    0x08002274   0x08002274   0x000000c6   Code   RO         4311    i._PrintInt         segger_rtt_printf.o
    0x0800233a   0x0800233a   0x00000002   PAD
    0x0800233c   0x0800233c   0x000000d4   Code   RO         4312    i._PrintUnsigned    segger_rtt_printf.o
    0x08002410   0x08002410   0x0000003e   Code   RO         4313    i._StoreChar        segger_rtt_printf.o
    0x0800244e   0x0800244e   0x0000005a   Code   RO         4105    i._WriteBlocking    segger_rtt.o
    0x080024a8   0x080024a8   0x00000042   Code   RO         4106    i._WriteNoCheck     segger_rtt.o
    0x080024ea   0x080024ea   0x00000002   PAD
    0x080024ec   0x080024ec   0x00000010   Code   RO         4465    i.__0printf$bare    mc_w.l(printfb.o)
    0x080024fc   0x080024fc   0x00000020   Code   RO         2635    i.__NVIC_SetPriority  stm32f4xx_hal_cortex.o
    0x0800251c   0x0800251c   0x0000000e   Code   RO         4766    i.__scatterload_copy  mc_w.l(handlers.o)
    0x0800252a   0x0800252a   0x00000002   Code   RO         4767    i.__scatterload_null  mc_w.l(handlers.o)
    0x0800252c   0x0800252c   0x0000000e   Code   RO         4768    i.__scatterload_zeroinit  mc_w.l(handlers.o)
    0x0800253a   0x0800253a   0x00000022   Code   RO         4472    i._printf_core      mc_w.l(printfb.o)
    0x0800255c   0x0800255c   0x00000004   Code   RO           17    i.fputc             main.o
    0x08002560   0x08002560   0x0000001c   Code   RO           18    i.led_task          main.o
    0x0800257c   0x0800257c   0x00000110   Code   RO           19    i.main              main.o
    0x0800268c   0x0800268c   0x00000050   Code   RO           20    i.oneshot_timer_callback  main.o
    0x080026dc   0x080026dc   0x0000004a   Code   RO         3063    i.osal_event_cancel_wait_internal  osal_event.o
    0x08002726   0x08002726   0x00000002   PAD
    0x08002728   0x08002728   0x00000030   Code   RO         3065    i.osal_event_create  osal_event.o
    0x08002758   0x08002758   0x0000007c   Code   RO         3067    i.osal_event_prepare_wait_locked  osal_event.o
    0x080027d4   0x080027d4   0x0000004e   Code   RO         3068    i.osal_event_set    osal_event.o
    0x08002822   0x08002822   0x00000008   Code   RO         3069    i.osal_event_validate_handle  osal_event.o
    0x0800282a   0x0800282a   0x00000070   Code   RO         3070    i.osal_event_wait   osal_event.o
    0x0800289a   0x0800289a   0x0000006e   Code   RO         3071    i.osal_event_wait_list_pop_best  osal_event.o
    0x08002908   0x08002908   0x00000022   Code   RO         3072    i.osal_event_wake_all_waiters_locked  osal_event.o
    0x0800292a   0x0800292a   0x00000002   PAD
    0x0800292c   0x0800292c   0x0000004c   Code   RO           21    i.osal_example_event_demo_init  main.o
    0x08002978   0x08002978   0x00000024   Code   RO           22    i.osal_example_event_set_task  main.o
    0x0800299c   0x0800299c   0x00000064   Code   RO           23    i.osal_example_event_wait_task  main.o
    0x08002a00   0x08002a00   0x0000009c   Code   RO           24    i.osal_example_usart_demo_init  main.o
    0x08002a9c   0x08002a9c   0x00000010   Code   RO         3226    i.osal_heap_set_block  osal_mem.o
    0x08002aac   0x08002aac   0x00000016   Code   RO         3790    i.osal_init         osal_timer.o
    0x08002ac2   0x08002ac2   0x00000008   Code   RO         3175    i.osal_irq_disable  osal_irq.o
    0x08002aca   0x08002aca   0x0000000c   Code   RO         3177    i.osal_irq_is_in_isr  osal_irq.o
    0x08002ad6   0x08002ad6   0x00000008   Code   RO         3178    i.osal_irq_restore  osal_irq.o
    0x08002ade   0x08002ade   0x00000008   Code   RO         3227    i.osal_mem_align_up  osal_mem.o
    0x08002ae6   0x08002ae6   0x00000002   PAD
    0x08002ae8   0x08002ae8   0x0000009c   Code   RO         3228    i.osal_mem_alloc    osal_mem.o
    0x08002b84   0x08002b84   0x00000018   Code   RO         3229    i.osal_mem_ensure_init  osal_mem.o
    0x08002b9c   0x08002b9c   0x00000060   Code   RO         3230    i.osal_mem_free     osal_mem.o
    0x08002bfc   0x08002bfc   0x00000040   Code   RO         3232    i.osal_mem_init     osal_mem.o
    0x08002c3c   0x08002c3c   0x00000070   Code   RO         3233    i.osal_mem_insert_free_block  osal_mem.o
    0x08002cac   0x08002cac   0x0000002c   Code   RO         3234    i.osal_mem_pointer_in_heap  osal_mem.o
    0x08002cd8   0x08002cd8   0x0000004a   Code   RO         3340    i.osal_mutex_cancel_wait_internal  osal_mutex.o
    0x08002d22   0x08002d22   0x0000004e   Code   RO         4351    i.osal_platform_flash_erase  osal_platform_stm32f4.o
    0x08002d70   0x08002d70   0x0000000e   Code   RO         4352    i.osal_platform_flash_lock  osal_platform_stm32f4.o
    0x08002d7e   0x08002d7e   0x00000014   Code   RO         4353    i.osal_platform_flash_read  osal_platform_stm32f4.o
    0x08002d92   0x08002d92   0x00000002   PAD
    0x08002d94   0x08002d94   0x000000b4   Code   RO         4354    i.osal_platform_flash_sector_from_address  osal_platform_stm32f4.o
    0x08002e48   0x08002e48   0x0000000e   Code   RO         4355    i.osal_platform_flash_unlock  osal_platform_stm32f4.o
    0x08002e56   0x08002e56   0x00000012   Code   RO         4356    i.osal_platform_flash_write_u16  osal_platform_stm32f4.o
    0x08002e68   0x08002e68   0x00000012   Code   RO         4357    i.osal_platform_flash_write_u32  osal_platform_stm32f4.o
    0x08002e7a   0x08002e7a   0x00000010   Code   RO         4358    i.osal_platform_flash_write_u64  osal_platform_stm32f4.o
    0x08002e8a   0x08002e8a   0x00000012   Code   RO         4359    i.osal_platform_flash_write_u8  osal_platform_stm32f4.o
    0x08002e9c   0x08002e9c   0x00000008   Code   RO         3552    i.osal_platform_get_tick_source  osal_platform.o
    0x08002ea4   0x08002ea4   0x00000002   Code   RO         4360    i.osal_platform_init  osal_platform_stm32f4.o
    0x08002ea6   0x08002ea6   0x00000002   PAD
    0x08002ea8   0x08002ea8   0x0000000c   Code   RO         4361    i.osal_platform_led1_toggle  osal_platform_stm32f4.o
    0x08002eb4   0x08002eb4   0x0000000c   Code   RO         4362    i.osal_platform_led2_toggle  osal_platform_stm32f4.o
    0x08002ec0   0x08002ec0   0x00000030   Code   RO         3554    i.osal_platform_setup_interrupt_controller  osal_platform.o
    0x08002ef0   0x08002ef0   0x00000018   Code   RO         3555    i.osal_platform_setup_system_tick  osal_platform.o
    0x08002f08   0x08002f08   0x00000008   Code   RO         3556    i.osal_platform_tick_source_get_clock_hz  osal_platform.o
    0x08002f10   0x08002f10   0x00000008   Code   RO         3557    i.osal_platform_tick_source_get_current_value  osal_platform.o
    0x08002f18   0x08002f18   0x00000008   Code   RO         3558    i.osal_platform_tick_source_get_reload_value  osal_platform.o
    0x08002f20   0x08002f20   0x0000000c   Code   RO         3559    i.osal_platform_tick_source_has_elapsed  osal_platform.o
    0x08002f2c   0x08002f2c   0x0000000c   Code   RO         3560    i.osal_platform_tick_source_is_enabled  osal_platform.o
    0x08002f38   0x08002f38   0x00000024   Code   RO         4363    i.osal_platform_uart_create  osal_platform_stm32f4.o
    0x08002f5c   0x08002f5c   0x0000001c   Code   RO         4364    i.osal_platform_uart_write_byte  osal_platform_stm32f4.o
    0x08002f78   0x08002f78   0x00000052   Code   RO         3408    i.osal_queue_cancel_wait_internal  osal_queue.o
    0x08002fca   0x08002fca   0x0000000a   Code   RO         3409    i.osal_queue_consume_wait_result  osal_queue.o
    0x08002fd4   0x08002fd4   0x00000034   Code   RO         3410    i.osal_queue_create  osal_queue.o
    0x08003008   0x08003008   0x00000048   Code   RO         3411    i.osal_queue_create_internal  osal_queue.o
    0x08003050   0x08003050   0x0000008a   Code   RO         3415    i.osal_queue_prepare_wait_locked  osal_queue.o
    0x080030da   0x080030da   0x00000040   Code   RO         3418    i.osal_queue_recv_locked  osal_queue.o
    0x0800311a   0x0800311a   0x00000074   Code   RO         3419    i.osal_queue_recv_timeout  osal_queue.o
    0x0800318e   0x0800318e   0x00000042   Code   RO         3422    i.osal_queue_send_locked  osal_queue.o
    0x080031d0   0x080031d0   0x00000074   Code   RO         3423    i.osal_queue_send_timeout  osal_queue.o
    0x08003244   0x08003244   0x00000020   Code   RO         3424    i.osal_queue_storage_size  osal_queue.o
    0x08003264   0x08003264   0x00000008   Code   RO         3425    i.osal_queue_validate_handle  osal_queue.o
    0x0800326c   0x0800326c   0x0000001c   Code   RO         3426    i.osal_queue_wait_list  osal_queue.o
    0x08003288   0x08003288   0x0000006e   Code   RO         3427    i.osal_queue_wait_list_pop_best  osal_queue.o
    0x080032f6   0x080032f6   0x0000001e   Code   RO         3429    i.osal_queue_wake_one_waiter_locked  osal_queue.o
    0x08003314   0x08003314   0x0000002c   Code   RO         3624    i.osal_run          osal_task.o
    0x08003340   0x08003340   0x00000060   Code   RO         3625    i.osal_run_internal  osal_task.o
    0x080033a0   0x080033a0   0x0000005c   Code   RO         3626    i.osal_run_priority_list  osal_task.o
    0x080033fc   0x080033fc   0x00000060   Code   RO         3627    i.osal_task_block_current_internal  osal_task.o
    0x0800345c   0x0800345c   0x00000068   Code   RO         3628    i.osal_task_check_wait_timeout  osal_task.o
    0x080034c4   0x080034c4   0x00000012   Code   RO         3629    i.osal_task_clear_resume_state  osal_task.o
    0x080034d6   0x080034d6   0x0000001a   Code   RO         3630    i.osal_task_clear_wait_state  osal_task.o
    0x080034f0   0x080034f0   0x00000058   Code   RO         3631    i.osal_task_consume_wait_result_internal  osal_task.o
    0x08003548   0x08003548   0x0000002c   Code   RO         3632    i.osal_task_contains  osal_task.o
    0x08003574   0x08003574   0x00000004   Code   RO         3633    i.osal_task_contains_internal  osal_task.o
    0x08003578   0x08003578   0x00000070   Code   RO         3634    i.osal_task_create  osal_task.o
    0x080035e8   0x080035e8   0x0000004c   Code   RO         3636    i.osal_task_detach_wait_object  osal_task.o
    0x08003634   0x08003634   0x0000000c   Code   RO         3637    i.osal_task_get_current_internal  osal_task.o
    0x08003640   0x08003640   0x0000000a   Code   RO         3638    i.osal_task_get_priority_internal  osal_task.o
    0x0800364a   0x0800364a   0x00000008   Code   RO         3639    i.osal_task_get_wait_next_internal  osal_task.o
    0x08003652   0x08003652   0x00000020   Code   RO         3640    i.osal_task_is_waiting_internal  osal_task.o
    0x08003672   0x08003672   0x0000002a   Code   RO         3641    i.osal_task_make_ready  osal_task.o
    0x0800369c   0x0800369c   0x00000008   Code   RO         3642    i.osal_task_set_wait_next_internal  osal_task.o
    0x080036a4   0x080036a4   0x00000054   Code   RO         3643    i.osal_task_sleep   osal_task.o
    0x080036f8   0x080036f8   0x00000074   Code   RO         3644    i.osal_task_sleep_until  osal_task.o
    0x0800376c   0x0800376c   0x00000030   Code   RO         3645    i.osal_task_start   osal_task.o
    0x0800379c   0x0800379c   0x0000001e   Code   RO         3647    i.osal_task_wake_internal  osal_task.o
    0x080037ba   0x080037ba   0x00000002   PAD
    0x080037bc   0x080037bc   0x00000044   Code   RO         3791    i.osal_tick_handler  osal_timer.o
    0x08003800   0x08003800   0x0000006c   Code   RO         3792    i.osal_timer_create  osal_timer.o
    0x0800386c   0x0800386c   0x00000070   Code   RO         3796    i.osal_timer_get_subtick_us_locked  osal_timer.o
    0x080038dc   0x080038dc   0x00000004   Code   RO         3797    i.osal_timer_get_tick  osal_timer.o
    0x080038e0   0x080038e0   0x00000018   Code   RO         3798    i.osal_timer_get_uptime_ms  osal_timer.o
    0x080038f8   0x080038f8   0x0000002c   Code   RO         3800    i.osal_timer_get_uptime_us64  osal_timer.o
    0x08003924   0x08003924   0x0000000c   Code   RO         3801    i.osal_timer_is_valid_id  osal_timer.o
    0x08003930   0x08003930   0x0000009c   Code   RO         3802    i.osal_timer_poll   osal_timer.o
    0x080039cc   0x080039cc   0x00000040   Code   RO         3803    i.osal_timer_refresh_next_expiry  osal_timer.o
    0x08003a0c   0x08003a0c   0x00000058   Code   RO         3804    i.osal_timer_start  osal_timer.o
    0x08003a64   0x08003a64   0x000000ac   Code   RO         3806    i.osal_timer_sync_tick_source  osal_timer.o
    0x08003b10   0x08003b10   0x00000050   Code   RO           25    i.periodic_timer_callback  main.o
    0x08003b60   0x08003b60   0x0000002c   Code   RO         3909    i.periph_uart_bind_console  periph_uart.o
    0x08003b8c   0x08003b8c   0x00000034   Code   RO         3910    i.periph_uart_create  periph_uart.o
    0x08003bc0   0x08003bc0   0x00000024   Code   RO         3912    i.periph_uart_fputc  periph_uart.o
    0x08003be4   0x08003be4   0x00000008   Code   RO         3914    i.periph_uart_validate_handle  periph_uart.o
    0x08003bec   0x08003bec   0x00000034   Code   RO         3915    i.periph_uart_write  periph_uart.o
    0x08003c20   0x08003c20   0x00000022   Code   RO         3916    i.periph_uart_write_byte  periph_uart.o
    0x08003c42   0x08003c42   0x0000002a   Code   RO         3917    i.periph_uart_write_string  periph_uart.o
    0x08003c6c   0x08003c6c   0x0000001c   Code   RO           26    i.queue_consumer_task  main.o
    0x08003c88   0x08003c88   0x00000044   Code   RO           27    i.queue_producer_task  main.o
    0x08003ccc   0x08003ccc   0x00000005   Data   RO           28    .constdata          main.o
    0x08003cd1   0x08003cd1   0x00000008   Data   RO         2349    .constdata          stm32f4xx_hal_dma.o
    0x08003cd9   0x08003cd9   0x00000010   Data   RO         3027    .constdata          system_stm32f4xx.o
    0x08003ce9   0x08003ce9   0x00000008   Data   RO         3028    .constdata          system_stm32f4xx.o
    0x08003cf1   0x08003cf1   0x00000003   PAD
    0x08003cf4   0x08003cf4   0x00000014   Data   RO         3561    .constdata          osal_platform.o
    0x08003d08   0x08003d08   0x00000021   Data   RO         4108    .constdata          segger_rtt.o
    0x08003d29   0x08003d29   0x00000010   Data   RO         4314    .constdata          segger_rtt_printf.o
    0x08003d39   0x08003d39   0x00000003   PAD
    0x08003d3c   0x08003d3c   0x00000024   Data   RO         4365    .constdata          osal_platform_stm32f4.o
    0x08003d60   0x08003d60   0x00000020   Data   RO         4764    Region$$Table       anon$$obj.o


    Execution Region RW_IRAM1 (Exec base: 0x20000000, Load base: 0x08003d80, Size: 0x00001b20, Max: 0x0001c000, ABSOLUTE)

    Exec Addr    Load Addr    Size         Type   Attr      Idx    E Section Name        Object

    0x20000000   0x08003d80   0x00000024   Data   RW           29    .data               main.o
    0x20000024   0x08003da4   0x00000020   Data   RW         2048    .data               stm32f4xx_hal_flash.o
    0x20000044   0x08003dc4   0x0000000c   Data   RW         2794    .data               stm32f4xx_hal.o
    0x20000050   0x08003dd0   0x00000004   Data   RW         3029    .data               system_stm32f4xx.o
    0x20000054   0x08003dd4   0x00000004   Data   RW         3073    .data               osal_event.o
    0x20000058   0x08003dd8   0x00000014   Data   RW         3241    .data               osal_mem.o
    0x2000006c   0x08003dec   0x00000004   Data   RW         3430    .data               osal_queue.o
    0x20000070   0x08003df0   0x0000000c   Data   RW         3650    .data               osal_task.o
    0x2000007c   0x08003dfc   0x00000004   PAD
    0x20000080   0x08003e00   0x00000038   Data   RW         3808    .data               osal_timer.o
    0x200000b8   0x08003e38   0x00000008   Data   RW         3918    .data               periph_uart.o
    0x200000c0   0x08003e40   0x00000008   Data   RW         4366    .data               osal_platform_stm32f4.o
    0x200000c8   0x08003e48   0x00000004   Data   RW         4740    .data               mc_w.l(stdout.o)
    0x200000cc        -       0x00000108   Zero   RW          337    .bss                usart.o
    0x200001d4        -       0x00000048   Zero   RW          503    .bss                stm32f4xx_hal_timebase_tim.o
    0x2000021c        -       0x00001000   Zero   RW         3240    .bss                osal_mem.o
    0x2000121c        -       0x0000000c   Zero   RW         3649    .bss                osal_task.o
    0x20001228        -       0x00000040   Zero   RW         3807    .bss                osal_timer.o
    0x20001268        -       0x000004b8   Zero   RW         4107    .bss                segger_rtt.o
    0x20001720        -       0x00000400   Zero   RW            1    STACK               startup_stm32f407xx.o


    Execution Region RW_IRAM2 (Exec base: 0x2001c000, Load base: 0x08003e4c, Size: 0x00000000, Max: 0x00004000, ABSOLUTE)

    **** No section assigned to this execution region ****


==============================================================================

Image component sizes


      Code (inc. data)   RO Data    RW Data    ZI Data      Debug   Object Name

        60          4          0          0          0        802   dma.o
       112         10          0          0          0        939   gpio.o
      1216        422          5         36          0     715020   main.o
       588          6          0          4          0      13641   osal_event.o
        28          0          0          0          0       9979   osal_irq.o
       520         32          0         20       4096       9777   osal_mem.o
        74          0          0          0          0       2838   osal_mutex.o
       128         22         20          0          0       8085   osal_platform.o
       466         68         36          8          0      10517   osal_platform_stm32f4.o
       924          6          0          4          0      13574   osal_queue.o
      1190         62          0         12         12      18351   osal_task.o
       874         58          0         56         64      11037   osal_timer.o
       268         16          0          8          0       7060   periph_uart.o
       430         30         33          0       1208      10832   segger_rtt.o
       966         14         16          0          0       6213   segger_rtt_printf.o
        36          8        392          0       1024        844   startup_stm32f407xx.o
        80         14          0         12          0       8138   stm32f4xx_hal.o
       158         14          0          0          0      33078   stm32f4xx_hal_cortex.o
       934         16          8          0          0       5679   stm32f4xx_hal_dma.o
       520         66          0         32          0       6698   stm32f4xx_hal_flash.o
       356         24          0          0          0       4042   stm32f4xx_hal_flash_ex.o
       522         46          0          0          0       2869   stm32f4xx_hal_gpio.o
        48          6          0          0          0        878   stm32f4xx_hal_msp.o
      1412         86          0          0          0       5977   stm32f4xx_hal_rcc.o
       740         72          0          0          0       7592   stm32f4xx_hal_tim.o
         4          0          0          0          0       1657   stm32f4xx_hal_tim_ex.o
       152         20          0          0         72       1508   stm32f4xx_hal_timebase_tim.o
      1576         14          0          0          0      10656   stm32f4xx_hal_uart.o
        68         24          0          0          0       6198   stm32f4xx_it.o
        16          4         24          4          0       1151   system_stm32f4xx.o
       288         30          0          0        264       1940   usart.o

    ----------------------------------------------------------------------
     14800       1194        572        200       6740     937570   Object Totals
         0          0         32          0          0          0   (incl. Generated)
        46          0          6          4          0          0   (incl. Padding)

    ----------------------------------------------------------------------

      Code (inc. data)   RO Data    RW Data    ZI Data      Debug   Library Member Name

         0          0          0          0          0          0   entry.o
         0          0          0          0          0          0   entry10a.o
         0          0          0          0          0          0   entry11a.o
         4          0          0          0          0          0   entry12b.o
         8          4          0          0          0          0   entry2.o
         4          0          0          0          0          0   entry5.o
         0          0          0          0          0          0   entry7b.o
         0          0          0          0          0          0   entry8b.o
         8          4          0          0          0          0   entry9a.o
        30          0          0          0          0          0   handlers.o
        36          8          0          0          0         68   init.o
        30          0          0          0          0         68   llshl.o
        32          0          0          0          0         68   llushr.o
        36          0          0          0          0         68   memcpya.o
        36          0          0          0          0        108   memseta.o
        50          8          0          0          0        152   printfb.o
         0          0          0          4          0          0   stdout.o
        98          0          0          0          0         92   uldiv.o

    ----------------------------------------------------------------------
       372         24          0          4          0        624   Library Totals
         0          0          0          0          0          0   (incl. Padding)

    ----------------------------------------------------------------------

      Code (inc. data)   RO Data    RW Data    ZI Data      Debug   Library Name

       372         24          0          4          0        624   mc_w.l

    ----------------------------------------------------------------------
       372         24          0          4          0        624   Library Totals

    ----------------------------------------------------------------------

==============================================================================


      Code (inc. data)   RO Data    RW Data    ZI Data      Debug   

     15172       1218        572        204       6740     918738   Grand Totals
     15172       1218        572        204       6740     918738   ELF Image Totals
     15172       1218        572        204          0          0   ROM Totals

==============================================================================

    Total RO  Size (Code + RO Data)                15744 (  15.38kB)
    Total RW  Size (RW Data + ZI Data)              6944 (   6.78kB)
    Total ROM Size (Code + RO Data + RW Data)      15948 (  15.57kB)

==============================================================================

