Component: ARM Compiler 5.06 update 7 (build 960) Tool: armlink [4d3601]

==============================================================================

Section Cross References

    startup_stm32f407xx.o(RESET) refers to startup_stm32f407xx.o(STACK) for __initial_sp
    startup_stm32f407xx.o(RESET) refers to startup_stm32f407xx.o(.text) for Reset_Handler
    startup_stm32f407xx.o(RESET) refers to stm32f4xx_it.o(i.NMI_Handler) for NMI_Handler
    startup_stm32f407xx.o(RESET) refers to stm32f4xx_it.o(i.HardFault_Handler) for HardFault_Handler
    startup_stm32f407xx.o(RESET) refers to stm32f4xx_it.o(i.MemManage_Handler) for MemManage_Handler
    startup_stm32f407xx.o(RESET) refers to stm32f4xx_it.o(i.BusFault_Handler) for BusFault_Handler
    startup_stm32f407xx.o(RESET) refers to stm32f4xx_it.o(i.UsageFault_Handler) for UsageFault_Handler
    startup_stm32f407xx.o(RESET) refers to stm32f4xx_it.o(i.SVC_Handler) for SVC_Handler
    startup_stm32f407xx.o(RESET) refers to stm32f4xx_it.o(i.DebugMon_Handler) for DebugMon_Handler
    startup_stm32f407xx.o(RESET) refers to stm32f4xx_it.o(i.PendSV_Handler) for PendSV_Handler
    startup_stm32f407xx.o(RESET) refers to stm32f4xx_it.o(i.SysTick_Handler) for SysTick_Handler
    startup_stm32f407xx.o(RESET) refers to stm32f4xx_it.o(i.USART1_IRQHandler) for USART1_IRQHandler
    startup_stm32f407xx.o(RESET) refers to stm32f4xx_it.o(i.TIM8_BRK_TIM12_IRQHandler) for TIM8_BRK_TIM12_IRQHandler
    startup_stm32f407xx.o(RESET) refers to stm32f4xx_it.o(i.DMA2_Stream2_IRQHandler) for DMA2_Stream2_IRQHandler
    startup_stm32f407xx.o(RESET) refers to stm32f4xx_it.o(i.DMA2_Stream7_IRQHandler) for DMA2_Stream7_IRQHandler
    startup_stm32f407xx.o(.text) refers to system_stm32f4xx.o(i.SystemInit) for SystemInit
    startup_stm32f407xx.o(.text) refers to entry.o(.ARM.Collect$$$$00000000) for __main
    main.o(i.HAL_TIM_PeriodElapsedCallback) refers to stm32f4xx_hal.o(i.HAL_IncTick) for HAL_IncTick
    main.o(i.SystemClock_Config) refers to memseta.o(.text) for __aeabi_memclr4
    main.o(i.SystemClock_Config) refers to stm32f4xx_hal_rcc.o(i.HAL_RCC_OscConfig) for HAL_RCC_OscConfig
    main.o(i.SystemClock_Config) refers to stm32f4xx_hal_rcc.o(i.HAL_RCC_ClockConfig) for HAL_RCC_ClockConfig
    main.o(i.app_led_demo_init) refers to osal_task.o(i.osal_task_create) for osal_task_create
    main.o(i.app_led_demo_init) refers to osal_task.o(i.osal_task_start) for osal_task_start
    main.o(i.app_led_demo_init) refers to main.o(i.led_demo_task) for led_demo_task
    main.o(i.app_queue_demo_init) refers to osal_queue.o(i.osal_queue_create) for osal_queue_create
    main.o(i.app_queue_demo_init) refers to osal_task.o(i.osal_task_create) for osal_task_create
    main.o(i.app_queue_demo_init) refers to osal_task.o(i.osal_task_start) for osal_task_start
    main.o(i.app_queue_demo_init) refers to printf4.o(i.__0printf$4) for __2printf
    main.o(i.app_queue_demo_init) refers to main.o(.data) for .data
    main.o(i.app_queue_demo_init) refers to main.o(i.queue_demo_producer_task) for queue_demo_producer_task
    main.o(i.app_queue_demo_init) refers to main.o(i.queue_demo_consumer_task) for queue_demo_consumer_task
    main.o(i.app_rtt_demo_init) refers to osal_task.o(i.osal_task_create) for osal_task_create
    main.o(i.app_rtt_demo_init) refers to osal_task.o(i.osal_task_start) for osal_task_start
    main.o(i.app_rtt_demo_init) refers to main.o(i.rtt_demo_task) for rtt_demo_task
    main.o(i.app_timer_demo_init) refers to osal_timer.o(i.osal_timer_create) for osal_timer_create
    main.o(i.app_timer_demo_init) refers to osal_timer.o(i.osal_timer_start) for osal_timer_start
    main.o(i.app_timer_demo_init) refers to main.o(i.oneshot_timer_callback) for oneshot_timer_callback
    main.o(i.app_timer_demo_init) refers to main.o(i.periodic_timer_callback) for periodic_timer_callback
    main.o(i.app_usart_demo_init) refers to osal_platform_stm32f4.o(i.osal_platform_uart_create) for osal_platform_uart_create
    main.o(i.app_usart_demo_init) refers to periph_uart.o(i.periph_uart_bind_console) for periph_uart_bind_console
    main.o(i.app_usart_demo_init) refers to printf4.o(i.__0printf$4) for __2printf
    main.o(i.app_usart_demo_init) refers to periph_uart.o(i.periph_uart_write_string) for periph_uart_write_string
    main.o(i.app_usart_demo_init) refers to periph_uart.o(i.periph_uart_write) for periph_uart_write
    main.o(i.app_usart_demo_init) refers to main.o(.data) for .data
    main.o(i.app_usart_demo_init) refers to main.o(.constdata) for .constdata
    main.o(i.fputc) refers to periph_uart.o(i.periph_uart_fputc) for periph_uart_fputc
    main.o(i.led_demo_task) refers to osal_timer.o(i.osal_timer_get_tick) for osal_timer_get_tick
    main.o(i.led_demo_task) refers to osal_platform_stm32f4.o(i.osal_platform_led1_toggle) for osal_platform_led1_toggle
[...]
    i.HAL_UART_TxCpltCallback                0x080019d2   Section        0  stm32f4xx_hal_uart.o(i.HAL_UART_TxCpltCallback)
    i.HardFault_Handler                      0x080019d4   Section        0  stm32f4xx_it.o(i.HardFault_Handler)
    i.MX_DMA_Init                            0x080019d8   Section        0  dma.o(i.MX_DMA_Init)
    i.MX_GPIO_Init                           0x08001a14   Section        0  gpio.o(i.MX_GPIO_Init)
    i.MX_USART1_UART_Init                    0x08001a84   Section        0  usart.o(i.MX_USART1_UART_Init)
    i.MemManage_Handler                      0x08001abc   Section        0  stm32f4xx_it.o(i.MemManage_Handler)
    i.NMI_Handler                            0x08001abe   Section        0  stm32f4xx_it.o(i.NMI_Handler)
    i.PendSV_Handler                         0x08001ac0   Section        0  stm32f4xx_it.o(i.PendSV_Handler)
    i.SEGGER_RTT_Init                        0x08001ac2   Section        0  segger_rtt.o(i.SEGGER_RTT_Init)
    i.SEGGER_RTT_Write                       0x08001ac8   Section        0  segger_rtt.o(i.SEGGER_RTT_Write)
    i.SEGGER_RTT_WriteNoLock                 0x08001b00   Section        0  segger_rtt.o(i.SEGGER_RTT_WriteNoLock)
    i.SEGGER_RTT_printf                      0x08001b5c   Section        0  segger_rtt_printf.o(i.SEGGER_RTT_printf)
    i.SEGGER_RTT_vprintf                     0x08001b74   Section        0  segger_rtt_printf.o(i.SEGGER_RTT_vprintf)
    i.SVC_Handler                            0x08001d4c   Section        0  stm32f4xx_it.o(i.SVC_Handler)
    i.SysTick_Handler                        0x08001d4e   Section        0  stm32f4xx_it.o(i.SysTick_Handler)
    i.SystemClock_Config                     0x08001d54   Section        0  main.o(i.SystemClock_Config)
    i.SystemInit                             0x08001de8   Section        0  system_stm32f4xx.o(i.SystemInit)
    i.TIM8_BRK_TIM12_IRQHandler              0x08001df8   Section        0  stm32f4xx_it.o(i.TIM8_BRK_TIM12_IRQHandler)
    i.TIM_Base_SetConfig                     0x08001e04   Section        0  stm32f4xx_hal_tim.o(i.TIM_Base_SetConfig)
    i.UART_DMAAbortOnError                   0x08001ed4   Section        0  stm32f4xx_hal_uart.o(i.UART_DMAAbortOnError)
    UART_DMAAbortOnError                     0x08001ed5   Thumb Code    14  stm32f4xx_hal_uart.o(i.UART_DMAAbortOnError)
    i.UART_EndRxTransfer                     0x08001ee2   Section        0  stm32f4xx_hal_uart.o(i.UART_EndRxTransfer)
    UART_EndRxTransfer                       0x08001ee3   Thumb Code    78  stm32f4xx_hal_uart.o(i.UART_EndRxTransfer)
    i.UART_Receive_IT                        0x08001f30   Section        0  stm32f4xx_hal_uart.o(i.UART_Receive_IT)
    UART_Receive_IT                          0x08001f31   Thumb Code   194  stm32f4xx_hal_uart.o(i.UART_Receive_IT)
    i.UART_SetConfig                         0x08001ff4   Section        0  stm32f4xx_hal_uart.o(i.UART_SetConfig)
    UART_SetConfig                           0x08001ff5   Thumb Code   258  stm32f4xx_hal_uart.o(i.UART_SetConfig)
    i.UART_WaitOnFlagUntilTimeout            0x08002100   Section        0  stm32f4xx_hal_uart.o(i.UART_WaitOnFlagUntilTimeout)
    UART_WaitOnFlagUntilTimeout              0x08002101   Thumb Code   114  stm32f4xx_hal_uart.o(i.UART_WaitOnFlagUntilTimeout)
    i.USART1_IRQHandler                      0x08002174   Section        0  stm32f4xx_it.o(i.USART1_IRQHandler)
    i.UsageFault_Handler                     0x08002180   Section        0  stm32f4xx_it.o(i.UsageFault_Handler)
    i._DoInit                                0x08002184   Section        0  segger_rtt.o(i._DoInit)
    _DoInit                                  0x08002185   Thumb Code    80  segger_rtt.o(i._DoInit)
    i._GetAvailWriteSpace                    0x080021e8   Section        0  segger_rtt.o(i._GetAvailWriteSpace)
    _GetAvailWriteSpace                      0x080021e9   Thumb Code    22  segger_rtt.o(i._GetAvailWriteSpace)
    i._PrintInt                              0x08002200   Section        0  segger_rtt_printf.o(i._PrintInt)
    _PrintInt                                0x08002201   Thumb Code   198  segger_rtt_printf.o(i._PrintInt)
    i._PrintUnsigned                         0x080022c8   Section        0  segger_rtt_printf.o(i._PrintUnsigned)
    _PrintUnsigned                           0x080022c9   Thumb Code   206  segger_rtt_printf.o(i._PrintUnsigned)
    i._StoreChar                             0x0800239c   Section        0  segger_rtt_printf.o(i._StoreChar)
    _StoreChar                               0x0800239d   Thumb Code    62  segger_rtt_printf.o(i._StoreChar)
    i._WriteBlocking                         0x080023da   Section        0  segger_rtt.o(i._WriteBlocking)
    _WriteBlocking                           0x080023db   Thumb Code    90  segger_rtt.o(i._WriteBlocking)
    i._WriteNoCheck                          0x08002434   Section        0  segger_rtt.o(i._WriteNoCheck)
    _WriteNoCheck                            0x08002435   Thumb Code    66  segger_rtt.o(i._WriteNoCheck)
    i.__0printf$4                            0x08002478   Section        0  printf4.o(i.__0printf$4)
    i.__NVIC_SetPriority                     0x08002498   Section        0  stm32f4xx_hal_cortex.o(i.__NVIC_SetPriority)
    __NVIC_SetPriority                       0x08002499   Thumb Code    32  stm32f4xx_hal_cortex.o(i.__NVIC_SetPriority)
    i.__scatterload_copy                     0x080024b8   Section       14  handlers.o(i.__scatterload_copy)
    i.__scatterload_null                     0x080024c6   Section        2  handlers.o(i.__scatterload_null)
    i.__scatterload_zeroinit                 0x080024c8   Section       14  handlers.o(i.__scatterload_zeroinit)
    i._printf_core                           0x080024d8   Section        0  printf4.o(i._printf_core)
    _printf_core                             0x080024d9   Thumb Code   552  printf4.o(i._printf_core)
    i.app_led_demo_init                      0x08002704   Section        0  main.o(i.app_led_demo_init)
    i.app_queue_demo_init                    0x08002724   Section        0  main.o(i.app_queue_demo_init)
    i.app_rtt_demo_init                      0x08002794   Section        0  main.o(i.app_rtt_demo_init)
    i.app_usart_demo_init                    0x080027b4   Section        0  main.o(i.app_usart_demo_init)
    i.fputc                                  0x08002850   Section        0  main.o(i.fputc)
    i.led_demo_task                          0x08002854   Section        0  main.o(i.led_demo_task)
    led_demo_task                            0x08002855   Thumb Code    88  main.o(i.led_demo_task)
    i.main                                   0x080028b0   Section        0  main.o(i.main)
    i.osal_cortexm_get_tick_source           0x080028e0   Section        0  osal_cortexm.o(i.osal_cortexm_get_tick_source)
    i.osal_cortexm_init                      0x080028e8   Section        0  osal_cortexm.o(i.osal_cortexm_init)
    i.osal_cortexm_profile_clear_locked      0x080028ec   Section        0  osal_cortexm.o(i.osal_cortexm_profile_clear_locked)
    osal_cortexm_profile_clear_locked        0x080028ed   Thumb Code    24  osal_cortexm.o(i.osal_cortexm_profile_clear_locked)
    i.osal_cortexm_profile_enter_internal    0x08002908   Section        0  osal_cortexm.o(i.osal_cortexm_profile_enter_internal)
    i.osal_cortexm_profile_exit_internal     0x0800290a   Section        0  osal_cortexm.o(i.osal_cortexm_profile_exit_internal)
    i.osal_cortexm_profile_init              0x0800290c   Section        0  osal_cortexm.o(i.osal_cortexm_profile_init)
    i.osal_cortexm_setup_interrupt_controller 0x0800292c   Section        0  osal_cortexm.o(i.osal_cortexm_setup_interrupt_controller)
    i.osal_cortexm_setup_system_tick         0x0800295c   Section        0  osal_cortexm.o(i.osal_cortexm_setup_system_tick)
    i.osal_cortexm_tick_source_get_clock_hz  0x08002974   Section        0  osal_cortexm.o(i.osal_cortexm_tick_source_get_clock_hz)
    osal_cortexm_tick_source_get_clock_hz    0x08002975   Thumb Code     4  osal_cortexm.o(i.osal_cortexm_tick_source_get_clock_hz)
    i.osal_cortexm_tick_source_get_current_value 0x0800297c   Section        0  osal_cortexm.o(i.osal_cortexm_tick_source_get_current_value)
    osal_cortexm_tick_source_get_current_value 0x0800297d   Thumb Code     8  osal_cortexm.o(i.osal_cortexm_tick_source_get_current_value)
    i.osal_cortexm_tick_source_get_reload_value 0x08002984   Section        0  osal_cortexm.o(i.osal_cortexm_tick_source_get_reload_value)
    osal_cortexm_tick_source_get_reload_value 0x08002985   Thumb Code     8  osal_cortexm.o(i.osal_cortexm_tick_source_get_reload_value)
    i.osal_cortexm_tick_source_has_elapsed   0x0800298c   Section        0  osal_cortexm.o(i.osal_cortexm_tick_source_has_elapsed)
    osal_cortexm_tick_source_has_elapsed     0x0800298d   Thumb Code    12  osal_cortexm.o(i.osal_cortexm_tick_source_has_elapsed)
    i.osal_cortexm_tick_source_is_enabled    0x08002998   Section        0  osal_cortexm.o(i.osal_cortexm_tick_source_is_enabled)
    osal_cortexm_tick_source_is_enabled      0x08002999   Thumb Code    12  osal_cortexm.o(i.osal_cortexm_tick_source_is_enabled)
    i.osal_heap_set_block                    0x080029a4   Section        0  osal_mem.o(i.osal_heap_set_block)
    osal_heap_set_block                      0x080029a5   Thumb Code    16  osal_mem.o(i.osal_heap_set_block)
    i.osal_init                              0x080029b4   Section        0  osal_timer.o(i.osal_init)
    i.osal_internal_critical_enter           0x080029ce   Section        0  osal_mem.o(i.osal_internal_critical_enter)
    osal_internal_critical_enter             0x080029cf   Thumb Code    16  osal_mem.o(i.osal_internal_critical_enter)
    i.osal_internal_critical_enter           0x080029de   Section        0  osal_queue.o(i.osal_internal_critical_enter)
    osal_internal_critical_enter             0x080029df   Thumb Code    16  osal_queue.o(i.osal_internal_critical_enter)
    i.osal_internal_critical_enter           0x080029ee   Section        0  osal_timer.o(i.osal_internal_critical_enter)
    osal_internal_critical_enter             0x080029ef   Thumb Code    16  osal_timer.o(i.osal_internal_critical_enter)
    i.osal_internal_critical_exit            0x080029fe   Section        0  osal_mem.o(i.osal_internal_critical_exit)
    osal_internal_critical_exit              0x080029ff   Thumb Code    18  osal_mem.o(i.osal_internal_critical_exit)
    i.osal_internal_critical_exit            0x08002a10   Section        0  osal_queue.o(i.osal_internal_critical_exit)
    osal_internal_critical_exit              0x08002a11   Thumb Code    18  osal_queue.o(i.osal_internal_critical_exit)
    i.osal_internal_critical_exit            0x08002a22   Section        0  osal_timer.o(i.osal_internal_critical_exit)
    osal_internal_critical_exit              0x08002a23   Thumb Code    18  osal_timer.o(i.osal_internal_critical_exit)
    i.osal_irq_disable                       0x08002a34   Section        0  osal_irq.o(i.osal_irq_disable)
    i.osal_irq_is_in_isr                     0x08002a3c   Section        0  osal_irq.o(i.osal_irq_is_in_isr)
    i.osal_irq_restore                       0x08002a48   Section        0  osal_irq.o(i.osal_irq_restore)
    i.osal_mem_align_up_checked              0x08002a50   Section        0  osal_mem.o(i.osal_mem_align_up_checked)
    osal_mem_align_up_checked                0x08002a51   Thumb Code    24  osal_mem.o(i.osal_mem_align_up_checked)
    i.osal_mem_alloc                         0x08002a68   Section        0  osal_mem.o(i.osal_mem_alloc)
    i.osal_mem_ensure_init                   0x08002b54   Section        0  osal_mem.o(i.osal_mem_ensure_init)
    osal_mem_ensure_init                     0x08002b55   Thumb Code    18  osal_mem.o(i.osal_mem_ensure_init)
    i.osal_mem_free                          0x08002b6c   Section        0  osal_mem.o(i.osal_mem_free)
    i.osal_mem_init                          0x08002c18   Section        0  osal_mem.o(i.osal_mem_init)
    i.osal_mem_insert_free_block             0x08002c8c   Section        0  osal_mem.o(i.osal_mem_insert_free_block)
    osal_mem_insert_free_block               0x08002c8d   Thumb Code   108  osal_mem.o(i.osal_mem_insert_free_block)
    i.osal_mem_note_alloc                    0x08002cfc   Section        0  osal_mem.o(i.osal_mem_note_alloc)
    osal_mem_note_alloc                      0x08002cfd   Thumb Code    32  osal_mem.o(i.osal_mem_note_alloc)
    i.osal_mem_note_alloc_fail               0x08002d20   Section        0  osal_mem.o(i.osal_mem_note_alloc_fail)
    osal_mem_note_alloc_fail                 0x08002d21   Thumb Code    10  osal_mem.o(i.osal_mem_note_alloc_fail)
    i.osal_mem_pointer_in_heap               0x08002d30   Section        0  osal_mem.o(i.osal_mem_pointer_in_heap)
    osal_mem_pointer_in_heap                 0x08002d31   Thumb Code    38  osal_mem.o(i.osal_mem_pointer_in_heap)
    i.osal_platform_flash_erase              0x08002d5c   Section        0  osal_platform_stm32f4.o(i.osal_platform_flash_erase)
    osal_platform_flash_erase                0x08002d5d   Thumb Code    78  osal_platform_stm32f4.o(i.osal_platform_flash_erase)
    i.osal_platform_flash_lock               0x08002daa   Section        0  osal_platform_stm32f4.o(i.osal_platform_flash_lock)
    osal_platform_flash_lock                 0x08002dab   Thumb Code    14  osal_platform_stm32f4.o(i.osal_platform_flash_lock)
    i.osal_platform_flash_read               0x08002db8   Section        0  osal_platform_stm32f4.o(i.osal_platform_flash_read)
    osal_platform_flash_read                 0x08002db9   Thumb Code    20  osal_platform_stm32f4.o(i.osal_platform_flash_read)
    i.osal_platform_flash_sector_from_address 0x08002dcc   Section        0  osal_platform_stm32f4.o(i.osal_platform_flash_sector_from_address)
    osal_platform_flash_sector_from_address  0x08002dcd   Thumb Code   134  osal_platform_stm32f4.o(i.osal_platform_flash_sector_from_address)
    i.osal_platform_flash_unlock             0x08002e80   Section        0  osal_platform_stm32f4.o(i.osal_platform_flash_unlock)
    osal_platform_flash_unlock               0x08002e81   Thumb Code    14  osal_platform_stm32f4.o(i.osal_platform_flash_unlock)
    i.osal_platform_flash_write_u16          0x08002e8e   Section        0  osal_platform_stm32f4.o(i.osal_platform_flash_write_u16)
    osal_platform_flash_write_u16            0x08002e8f   Thumb Code    18  osal_platform_stm32f4.o(i.osal_platform_flash_write_u16)
    i.osal_platform_flash_write_u32          0x08002ea0   Section        0  osal_platform_stm32f4.o(i.osal_platform_flash_write_u32)
    osal_platform_flash_write_u32            0x08002ea1   Thumb Code    18  osal_platform_stm32f4.o(i.osal_platform_flash_write_u32)
    i.osal_platform_flash_write_u64          0x08002eb2   Section        0  osal_platform_stm32f4.o(i.osal_platform_flash_write_u64)
    osal_platform_flash_write_u64            0x08002eb3   Thumb Code    16  osal_platform_stm32f4.o(i.osal_platform_flash_write_u64)
    i.osal_platform_flash_write_u8           0x08002ec2   Section        0  osal_platform_stm32f4.o(i.osal_platform_flash_write_u8)
    osal_platform_flash_write_u8             0x08002ec3   Thumb Code    18  osal_platform_stm32f4.o(i.osal_platform_flash_write_u8)
    i.osal_platform_led1_toggle              0x08002ed4   Section        0  osal_platform_stm32f4.o(i.osal_platform_led1_toggle)
    i.osal_platform_led2_toggle              0x08002ee0   Section        0  osal_platform_stm32f4.o(i.osal_platform_led2_toggle)
    i.osal_platform_uart_create              0x08002eec   Section        0  osal_platform_stm32f4.o(i.osal_platform_uart_create)
    i.osal_platform_uart_write_byte          0x08002f10   Section        0  osal_platform_stm32f4.o(i.osal_platform_uart_write_byte)
    osal_platform_uart_write_byte            0x08002f11   Thumb Code    28  osal_platform_stm32f4.o(i.osal_platform_uart_write_byte)
    i.osal_queue_create                      0x08002f2c   Section        0  osal_queue.o(i.osal_queue_create)
    i.osal_queue_dequeue_locked              0x08002f88   Section        0  osal_queue.o(i.osal_queue_dequeue_locked)
    osal_queue_dequeue_locked                0x08002f89   Thumb Code    56  osal_queue.o(i.osal_queue_dequeue_locked)
    i.osal_queue_enqueue_locked              0x08002fc0   Section        0  osal_queue.o(i.osal_queue_enqueue_locked)
    osal_queue_enqueue_locked                0x08002fc1   Thumb Code    56  osal_queue.o(i.osal_queue_enqueue_locked)
    i.osal_queue_get_count                   0x08002ff8   Section        0  osal_queue.o(i.osal_queue_get_count)
    i.osal_queue_recv                        0x08003012   Section        0  osal_queue.o(i.osal_queue_recv)
    i.osal_queue_send                        0x0800306c   Section        0  osal_queue.o(i.osal_queue_send)
    i.osal_queue_try_recv                    0x080030c6   Section        0  osal_queue.o(i.osal_queue_try_recv)
    osal_queue_try_recv                      0x080030c7   Thumb Code    32  osal_queue.o(i.osal_queue_try_recv)
    i.osal_queue_try_send                    0x080030e6   Section        0  osal_queue.o(i.osal_queue_try_send)
    osal_queue_try_send                      0x080030e7   Thumb Code    32  osal_queue.o(i.osal_queue_try_send)
    i.osal_queue_validate_handle             0x08003108   Section        0  osal_queue.o(i.osal_queue_validate_handle)
    osal_queue_validate_handle               0x08003109   Thumb Code    28  osal_queue.o(i.osal_queue_validate_handle)
    i.osal_scheduler_dispatch                0x08003128   Section        0  osal_task.o(i.osal_scheduler_dispatch)
    osal_scheduler_dispatch                  0x08003129   Thumb Code    74  osal_task.o(i.osal_scheduler_dispatch)
    i.osal_scheduler_execute_priority_list   0x0800317c   Section        0  osal_task.o(i.osal_scheduler_execute_priority_list)
    osal_scheduler_execute_priority_list     0x0800317d   Thumb Code    68  osal_task.o(i.osal_scheduler_execute_priority_list)
    i.osal_start_system                      0x080031c4   Section        0  osal_task.o(i.osal_start_system)
    i.osal_task_contains                     0x080031f4   Section        0  osal_task.o(i.osal_task_contains)
    osal_task_contains                       0x080031f5   Thumb Code    38  osal_task.o(i.osal_task_contains)
    i.osal_task_create                       0x08003220   Section        0  osal_task.o(i.osal_task_create)
    i.osal_task_start                        0x08003270   Section        0  osal_task.o(i.osal_task_start)
    i.osal_tick_handler                      0x08003290   Section        0  osal_timer.o(i.osal_tick_handler)
    i.osal_timer_get_subtick_us_locked       0x080032d4   Section        0  osal_timer.o(i.osal_timer_get_subtick_us_locked)
    osal_timer_get_subtick_us_locked         0x080032d5   Thumb Code   104  osal_timer.o(i.osal_timer_get_subtick_us_locked)
    i.osal_timer_get_tick                    0x08003344   Section        0  osal_timer.o(i.osal_timer_get_tick)
    i.osal_timer_get_uptime_ms               0x08003348   Section        0  osal_timer.o(i.osal_timer_get_uptime_ms)
    i.osal_timer_get_uptime_us64             0x08003360   Section        0  osal_timer.o(i.osal_timer_get_uptime_us64)
    osal_timer_get_uptime_us64               0x08003361   Thumb Code    38  osal_timer.o(i.osal_timer_get_uptime_us64)
    i.osal_timer_poll                        0x0800338c   Section        0  osal_timer.o(i.osal_timer_poll)
    i.osal_timer_refresh_next_expiry         0x08003428   Section        0  osal_timer.o(i.osal_timer_refresh_next_expiry)
    osal_timer_refresh_next_expiry           0x08003429   Thumb Code    56  osal_timer.o(i.osal_timer_refresh_next_expiry)
    i.osal_timer_sync_tick_source            0x08003468   Section        0  osal_timer.o(i.osal_timer_sync_tick_source)
    osal_timer_sync_tick_source              0x08003469   Thumb Code   164  osal_timer.o(i.osal_timer_sync_tick_source)
    i.periph_uart_bind_console               0x08003514   Section        0  periph_uart.o(i.periph_uart_bind_console)
    i.periph_uart_create                     0x08003540   Section        0  periph_uart.o(i.periph_uart_create)
    i.periph_uart_fputc                      0x08003574   Section        0  periph_uart.o(i.periph_uart_fputc)
    i.periph_uart_validate_handle            0x08003598   Section        0  periph_uart.o(i.periph_uart_validate_handle)
    periph_uart_validate_handle              0x08003599   Thumb Code    28  periph_uart.o(i.periph_uart_validate_handle)
    i.periph_uart_write                      0x080035b8   Section        0  periph_uart.o(i.periph_uart_write)
    i.periph_uart_write_byte                 0x080035ec   Section        0  periph_uart.o(i.periph_uart_write_byte)
    i.periph_uart_write_string               0x0800360e   Section        0  periph_uart.o(i.periph_uart_write_string)
    i.queue_demo_consumer_task               0x08003638   Section        0  main.o(i.queue_demo_consumer_task)
    queue_demo_consumer_task                 0x08003639   Thumb Code    48  main.o(i.queue_demo_consumer_task)
    i.queue_demo_producer_task               0x08003698   Section        0  main.o(i.queue_demo_producer_task)
    queue_demo_producer_task                 0x08003699   Thumb Code   116  main.o(i.queue_demo_producer_task)
    i.rtt_demo_task                          0x0800373c   Section        0  main.o(i.rtt_demo_task)
    rtt_demo_task                            0x0800373d   Thumb Code    76  main.o(i.rtt_demo_task)
    .constdata                               0x080037c8   Section        5  main.o(.constdata)
    raw_bytes                                0x080037c8   Data           5  main.o(.constdata)
    .constdata                               0x080037cd   Section        8  stm32f4xx_hal_dma.o(.constdata)
    flagBitshiftOffset                       0x080037cd   Data           8  stm32f4xx_hal_dma.o(.constdata)
    .constdata                               0x080037d5   Section       16  system_stm32f4xx.o(.constdata)
    .constdata                               0x080037e5   Section        8  system_stm32f4xx.o(.constdata)
    .constdata                               0x080037f0   Section       20  osal_cortexm.o(.constdata)
    s_tick_source                            0x080037f0   Data          20  osal_cortexm.o(.constdata)
    .constdata                               0x08003804   Section       33  segger_rtt.o(.constdata)
    _aTerminalId                             0x08003804   Data          16  segger_rtt.o(.constdata)
    _aInitStr                                0x08003814   Data          17  segger_rtt.o(.constdata)
    .constdata                               0x08003825   Section       16  segger_rtt_printf.o(.constdata)
    _aV2C                                    0x08003825   Data          16  segger_rtt_printf.o(.constdata)
    .constdata                               0x08003838   Section       36  osal_platform_stm32f4.o(.constdata)
    s_uart_bridge                            0x08003838   Data           4  osal_platform_stm32f4.o(.constdata)
    s_flash_bridge                           0x0800383c   Data          32  osal_platform_stm32f4.o(.constdata)
    .data                                    0x20000000   Section       32  main.o(.data)
    s_led_deadline_initialized               0x20000000   Data           1  main.o(.data)
    s_queue_send_deadline_initialized        0x20000001   Data           1  main.o(.data)
    s_rtt_initialized                        0x20000002   Data           1  main.o(.data)
    s_rtt_deadline_initialized               0x20000003   Data           1  main.o(.data)
    g_usart_demo_uart                        0x20000004   Data           4  main.o(.data)
    g_queue_demo_queue                       0x20000008   Data           4  main.o(.data)
    s_led1_next_ms                           0x2000000c   Data           4  main.o(.data)
    s_led2_next_ms                           0x20000010   Data           4  main.o(.data)
    s_queue_next_send_ms                     0x20000014   Data           4  main.o(.data)
    s_queue_next_sequence                    0x20000018   Data           4  main.o(.data)
    s_rtt_next_ms                            0x2000001c   Data           4  main.o(.data)
    .data                                    0x20000020   Section       32  stm32f4xx_hal_flash.o(.data)
    .data                                    0x20000040   Section       12  stm32f4xx_hal.o(.data)
    .data                                    0x2000004c   Section        4  system_stm32f4xx.o(.data)
    .data                                    0x20000050   Section       40  osal_mem.o(.data)
    s_heap_ready                             0x20000050   Data           1  osal_mem.o(.data)
    s_heap_buffer                            0x20000054   Data           4  osal_mem.o(.data)
    s_heap_size                              0x20000058   Data           4  osal_mem.o(.data)
    s_free_list                              0x2000005c   Data           4  osal_mem.o(.data)
    s_free_bytes                             0x20000060   Data           4  osal_mem.o(.data)
    s_min_ever_free_size                     0x20000064   Data           4  osal_mem.o(.data)
    s_alloc_count                            0x20000068   Data           4  osal_mem.o(.data)
    s_free_count                             0x2000006c   Data           4  osal_mem.o(.data)
    s_alloc_fail_count                       0x20000070   Data           4  osal_mem.o(.data)
    s_mempool_list                           0x20000074   Data           4  osal_mem.o(.data)
    .data                                    0x20000078   Section        4  osal_queue.o(.data)
    s_queue_list                             0x20000078   Data           4  osal_queue.o(.data)
    .data                                    0x2000007c   Section       12  osal_task.o(.data)
    s_scheduler_depth                        0x2000007c   Data           1  osal_task.o(.data)
    s_current_task                           0x20000080   Data           4  osal_task.o(.data)
    s_low_scan_count                         0x20000084   Data           4  osal_task.o(.data)
    .data                                    0x20000088   Section       56  osal_timer.o(.data)
    s_next_expiry_valid                      0x20000088   Data           1  osal_timer.o(.data)
    s_tick_source_ready                      0x20000089   Data           1  osal_timer.o(.data)
    s_tick_missing_reported                  0x2000008a   Data           1  osal_timer.o(.data)
    s_tick_invalid_reported                  0x2000008b   Data           1  osal_timer.o(.data)
    s_uptime_us32                            0x2000008c   Data           4  osal_timer.o(.data)
    s_uptime_ms32                            0x20000090   Data           4  osal_timer.o(.data)
    s_ms_remainder_us                        0x20000094   Data           4  osal_timer.o(.data)
    s_tick_source                            0x20000098   Data           4  osal_timer.o(.data)
    s_tick_counter_hz                        0x2000009c   Data           4  osal_timer.o(.data)
    s_tick_reload_value                      0x200000a0   Data           4  osal_timer.o(.data)
    s_tick_period_ticks                      0x200000a4   Data           4  osal_timer.o(.data)
    s_tick_period_us                         0x200000a8   Data           4  osal_timer.o(.data)
    s_uptime_us64                            0x200000b0   Data           8  osal_timer.o(.data)
    s_next_expiry_us                         0x200000b8   Data           8  osal_timer.o(.data)
    .data                                    0x200000c0   Section        8  periph_uart.o(.data)
    s_uart_list                              0x200000c0   Data           4  periph_uart.o(.data)
    s_console_uart                           0x200000c4   Data           4  periph_uart.o(.data)
    .data                                    0x200000c8   Section        8  osal_platform_stm32f4.o(.data)
    s_uart_component                         0x200000c8   Data           4  osal_platform_stm32f4.o(.data)
    s_flash_component                        0x200000cc   Data           4  osal_platform_stm32f4.o(.data)
    .data                                    0x200000d0   Section        4  stdout.o(.data)
    .bss                                     0x200000d4   Section      264  usart.o(.bss)
    .bss                                     0x200001dc   Section       72  stm32f4xx_hal_timebase_tim.o(.bss)
    .bss                                     0x20000224   Section     4096  osal_mem.o(.bss)
    s_default_heap                           0x20000224   Data        4096  osal_mem.o(.bss)
    .bss                                     0x20001228   Section       40  osal_cortexm.o(.bss)
    s_cortexm_profile                        0x20001228   Data          40  osal_cortexm.o(.bss)
    .bss                                     0x20001250   Section       12  osal_task.o(.bss)
    s_task_lists                             0x20001250   Data          12  osal_task.o(.bss)
    .bss                                     0x2000125c   Section       64  osal_timer.o(.bss)
    s_timers                                 0x2000125c   Data          64  osal_timer.o(.bss)
    .bss                                     0x2000129c   Section     1208  segger_rtt.o(.bss)
    _acUpBuffer                              0x20001344   Data        1024  segger_rtt.o(.bss)
    _acDownBuffer                            0x20001744   Data          16  segger_rtt.o(.bss)
    STACK                                    0x20001758   Section     1024  startup_stm32f407xx.o(STACK)

    Global Symbols

    Symbol Name                              Value     Ov Type        Size  Object(Section)

    BuildAttributes$$THM_ISAv4$E$P$D$K$B$S$7EM$VFPi3$EXTD16$VFPS$VFMA$PE$A:L22UL41UL21$X:L11$S22US41US21$IEEE1$IW$USESV6$~STKCKD$USESV7$~SHL$OSPACE$ROPI$EBA8$MICROLIB$REQ8$PRES8$EABIv2 0x00000000   Number         0  anon$$obj.o ABSOLUTE
    __ARM_use_no_argv                        0x00000000   Number         0  main.o ABSOLUTE
    _printf_a                                0x00000000   Number         0  stubs.o ABSOLUTE
    _printf_c                                0x00000000   Number         0  stubs.o ABSOLUTE
    _printf_charcount                        0x00000000   Number         0  stubs.o ABSOLUTE
    _printf_d                                0x00000000   Number         0  stubs.o ABSOLUTE
    _printf_e                                0x00000000   Number         0  stubs.o ABSOLUTE
    _printf_f                                0x00000000   Number         0  stubs.o ABSOLUTE
    _printf_flags                            0x00000000   Number         0  stubs.o ABSOLUTE
    _printf_fp_dec                           0x00000000   Number         0  stubs.o ABSOLUTE
    _printf_fp_hex                           0x00000000   Number         0  stubs.o ABSOLUTE
    _printf_g                                0x00000000   Number         0  stubs.o ABSOLUTE
    _printf_i                                0x00000000   Number         0  stubs.o ABSOLUTE
    _printf_int_dec                          0x00000000   Number         0  stubs.o ABSOLUTE
    _printf_l                                0x00000000   Number         0  stubs.o ABSOLUTE
    _printf_lc                               0x00000000   Number         0  stubs.o ABSOLUTE
    _printf_ll                               0x00000000   Number         0  stubs.o ABSOLUTE
    _printf_lld                              0x00000000   Number         0  stubs.o ABSOLUTE
    _printf_lli                              0x00000000   Number         0  stubs.o ABSOLUTE
    _printf_llo                              0x00000000   Number         0  stubs.o ABSOLUTE
    _printf_llu                              0x00000000   Number         0  stubs.o ABSOLUTE
    _printf_llx                              0x00000000   Number         0  stubs.o ABSOLUTE
    _printf_longlong_dec                     0x00000000   Number         0  stubs.o ABSOLUTE
    _printf_longlong_hex                     0x00000000   Number         0  stubs.o ABSOLUTE
    _printf_longlong_oct                     0x00000000   Number         0  stubs.o ABSOLUTE
    _printf_ls                               0x00000000   Number         0  stubs.o ABSOLUTE
    _printf_mbtowc                           0x00000000   Number         0  stubs.o ABSOLUTE
    _printf_n                                0x00000000   Number         0  stubs.o ABSOLUTE
    _printf_o                                0x00000000   Number         0  stubs.o ABSOLUTE
    _printf_p                                0x00000000   Number         0  stubs.o ABSOLUTE
    _printf_percent                          0x00000000   Number         0  stubs.o ABSOLUTE
    _printf_pre_padding                      0x00000000   Number         0  stubs.o ABSOLUTE
    _printf_return_value                     0x00000000   Number         0  stubs.o ABSOLUTE
    _printf_s                                0x00000000   Number         0  stubs.o ABSOLUTE
    _printf_sizespec                         0x00000000   Number         0  stubs.o ABSOLUTE
    _printf_str                              0x00000000   Number         0  stubs.o ABSOLUTE
    _printf_truncate_signed                  0x00000000   Number         0  stubs.o ABSOLUTE
    _printf_truncate_unsigned                0x00000000   Number         0  stubs.o ABSOLUTE
    _printf_u                                0x00000000   Number         0  stubs.o ABSOLUTE
    _printf_wc                               0x00000000   Number         0  stubs.o ABSOLUTE
    _printf_wctomb                           0x00000000   Number         0  stubs.o ABSOLUTE
    _printf_widthprec                        0x00000000   Number         0  stubs.o ABSOLUTE
    _printf_x                                0x00000000   Number         0  stubs.o ABSOLUTE
    __arm_fini_                               - Undefined Weak Reference
    __cpp_initialize__aeabi_                  - Undefined Weak Reference
    __cxa_finalize                            - Undefined Weak Reference
    __decompress                              - Undefined Weak Reference
    _clock_init                               - Undefined Weak Reference
    _microlib_exit                            - Undefined Weak Reference
    __Vectors_Size                           0x00000188   Number         0  startup_stm32f407xx.o ABSOLUTE
    __Vectors                                0x08000000   Data           4  startup_stm32f407xx.o(RESET)
    __Vectors_End                            0x08000188   Data           0  startup_stm32f407xx.o(RESET)
    __main                                   0x08000189   Thumb Code     0  entry.o(.ARM.Collect$$$$00000000)
    _main_stk                                0x08000189   Thumb Code     0  entry2.o(.ARM.Collect$$$$00000001)
    _main_scatterload                        0x0800018d   Thumb Code     0  entry5.o(.ARM.Collect$$$$00000004)
    __main_after_scatterload                 0x08000191   Thumb Code     0  entry5.o(.ARM.Collect$$$$00000004)
    _main_clock                              0x08000191   Thumb Code     0  entry7b.o(.ARM.Collect$$$$00000008)
    _main_cpp_init                           0x08000191   Thumb Code     0  entry8b.o(.ARM.Collect$$$$0000000A)
    _main_init                               0x08000191   Thumb Code     0  entry9a.o(.ARM.Collect$$$$0000000B)
    __rt_lib_shutdown_fini                   0x08000199   Thumb Code     0  entry12b.o(.ARM.Collect$$$$0000000E)
    __rt_final_cpp                           0x0800019d   Thumb Code     0  entry10a.o(.ARM.Collect$$$$0000000F)
    __rt_final_exit                          0x0800019d   Thumb Code     0  entry11a.o(.ARM.Collect$$$$00000011)
    Reset_Handler                            0x080001a1   Thumb Code     8  startup_stm32f407xx.o(.text)
    ADC_IRQHandler                           0x080001bb   Thumb Code     0  startup_stm32f407xx.o(.text)
    CAN1_RX0_IRQHandler                      0x080001bb   Thumb Code     0  startup_stm32f407xx.o(.text)
    CAN1_RX1_IRQHandler                      0x080001bb   Thumb Code     0  startup_stm32f407xx.o(.text)
    CAN1_SCE_IRQHandler                      0x080001bb   Thumb Code     0  startup_stm32f407xx.o(.text)
    CAN1_TX_IRQHandler                       0x080001bb   Thumb Code     0  startup_stm32f407xx.o(.text)
    CAN2_RX0_IRQHandler                      0x080001bb   Thumb Code     0  startup_stm32f407xx.o(.text)
    CAN2_RX1_IRQHandler                      0x080001bb   Thumb Code     0  startup_stm32f407xx.o(.text)
    CAN2_SCE_IRQHandler                      0x080001bb   Thumb Code     0  startup_stm32f407xx.o(.text)
    CAN2_TX_IRQHandler                       0x080001bb   Thumb Code     0  startup_stm32f407xx.o(.text)
    DCMI_IRQHandler                          0x080001bb   Thumb Code     0  startup_stm32f407xx.o(.text)
    DMA1_Stream0_IRQHandler                  0x080001bb   Thumb Code     0  startup_stm32f407xx.o(.text)
    DMA1_Stream1_IRQHandler                  0x080001bb   Thumb Code     0  startup_stm32f407xx.o(.text)
    DMA1_Stream2_IRQHandler                  0x080001bb   Thumb Code     0  startup_stm32f407xx.o(.text)
    DMA1_Stream3_IRQHandler                  0x080001bb   Thumb Code     0  startup_stm32f407xx.o(.text)
    DMA1_Stream4_IRQHandler                  0x080001bb   Thumb Code     0  startup_stm32f407xx.o(.text)
    DMA1_Stream5_IRQHandler                  0x080001bb   Thumb Code     0  startup_stm32f407xx.o(.text)
    DMA1_Stream6_IRQHandler                  0x080001bb   Thumb Code     0  startup_stm32f407xx.o(.text)
    DMA1_Stream7_IRQHandler                  0x080001bb   Thumb Code     0  startup_stm32f407xx.o(.text)
    DMA2_Stream0_IRQHandler                  0x080001bb   Thumb Code     0  startup_stm32f407xx.o(.text)
    DMA2_Stream1_IRQHandler                  0x080001bb   Thumb Code     0  startup_stm32f407xx.o(.text)
    DMA2_Stream3_IRQHandler                  0x080001bb   Thumb Code     0  startup_stm32f407xx.o(.text)
    DMA2_Stream4_IRQHandler                  0x080001bb   Thumb Code     0  startup_stm32f407xx.o(.text)
    DMA2_Stream5_IRQHandler                  0x080001bb   Thumb Code     0  startup_stm32f407xx.o(.text)
    DMA2_Stream6_IRQHandler                  0x080001bb   Thumb Code     0  startup_stm32f407xx.o(.text)
    ETH_IRQHandler                           0x080001bb   Thumb Code     0  startup_stm32f407xx.o(.text)
    ETH_WKUP_IRQHandler                      0x080001bb   Thumb Code     0  startup_stm32f407xx.o(.text)
    EXTI0_IRQHandler                         0x080001bb   Thumb Code     0  startup_stm32f407xx.o(.text)
    EXTI15_10_IRQHandler                     0x080001bb   Thumb Code     0  startup_stm32f407xx.o(.text)
    EXTI1_IRQHandler                         0x080001bb   Thumb Code     0  startup_stm32f407xx.o(.text)
    EXTI2_IRQHandler                         0x080001bb   Thumb Code     0  startup_stm32f407xx.o(.text)
    EXTI3_IRQHandler                         0x080001bb   Thumb Code     0  startup_stm32f407xx.o(.text)
    EXTI4_IRQHandler                         0x080001bb   Thumb Code     0  startup_stm32f407xx.o(.text)
    EXTI9_5_IRQHandler                       0x080001bb   Thumb Code     0  startup_stm32f407xx.o(.text)
    FLASH_IRQHandler                         0x080001bb   Thumb Code     0  startup_stm32f407xx.o(.text)
    FMC_IRQHandler                           0x080001bb   Thumb Code     0  startup_stm32f407xx.o(.text)
    FPU_IRQHandler                           0x080001bb   Thumb Code     0  startup_stm32f407xx.o(.text)
    HASH_RNG_IRQHandler                      0x080001bb   Thumb Code     0  startup_stm32f407xx.o(.text)
    I2C1_ER_IRQHandler                       0x080001bb   Thumb Code     0  startup_stm32f407xx.o(.text)
    I2C1_EV_IRQHandler                       0x080001bb   Thumb Code     0  startup_stm32f407xx.o(.text)
    I2C2_ER_IRQHandler                       0x080001bb   Thumb Code     0  startup_stm32f407xx.o(.text)
    I2C2_EV_IRQHandler                       0x080001bb   Thumb Code     0  startup_stm32f407xx.o(.text)
    I2C3_ER_IRQHandler                       0x080001bb   Thumb Code     0  startup_stm32f407xx.o(.text)
    I2C3_EV_IRQHandler                       0x080001bb   Thumb Code     0  startup_stm32f407xx.o(.text)
    OTG_FS_IRQHandler                        0x080001bb   Thumb Code     0  startup_stm32f407xx.o(.text)
    OTG_FS_WKUP_IRQHandler                   0x080001bb   Thumb Code     0  startup_stm32f407xx.o(.text)
    OTG_HS_EP1_IN_IRQHandler                 0x080001bb   Thumb Code     0  startup_stm32f407xx.o(.text)
    OTG_HS_EP1_OUT_IRQHandler                0x080001bb   Thumb Code     0  startup_stm32f407xx.o(.text)
    OTG_HS_IRQHandler                        0x080001bb   Thumb Code     0  startup_stm32f407xx.o(.text)
    OTG_HS_WKUP_IRQHandler                   0x080001bb   Thumb Code     0  startup_stm32f407xx.o(.text)
    PVD_IRQHandler                           0x080001bb   Thumb Code     0  startup_stm32f407xx.o(.text)
    RCC_IRQHandler                           0x080001bb   Thumb Code     0  startup_stm32f407xx.o(.text)
    RTC_Alarm_IRQHandler                     0x080001bb   Thumb Code     0  startup_stm32f407xx.o(.text)
    RTC_WKUP_IRQHandler                      0x080001bb   Thumb Code     0  startup_stm32f407xx.o(.text)
    SDIO_IRQHandler                          0x080001bb   Thumb Code     0  startup_stm32f407xx.o(.text)
    SPI1_IRQHandler                          0x080001bb   Thumb Code     0  startup_stm32f407xx.o(.text)
    SPI2_IRQHandler                          0x080001bb   Thumb Code     0  startup_stm32f407xx.o(.text)
    SPI3_IRQHandler                          0x080001bb   Thumb Code     0  startup_stm32f407xx.o(.text)
    TAMP_STAMP_IRQHandler                    0x080001bb   Thumb Code     0  startup_stm32f407xx.o(.text)
    TIM1_BRK_TIM9_IRQHandler                 0x080001bb   Thumb Code     0  startup_stm32f407xx.o(.text)
    TIM1_CC_IRQHandler                       0x080001bb   Thumb Code     0  startup_stm32f407xx.o(.text)
    TIM1_TRG_COM_TIM11_IRQHandler            0x080001bb   Thumb Code     0  startup_stm32f407xx.o(.text)
    TIM1_UP_TIM10_IRQHandler                 0x080001bb   Thumb Code     0  startup_stm32f407xx.o(.text)
    TIM2_IRQHandler                          0x080001bb   Thumb Code     0  startup_stm32f407xx.o(.text)
    TIM3_IRQHandler                          0x080001bb   Thumb Code     0  startup_stm32f407xx.o(.text)
    TIM4_IRQHandler                          0x080001bb   Thumb Code     0  startup_stm32f407xx.o(.text)
    TIM5_IRQHandler                          0x080001bb   Thumb Code     0  startup_stm32f407xx.o(.text)
    TIM6_DAC_IRQHandler                      0x080001bb   Thumb Code     0  startup_stm32f407xx.o(.text)
    TIM7_IRQHandler                          0x080001bb   Thumb Code     0  startup_stm32f407xx.o(.text)
    TIM8_CC_IRQHandler                       0x080001bb   Thumb Code     0  startup_stm32f407xx.o(.text)
    TIM8_TRG_COM_TIM14_IRQHandler            0x080001bb   Thumb Code     0  startup_stm32f407xx.o(.text)
    TIM8_UP_TIM13_IRQHandler                 0x080001bb   Thumb Code     0  startup_stm32f407xx.o(.text)
    UART4_IRQHandler                         0x080001bb   Thumb Code     0  startup_stm32f407xx.o(.text)
    UART5_IRQHandler                         0x080001bb   Thumb Code     0  startup_stm32f407xx.o(.text)
    USART2_IRQHandler                        0x080001bb   Thumb Code     0  startup_stm32f407xx.o(.text)
    USART3_IRQHandler                        0x080001bb   Thumb Code     0  startup_stm32f407xx.o(.text)
    USART6_IRQHandler                        0x080001bb   Thumb Code     0  startup_stm32f407xx.o(.text)
    WWDG_IRQHandler                          0x080001bb   Thumb Code     0  startup_stm32f407xx.o(.text)
    __aeabi_uldivmod                         0x080001c5   Thumb Code    98  uldiv.o(.text)
    __aeabi_memcpy                           0x08000227   Thumb Code    36  memcpya.o(.text)
    __aeabi_memcpy4                          0x08000227   Thumb Code     0  memcpya.o(.text)
    __aeabi_memcpy8                          0x08000227   Thumb Code     0  memcpya.o(.text)
    __aeabi_memset                           0x0800024b   Thumb Code    14  memseta.o(.text)
    __aeabi_memset4                          0x0800024b   Thumb Code     0  memseta.o(.text)
    __aeabi_memset8                          0x0800024b   Thumb Code     0  memseta.o(.text)
    __aeabi_memclr                           0x08000259   Thumb Code     4  memseta.o(.text)
    __aeabi_memclr4                          0x08000259   Thumb Code     0  memseta.o(.text)
    __aeabi_memclr8                          0x08000259   Thumb Code     0  memseta.o(.text)
    _memset$wrapper                          0x0800025d   Thumb Code    18  memseta.o(.text)
    __aeabi_llsl                             0x0800026f   Thumb Code    30  llshl.o(.text)
    _ll_shift_l                              0x0800026f   Thumb Code     0  llshl.o(.text)
    __aeabi_llsr                             0x0800028d   Thumb Code    32  llushr.o(.text)
    _ll_ushift_r                             0x0800028d   Thumb Code     0  llushr.o(.text)
    __scatterload                            0x080002ad   Thumb Code    28  init.o(.text)
    __scatterload_rt2                        0x080002ad   Thumb Code     0  init.o(.text)
    BusFault_Handler                         0x080002d1   Thumb Code     2  stm32f4xx_it.o(i.BusFault_Handler)
    DMA2_Stream2_IRQHandler                  0x080002d5   Thumb Code     6  stm32f4xx_it.o(i.DMA2_Stream2_IRQHandler)
    DMA2_Stream7_IRQHandler                  0x080002e1   Thumb Code     6  stm32f4xx_it.o(i.DMA2_Stream7_IRQHandler)
    DebugMon_Handler                         0x08000369   Thumb Code     2  stm32f4xx_it.o(i.DebugMon_Handler)
    Error_Handler                            0x0800036b   Thumb Code     4  main.o(i.Error_Handler)
    FLASH_Erase_Sector                       0x08000371   Thumb Code    74  stm32f4xx_hal_flash_ex.o(i.FLASH_Erase_Sector)
    FLASH_FlushCaches                        0x080003c1   Thumb Code    80  stm32f4xx_hal_flash_ex.o(i.FLASH_FlushCaches)
    FLASH_WaitForLastOperation               0x08000539   Thumb Code    72  stm32f4xx_hal_flash.o(i.FLASH_WaitForLastOperation)
    HAL_DMA_Abort                            0x08000589   Thumb Code   146  stm32f4xx_hal_dma.o(i.HAL_DMA_Abort)
    HAL_DMA_Abort_IT                         0x0800061b   Thumb Code    36  stm32f4xx_hal_dma.o(i.HAL_DMA_Abort_IT)
    HAL_DMA_IRQHandler                       0x08000641   Thumb Code   412  stm32f4xx_hal_dma.o(i.HAL_DMA_IRQHandler)
    HAL_DMA_Init                             0x080007e1   Thumb Code   206  stm32f4xx_hal_dma.o(i.HAL_DMA_Init)
    HAL_FLASHEx_Erase                        0x080008b5   Thumb Code   144  stm32f4xx_hal_flash_ex.o(i.HAL_FLASHEx_Erase)
    HAL_FLASH_Lock                           0x0800094d   Thumb Code    14  stm32f4xx_hal_flash.o(i.HAL_FLASH_Lock)
    HAL_FLASH_Program                        0x08000961   Thumb Code   116  stm32f4xx_hal_flash.o(i.HAL_FLASH_Program)
    HAL_FLASH_Unlock                         0x080009dd   Thumb Code    32  stm32f4xx_hal_flash.o(i.HAL_FLASH_Unlock)
    HAL_GPIO_Init                            0x08000a09   Thumb Code   450  stm32f4xx_hal_gpio.o(i.HAL_GPIO_Init)
    HAL_GPIO_TogglePin                       0x08000bf9   Thumb Code    16  stm32f4xx_hal_gpio.o(i.HAL_GPIO_TogglePin)
    HAL_GPIO_WritePin                        0x08000c09   Thumb Code    10  stm32f4xx_hal_gpio.o(i.HAL_GPIO_WritePin)
    HAL_GetTick                              0x08000c15   Thumb Code     6  stm32f4xx_hal.o(i.HAL_GetTick)
    HAL_IncTick                              0x08000c21   Thumb Code    12  stm32f4xx_hal.o(i.HAL_IncTick)
    HAL_Init                                 0x08000c31   Thumb Code    48  stm32f4xx_hal.o(i.HAL_Init)
    HAL_InitTick                             0x08000c65   Thumb Code   132  stm32f4xx_hal_timebase_tim.o(i.HAL_InitTick)
    HAL_MspInit                              0x08000cfd   Thumb Code    42  stm32f4xx_hal_msp.o(i.HAL_MspInit)
    HAL_NVIC_EnableIRQ                       0x08000d2d   Thumb Code    26  stm32f4xx_hal_cortex.o(i.HAL_NVIC_EnableIRQ)
    HAL_NVIC_SetPriority                     0x08000d49   Thumb Code    60  stm32f4xx_hal_cortex.o(i.HAL_NVIC_SetPriority)
    HAL_NVIC_SetPriorityGrouping             0x08000d89   Thumb Code    26  stm32f4xx_hal_cortex.o(i.HAL_NVIC_SetPriorityGrouping)
    HAL_RCC_ClockConfig                      0x08000dad   Thumb Code   288  stm32f4xx_hal_rcc.o(i.HAL_RCC_ClockConfig)
    HAL_RCC_GetClockConfig                   0x08000ee1   Thumb Code    54  stm32f4xx_hal_rcc.o(i.HAL_RCC_GetClockConfig)
    HAL_RCC_GetPCLK1Freq                     0x08000f21   Thumb Code    20  stm32f4xx_hal_rcc.o(i.HAL_RCC_GetPCLK1Freq)
    HAL_RCC_GetPCLK2Freq                     0x08000f41   Thumb Code    20  stm32f4xx_hal_rcc.o(i.HAL_RCC_GetPCLK2Freq)
    HAL_RCC_GetSysClockFreq                  0x08000f61   Thumb Code    88  stm32f4xx_hal_rcc.o(i.HAL_RCC_GetSysClockFreq)
    HAL_RCC_OscConfig                        0x08000fc5   Thumb Code   856  stm32f4xx_hal_rcc.o(i.HAL_RCC_OscConfig)
    HAL_TIMEx_BreakCallback                  0x08001331   Thumb Code     2  stm32f4xx_hal_tim_ex.o(i.HAL_TIMEx_BreakCallback)
    HAL_TIMEx_CommutCallback                 0x08001333   Thumb Code     2  stm32f4xx_hal_tim_ex.o(i.HAL_TIMEx_CommutCallback)
    HAL_TIM_Base_Init                        0x08001335   Thumb Code    90  stm32f4xx_hal_tim.o(i.HAL_TIM_Base_Init)
    HAL_TIM_Base_MspInit                     0x0800138f   Thumb Code     2  stm32f4xx_hal_tim.o(i.HAL_TIM_Base_MspInit)
    HAL_TIM_Base_Start_IT                    0x08001391   Thumb Code   100  stm32f4xx_hal_tim.o(i.HAL_TIM_Base_Start_IT)
    HAL_TIM_IC_CaptureCallback               0x08001411   Thumb Code     2  stm32f4xx_hal_tim.o(i.HAL_TIM_IC_CaptureCallback)
    HAL_TIM_IRQHandler                       0x08001413   Thumb Code   304  stm32f4xx_hal_tim.o(i.HAL_TIM_IRQHandler)
    HAL_TIM_OC_DelayElapsedCallback          0x08001543   Thumb Code     2  stm32f4xx_hal_tim.o(i.HAL_TIM_OC_DelayElapsedCallback)
    HAL_TIM_PWM_PulseFinishedCallback        0x08001545   Thumb Code     2  stm32f4xx_hal_tim.o(i.HAL_TIM_PWM_PulseFinishedCallback)
    HAL_TIM_PeriodElapsedCallback            0x08001549   Thumb Code    14  main.o(i.HAL_TIM_PeriodElapsedCallback)
    HAL_TIM_TriggerCallback                  0x0800155d   Thumb Code     2  stm32f4xx_hal_tim.o(i.HAL_TIM_TriggerCallback)
    HAL_UARTEx_RxEventCallback               0x0800155f   Thumb Code     2  stm32f4xx_hal_uart.o(i.HAL_UARTEx_RxEventCallback)
    HAL_UART_ErrorCallback                   0x08001561   Thumb Code     2  stm32f4xx_hal_uart.o(i.HAL_UART_ErrorCallback)
    HAL_UART_IRQHandler                      0x08001565   Thumb Code   636  stm32f4xx_hal_uart.o(i.HAL_UART_IRQHandler)
    HAL_UART_Init                            0x080017e5   Thumb Code   100  stm32f4xx_hal_uart.o(i.HAL_UART_Init)
    HAL_UART_MspInit                         0x08001849   Thumb Code   210  usart.o(i.HAL_UART_MspInit)
    HAL_UART_RxCpltCallback                  0x08001931   Thumb Code     2  stm32f4xx_hal_uart.o(i.HAL_UART_RxCpltCallback)
    HAL_UART_Transmit                        0x08001933   Thumb Code   160  stm32f4xx_hal_uart.o(i.HAL_UART_Transmit)
    HAL_UART_TxCpltCallback                  0x080019d3   Thumb Code     2  stm32f4xx_hal_uart.o(i.HAL_UART_TxCpltCallback)
    HardFault_Handler                        0x080019d5   Thumb Code     2  stm32f4xx_it.o(i.HardFault_Handler)
    MX_DMA_Init                              0x080019d9   Thumb Code    56  dma.o(i.MX_DMA_Init)
    MX_GPIO_Init                             0x08001a15   Thumb Code   102  gpio.o(i.MX_GPIO_Init)
    MX_USART1_UART_Init                      0x08001a85   Thumb Code    48  usart.o(i.MX_USART1_UART_Init)
    MemManage_Handler                        0x08001abd   Thumb Code     2  stm32f4xx_it.o(i.MemManage_Handler)
    NMI_Handler                              0x08001abf   Thumb Code     2  stm32f4xx_it.o(i.NMI_Handler)
    PendSV_Handler                           0x08001ac1   Thumb Code     2  stm32f4xx_it.o(i.PendSV_Handler)
    SEGGER_RTT_Init                          0x08001ac3   Thumb Code     4  segger_rtt.o(i.SEGGER_RTT_Init)
    SEGGER_RTT_Write                         0x08001ac9   Thumb Code    52  segger_rtt.o(i.SEGGER_RTT_Write)
    SEGGER_RTT_WriteNoLock                   0x08001b01   Thumb Code    86  segger_rtt.o(i.SEGGER_RTT_WriteNoLock)
    SEGGER_RTT_printf                        0x08001b5d   Thumb Code    22  segger_rtt_printf.o(i.SEGGER_RTT_printf)
    SEGGER_RTT_vprintf                       0x08001b75   Thumb Code   464  segger_rtt_printf.o(i.SEGGER_RTT_vprintf)
    SVC_Handler                              0x08001d4d   Thumb Code     2  stm32f4xx_it.o(i.SVC_Handler)
    SysTick_Handler                          0x08001d4f   Thumb Code     4  stm32f4xx_it.o(i.SysTick_Handler)
    SystemClock_Config                       0x08001d55   Thumb Code   140  main.o(i.SystemClock_Config)
    SystemInit                               0x08001de9   Thumb Code    12  system_stm32f4xx.o(i.SystemInit)
    TIM8_BRK_TIM12_IRQHandler                0x08001df9   Thumb Code     6  stm32f4xx_it.o(i.TIM8_BRK_TIM12_IRQHandler)
    TIM_Base_SetConfig                       0x08001e05   Thumb Code   164  stm32f4xx_hal_tim.o(i.TIM_Base_SetConfig)
    USART1_IRQHandler                        0x08002175   Thumb Code     6  stm32f4xx_it.o(i.USART1_IRQHandler)
    UsageFault_Handler                       0x08002181   Thumb Code     2  stm32f4xx_it.o(i.UsageFault_Handler)
    __0printf$4                              0x08002479   Thumb Code    22  printf4.o(i.__0printf$4)
    __1printf$4                              0x08002479   Thumb Code     0  printf4.o(i.__0printf$4)
    __2printf                                0x08002479   Thumb Code     0  printf4.o(i.__0printf$4)
    __scatterload_copy                       0x080024b9   Thumb Code    14  handlers.o(i.__scatterload_copy)
    __scatterload_null                       0x080024c7   Thumb Code     2  handlers.o(i.__scatterload_null)
    __scatterload_zeroinit                   0x080024c9   Thumb Code    14  handlers.o(i.__scatterload_zeroinit)
    app_led_demo_init                        0x08002705   Thumb Code    26  main.o(i.app_led_demo_init)
    app_queue_demo_init                      0x08002725   Thumb Code    74  main.o(i.app_queue_demo_init)
    app_rtt_demo_init                        0x08002795   Thumb Code    26  main.o(i.app_rtt_demo_init)
    app_usart_demo_init                      0x080027b5   Thumb Code    54  main.o(i.app_usart_demo_init)
    fputc                                    0x08002851   Thumb Code     4  main.o(i.fputc)
    main                                     0x080028b1   Thumb Code    48  main.o(i.main)
    osal_cortexm_get_tick_source             0x080028e1   Thumb Code     4  osal_cortexm.o(i.osal_cortexm_get_tick_source)
    osal_cortexm_init                        0x080028e9   Thumb Code     2  osal_cortexm.o(i.osal_cortexm_init)
    osal_cortexm_profile_enter_internal      0x08002909   Thumb Code     2  osal_cortexm.o(i.osal_cortexm_profile_enter_internal)
    osal_cortexm_profile_exit_internal       0x0800290b   Thumb Code     2  osal_cortexm.o(i.osal_cortexm_profile_exit_internal)
    osal_cortexm_profile_init                0x0800290d   Thumb Code    26  osal_cortexm.o(i.osal_cortexm_profile_init)
    osal_cortexm_setup_interrupt_controller  0x0800292d   Thumb Code    38  osal_cortexm.o(i.osal_cortexm_setup_interrupt_controller)
    osal_cortexm_setup_system_tick           0x0800295d   Thumb Code    20  osal_cortexm.o(i.osal_cortexm_setup_system_tick)
    osal_init                                0x080029b5   Thumb Code    26  osal_timer.o(i.osal_init)
    osal_irq_disable                         0x08002a35   Thumb Code     8  osal_irq.o(i.osal_irq_disable)
    osal_irq_is_in_isr                       0x08002a3d   Thumb Code    12  osal_irq.o(i.osal_irq_is_in_isr)
    osal_irq_restore                         0x08002a49   Thumb Code     8  osal_irq.o(i.osal_irq_restore)
    osal_mem_alloc                           0x08002a69   Thumb Code   226  osal_mem.o(i.osal_mem_alloc)
    osal_mem_free                            0x08002b6d   Thumb Code   166  osal_mem.o(i.osal_mem_free)
    osal_mem_init                            0x08002c19   Thumb Code   108  osal_mem.o(i.osal_mem_init)
    osal_platform_led1_toggle                0x08002ed5   Thumb Code     8  osal_platform_stm32f4.o(i.osal_platform_led1_toggle)
    osal_platform_led2_toggle                0x08002ee1   Thumb Code     8  osal_platform_stm32f4.o(i.osal_platform_led2_toggle)
    osal_platform_uart_create                0x08002eed   Thumb Code    22  osal_platform_stm32f4.o(i.osal_platform_uart_create)
    osal_queue_create                        0x08002f2d   Thumb Code    86  osal_queue.o(i.osal_queue_create)
    osal_queue_get_count                     0x08002ff9   Thumb Code    26  osal_queue.o(i.osal_queue_get_count)
    osal_queue_recv                          0x08003013   Thumb Code    90  osal_queue.o(i.osal_queue_recv)
    osal_queue_send                          0x0800306d   Thumb Code    90  osal_queue.o(i.osal_queue_send)
    osal_start_system                        0x080031c5   Thumb Code    44  osal_task.o(i.osal_start_system)
    osal_task_create                         0x08003221   Thumb Code    76  osal_task.o(i.osal_task_create)
    osal_task_start                          0x08003271   Thumb Code    32  osal_task.o(i.osal_task_start)
    osal_tick_handler                        0x08003291   Thumb Code    64  osal_timer.o(i.osal_tick_handler)
    osal_timer_get_tick                      0x08003345   Thumb Code     4  osal_timer.o(i.osal_timer_get_tick)
    osal_timer_get_uptime_ms                 0x08003349   Thumb Code    18  osal_timer.o(i.osal_timer_get_uptime_ms)
    osal_timer_poll                          0x0800338d   Thumb Code   146  osal_timer.o(i.osal_timer_poll)
    periph_uart_bind_console                 0x08003515   Thumb Code    40  periph_uart.o(i.periph_uart_bind_console)
    periph_uart_create                       0x08003541   Thumb Code    46  periph_uart.o(i.periph_uart_create)
    periph_uart_fputc                        0x08003575   Thumb Code    30  periph_uart.o(i.periph_uart_fputc)
    periph_uart_write                        0x080035b9   Thumb Code    52  periph_uart.o(i.periph_uart_write)
    periph_uart_write_byte                   0x080035ed   Thumb Code    34  periph_uart.o(i.periph_uart_write_byte)
    periph_uart_write_string                 0x0800360f   Thumb Code    42  periph_uart.o(i.periph_uart_write_string)
    AHBPrescTable                            0x080037d5   Data          16  system_stm32f4xx.o(.constdata)
    APBPrescTable                            0x080037e5   Data           8  system_stm32f4xx.o(.constdata)
    Region$$Table$$Base                      0x0800385c   Number         0  anon$$obj.o(Region$$Table)
    Region$$Table$$Limit                     0x0800387c   Number         0  anon$$obj.o(Region$$Table)
    pFlash                                   0x20000020   Data          32  stm32f4xx_hal_flash.o(.data)
    uwTickFreq                               0x20000040   Data           1  stm32f4xx_hal.o(.data)
    uwTickPrio                               0x20000044   Data           4  stm32f4xx_hal.o(.data)
    uwTick                                   0x20000048   Data           4  stm32f4xx_hal.o(.data)
    SystemCoreClock                          0x2000004c   Data           4  system_stm32f4xx.o(.data)
    __stdout                                 0x200000d0   Data           4  stdout.o(.data)
    huart1                                   0x200000d4   Data          72  usart.o(.bss)
    hdma_usart1_rx                           0x2000011c   Data          96  usart.o(.bss)
    hdma_usart1_tx                           0x2000017c   Data          96  usart.o(.bss)
    htim12                                   0x200001dc   Data          72  stm32f4xx_hal_timebase_tim.o(.bss)
    _SEGGER_RTT                              0x2000129c   Data         168  segger_rtt.o(.bss)
    __initial_sp                             0x20001b58   Data           0  startup_stm32f407xx.o(STACK)



==============================================================================

Memory Map of the image

  Image Entry point : 0x08000189

  Load Region LR_IROM1 (Base: 0x08000000, Size: 0x00003950, Max: 0x00100000, ABSOLUTE)

    Execution Region ER_IROM1 (Exec base: 0x08000000, Load base: 0x08000000, Size: 0x0000387c, Max: 0x00100000, ABSOLUTE)

    Exec Addr    Load Addr    Size         Type   Attr      Idx    E Section Name        Object

    0x08000000   0x08000000   0x00000188   Data   RO            3    RESET               startup_stm32f407xx.o
    0x08000188   0x08000188   0x00000000   Code   RO         4275  * .ARM.Collect$$$$00000000  mc_w.l(entry.o)
    0x08000188   0x08000188   0x00000004   Code   RO         4549    .ARM.Collect$$$$00000001  mc_w.l(entry2.o)
    0x0800018c   0x0800018c   0x00000004   Code   RO         4552    .ARM.Collect$$$$00000004  mc_w.l(entry5.o)
    0x08000190   0x08000190   0x00000000   Code   RO         4554    .ARM.Collect$$$$00000008  mc_w.l(entry7b.o)
    0x08000190   0x08000190   0x00000000   Code   RO         4556    .ARM.Collect$$$$0000000A  mc_w.l(entry8b.o)
    0x08000190   0x08000190   0x00000008   Code   RO         4557    .ARM.Collect$$$$0000000B  mc_w.l(entry9a.o)
    0x08000198   0x08000198   0x00000004   Code   RO         4564    .ARM.Collect$$$$0000000E  mc_w.l(entry12b.o)
    0x0800019c   0x0800019c   0x00000000   Code   RO         4559    .ARM.Collect$$$$0000000F  mc_w.l(entry10a.o)
    0x0800019c   0x0800019c   0x00000000   Code   RO         4561    .ARM.Collect$$$$00000011  mc_w.l(entry11a.o)
    0x0800019c   0x0800019c   0x00000004   Code   RO         4550    .ARM.Collect$$$$00002712  mc_w.l(entry2.o)
    0x080001a0   0x080001a0   0x00000024   Code   RO            4    .text               startup_stm32f407xx.o
    0x080001c4   0x080001c4   0x00000062   Code   RO         4278    .text               mc_w.l(uldiv.o)
    0x08000226   0x08000226   0x00000024   Code   RO         4280    .text               mc_w.l(memcpya.o)
    0x0800024a   0x0800024a   0x00000024   Code   RO         4282    .text               mc_w.l(memseta.o)
    0x0800026e   0x0800026e   0x0000001e   Code   RO         4568    .text               mc_w.l(llshl.o)
    0x0800028c   0x0800028c   0x00000020   Code   RO         4570    .text               mc_w.l(llushr.o)
    0x080002ac   0x080002ac   0x00000024   Code   RO         4583    .text               mc_w.l(init.o)
    0x080002d0   0x080002d0   0x00000002   Code   RO          378    i.BusFault_Handler  stm32f4xx_it.o
    0x080002d2   0x080002d2   0x00000002   PAD
    0x080002d4   0x080002d4   0x0000000c   Code   RO          379    i.DMA2_Stream2_IRQHandler  stm32f4xx_it.o
    0x080002e0   0x080002e0   0x0000000c   Code   RO          380    i.DMA2_Stream7_IRQHandler  stm32f4xx_it.o
    0x080002ec   0x080002ec   0x00000028   Code   RO         2336    i.DMA_CalcBaseAndBitshift  stm32f4xx_hal_dma.o
    0x08000314   0x08000314   0x00000054   Code   RO         2337    i.DMA_CheckFifoParam  stm32f4xx_hal_dma.o
    0x08000368   0x08000368   0x00000002   Code   RO          381    i.DebugMon_Handler  stm32f4xx_it.o
    0x0800036a   0x0800036a   0x00000004   Code   RO           13    i.Error_Handler     main.o
    0x0800036e   0x0800036e   0x00000002   PAD
    0x08000370   0x08000370   0x00000050   Code   RO         2151    i.FLASH_Erase_Sector  stm32f4xx_hal_flash_ex.o
    0x080003c0   0x080003c0   0x00000054   Code   RO         2152    i.FLASH_FlushCaches  stm32f4xx_hal_flash_ex.o
    0x08000414   0x08000414   0x00000028   Code   RO         2153    i.FLASH_MassErase   stm32f4xx_hal_flash_ex.o
    0x0800043c   0x0800043c   0x00000020   Code   RO         2033    i.FLASH_Program_Byte  stm32f4xx_hal_flash.o
    0x0800045c   0x0800045c   0x0000002c   Code   RO         2034    i.FLASH_Program_DoubleWord  stm32f4xx_hal_flash.o
    0x08000488   0x08000488   0x00000024   Code   RO         2035    i.FLASH_Program_HalfWord  stm32f4xx_hal_flash.o
    0x080004ac   0x080004ac   0x00000024   Code   RO         2036    i.FLASH_Program_Word  stm32f4xx_hal_flash.o
    0x080004d0   0x080004d0   0x00000068   Code   RO         2037    i.FLASH_SetErrorCode  stm32f4xx_hal_flash.o
    0x08000538   0x08000538   0x00000050   Code   RO         2038    i.FLASH_WaitForLastOperation  stm32f4xx_hal_flash.o
    0x08000588   0x08000588   0x00000092   Code   RO         2339    i.HAL_DMA_Abort     stm32f4xx_hal_dma.o
    0x0800061a   0x0800061a   0x00000024   Code   RO         2340    i.HAL_DMA_Abort_IT  stm32f4xx_hal_dma.o
    0x0800063e   0x0800063e   0x00000002   PAD
    0x08000640   0x08000640   0x000001a0   Code   RO         2344    i.HAL_DMA_IRQHandler  stm32f4xx_hal_dma.o
    0x080007e0   0x080007e0   0x000000d4   Code   RO         2345    i.HAL_DMA_Init      stm32f4xx_hal_dma.o
    0x080008b4   0x080008b4   0x00000098   Code   RO         2154    i.HAL_FLASHEx_Erase  stm32f4xx_hal_flash_ex.o
    0x0800094c   0x0800094c   0x00000014   Code   RO         2042    i.HAL_FLASH_Lock    stm32f4xx_hal_flash.o
    0x08000960   0x08000960   0x0000007c   Code   RO         2047    i.HAL_FLASH_Program  stm32f4xx_hal_flash.o
    0x080009dc   0x080009dc   0x0000002c   Code   RO         2049    i.HAL_FLASH_Unlock  stm32f4xx_hal_flash.o
    0x08000a08   0x08000a08   0x000001f0   Code   RO         2232    i.HAL_GPIO_Init     stm32f4xx_hal_gpio.o
    0x08000bf8   0x08000bf8   0x00000010   Code   RO         2235    i.HAL_GPIO_TogglePin  stm32f4xx_hal_gpio.o
    0x08000c08   0x08000c08   0x0000000a   Code   RO         2236    i.HAL_GPIO_WritePin  stm32f4xx_hal_gpio.o
    0x08000c12   0x08000c12   0x00000002   PAD
    0x08000c14   0x08000c14   0x0000000c   Code   RO         2782    i.HAL_GetTick       stm32f4xx_hal.o
    0x08000c20   0x08000c20   0x00000010   Code   RO         2788    i.HAL_IncTick       stm32f4xx_hal.o
    0x08000c30   0x08000c30   0x00000034   Code   RO         2789    i.HAL_Init          stm32f4xx_hal.o
    0x08000c64   0x08000c64   0x00000098   Code   RO          502    i.HAL_InitTick      stm32f4xx_hal_timebase_tim.o
    0x08000cfc   0x08000cfc   0x00000030   Code   RO          478    i.HAL_MspInit       stm32f4xx_hal_msp.o
    0x08000d2c   0x08000d2c   0x0000001a   Code   RO         2624    i.HAL_NVIC_EnableIRQ  stm32f4xx_hal_cortex.o
    0x08000d46   0x08000d46   0x00000002   PAD
    0x08000d48   0x08000d48   0x00000040   Code   RO         2630    i.HAL_NVIC_SetPriority  stm32f4xx_hal_cortex.o
    0x08000d88   0x08000d88   0x00000024   Code   RO         2631    i.HAL_NVIC_SetPriorityGrouping  stm32f4xx_hal_cortex.o
    0x08000dac   0x08000dac   0x00000134   Code   RO         1878    i.HAL_RCC_ClockConfig  stm32f4xx_hal_rcc.o
    0x08000ee0   0x08000ee0   0x00000040   Code   RO         1882    i.HAL_RCC_GetClockConfig  stm32f4xx_hal_rcc.o
    0x08000f20   0x08000f20   0x00000020   Code   RO         1885    i.HAL_RCC_GetPCLK1Freq  stm32f4xx_hal_rcc.o
    0x08000f40   0x08000f40   0x00000020   Code   RO         1886    i.HAL_RCC_GetPCLK2Freq  stm32f4xx_hal_rcc.o
    0x08000f60   0x08000f60   0x00000064   Code   RO         1887    i.HAL_RCC_GetSysClockFreq  stm32f4xx_hal_rcc.o
    0x08000fc4   0x08000fc4   0x0000036c   Code   RO         1890    i.HAL_RCC_OscConfig  stm32f4xx_hal_rcc.o
    0x08001330   0x08001330   0x00000002   Code   RO         1247    i.HAL_TIMEx_BreakCallback  stm32f4xx_hal_tim_ex.o
    0x08001332   0x08001332   0x00000002   Code   RO         1248    i.HAL_TIMEx_CommutCallback  stm32f4xx_hal_tim_ex.o
    0x08001334   0x08001334   0x0000005a   Code   RO          543    i.HAL_TIM_Base_Init  stm32f4xx_hal_tim.o
    0x0800138e   0x0800138e   0x00000002   Code   RO          545    i.HAL_TIM_Base_MspInit  stm32f4xx_hal_tim.o
    0x08001390   0x08001390   0x00000080   Code   RO          548    i.HAL_TIM_Base_Start_IT  stm32f4xx_hal_tim.o
    0x08001410   0x08001410   0x00000002   Code   RO          577    i.HAL_TIM_IC_CaptureCallback  stm32f4xx_hal_tim.o
    0x08001412   0x08001412   0x00000130   Code   RO          591    i.HAL_TIM_IRQHandler  stm32f4xx_hal_tim.o
    0x08001542   0x08001542   0x00000002   Code   RO          594    i.HAL_TIM_OC_DelayElapsedCallback  stm32f4xx_hal_tim.o
    0x08001544   0x08001544   0x00000002   Code   RO          621    i.HAL_TIM_PWM_PulseFinishedCallback  stm32f4xx_hal_tim.o
    0x08001546   0x08001546   0x00000002   PAD
    0x08001548   0x08001548   0x00000014   Code   RO           14    i.HAL_TIM_PeriodElapsedCallback  main.o
    0x0800155c   0x0800155c   0x00000002   Code   RO          634    i.HAL_TIM_TriggerCallback  stm32f4xx_hal_tim.o
    0x0800155e   0x0800155e   0x00000002   Code   RO         1526    i.HAL_UARTEx_RxEventCallback  stm32f4xx_hal_uart.o
    0x08001560   0x08001560   0x00000002   Code   RO         1540    i.HAL_UART_ErrorCallback  stm32f4xx_hal_uart.o
    0x08001562   0x08001562   0x00000002   PAD
    0x08001564   0x08001564   0x00000280   Code   RO         1543    i.HAL_UART_IRQHandler  stm32f4xx_hal_uart.o
    0x080017e4   0x080017e4   0x00000064   Code   RO         1544    i.HAL_UART_Init     stm32f4xx_hal_uart.o
    0x08001848   0x08001848   0x000000e8   Code   RO          337    i.HAL_UART_MspInit  usart.o
    0x08001930   0x08001930   0x00000002   Code   RO         1550    i.HAL_UART_RxCpltCallback  stm32f4xx_hal_uart.o
    0x08001932   0x08001932   0x000000a0   Code   RO         1552    i.HAL_UART_Transmit  stm32f4xx_hal_uart.o
    0x080019d2   0x080019d2   0x00000002   Code   RO         1555    i.HAL_UART_TxCpltCallback  stm32f4xx_hal_uart.o
    0x080019d4   0x080019d4   0x00000002   Code   RO          382    i.HardFault_Handler  stm32f4xx_it.o
    0x080019d6   0x080019d6   0x00000002   PAD
    0x080019d8   0x080019d8   0x0000003c   Code   RO          312    i.MX_DMA_Init       dma.o
    0x08001a14   0x08001a14   0x00000070   Code   RO          288    i.MX_GPIO_Init      gpio.o
    0x08001a84   0x08001a84   0x00000038   Code   RO          338    i.MX_USART1_UART_Init  usart.o
    0x08001abc   0x08001abc   0x00000002   Code   RO          383    i.MemManage_Handler  stm32f4xx_it.o
    0x08001abe   0x08001abe   0x00000002   Code   RO          384    i.NMI_Handler       stm32f4xx_it.o
    0x08001ac0   0x08001ac0   0x00000002   Code   RO          385    i.PendSV_Handler    stm32f4xx_it.o
    0x08001ac2   0x08001ac2   0x00000004   Code   RO         3910    i.SEGGER_RTT_Init   segger_rtt.o
    0x08001ac6   0x08001ac6   0x00000002   PAD
    0x08001ac8   0x08001ac8   0x00000038   Code   RO         3925    i.SEGGER_RTT_Write  segger_rtt.o
    0x08001b00   0x08001b00   0x0000005c   Code   RO         3928    i.SEGGER_RTT_WriteNoLock  segger_rtt.o
    0x08001b5c   0x08001b5c   0x00000016   Code   RO         4139    i.SEGGER_RTT_printf  segger_rtt_printf.o
    0x08001b72   0x08001b72   0x00000002   PAD
    0x08001b74   0x08001b74   0x000001d8   Code   RO         4140    i.SEGGER_RTT_vprintf  segger_rtt_printf.o
    0x08001d4c   0x08001d4c   0x00000002   Code   RO          386    i.SVC_Handler       stm32f4xx_it.o
    0x08001d4e   0x08001d4e   0x00000004   Code   RO          387    i.SysTick_Handler   stm32f4xx_it.o
    0x08001d52   0x08001d52   0x00000002   PAD
    0x08001d54   0x08001d54   0x00000094   Code   RO           15    i.SystemClock_Config  main.o
    0x08001de8   0x08001de8   0x00000010   Code   RO         3028    i.SystemInit        system_stm32f4xx.o
    0x08001df8   0x08001df8   0x0000000c   Code   RO          388    i.TIM8_BRK_TIM12_IRQHandler  stm32f4xx_it.o
    0x08001e04   0x08001e04   0x000000d0   Code   RO          636    i.TIM_Base_SetConfig  stm32f4xx_hal_tim.o
    0x08001ed4   0x08001ed4   0x0000000e   Code   RO         1557    i.UART_DMAAbortOnError  stm32f4xx_hal_uart.o
    0x08001ee2   0x08001ee2   0x0000004e   Code   RO         1567    i.UART_EndRxTransfer  stm32f4xx_hal_uart.o
    0x08001f30   0x08001f30   0x000000c2   Code   RO         1569    i.UART_Receive_IT   stm32f4xx_hal_uart.o
    0x08001ff2   0x08001ff2   0x00000002   PAD
    0x08001ff4   0x08001ff4   0x0000010c   Code   RO         1570    i.UART_SetConfig    stm32f4xx_hal_uart.o
    0x08002100   0x08002100   0x00000072   Code   RO         1573    i.UART_WaitOnFlagUntilTimeout  stm32f4xx_hal_uart.o
    0x08002172   0x08002172   0x00000002   PAD
    0x08002174   0x08002174   0x0000000c   Code   RO          389    i.USART1_IRQHandler  stm32f4xx_it.o
    0x08002180   0x08002180   0x00000002   Code   RO          390    i.UsageFault_Handler  stm32f4xx_it.o
    0x08002182   0x08002182   0x00000002   PAD
    0x08002184   0x08002184   0x00000064   Code   RO         3932    i._DoInit           segger_rtt.o
    0x080021e8   0x080021e8   0x00000016   Code   RO         3933    i._GetAvailWriteSpace  segger_rtt.o
    0x080021fe   0x080021fe   0x00000002   PAD
    0x08002200   0x08002200   0x000000c6   Code   RO         4141    i._PrintInt         segger_rtt_printf.o
    0x080022c6   0x080022c6   0x00000002   PAD
    0x080022c8   0x080022c8   0x000000d4   Code   RO         4142    i._PrintUnsigned    segger_rtt_printf.o
    0x0800239c   0x0800239c   0x0000003e   Code   RO         4143    i._StoreChar        segger_rtt_printf.o
    0x080023da   0x080023da   0x0000005a   Code   RO         3935    i._WriteBlocking    segger_rtt.o
    0x08002434   0x08002434   0x00000042   Code   RO         3936    i._WriteNoCheck     segger_rtt.o
    0x08002476   0x08002476   0x00000002   PAD
    0x08002478   0x08002478   0x00000020   Code   RO         4399    i.__0printf$4       mc_w.l(printf4.o)
    0x08002498   0x08002498   0x00000020   Code   RO         2637    i.__NVIC_SetPriority  stm32f4xx_hal_cortex.o
    0x080024b8   0x080024b8   0x0000000e   Code   RO         4591    i.__scatterload_copy  mc_w.l(handlers.o)
    0x080024c6   0x080024c6   0x00000002   Code   RO         4592    i.__scatterload_null  mc_w.l(handlers.o)
    0x080024c8   0x080024c8   0x0000000e   Code   RO         4593    i.__scatterload_zeroinit  mc_w.l(handlers.o)
    0x080024d6   0x080024d6   0x00000002   PAD
    0x080024d8   0x080024d8   0x0000022c   Code   RO         4406    i._printf_core      mc_w.l(printf4.o)
    0x08002704   0x08002704   0x00000020   Code   RO           16    i.app_led_demo_init  main.o
    0x08002724   0x08002724   0x00000070   Code   RO           17    i.app_queue_demo_init  main.o
    0x08002794   0x08002794   0x00000020   Code   RO           18    i.app_rtt_demo_init  main.o
    0x080027b4   0x080027b4   0x0000009c   Code   RO           20    i.app_usart_demo_init  main.o
    0x08002850   0x08002850   0x00000004   Code   RO           21    i.fputc             main.o
    0x08002854   0x08002854   0x0000005c   Code   RO           22    i.led_demo_task     main.o
    0x080028b0   0x080028b0   0x00000030   Code   RO           23    i.main              main.o
    0x080028e0   0x080028e0   0x00000008   Code   RO         3394    i.osal_cortexm_get_tick_source  osal_cortexm.o
    0x080028e8   0x080028e8   0x00000002   Code   RO         3395    i.osal_cortexm_init  osal_cortexm.o
    0x080028ea   0x080028ea   0x00000002   PAD
    0x080028ec   0x080028ec   0x0000001c   Code   RO         3396    i.osal_cortexm_profile_clear_locked  osal_cortexm.o
    0x08002908   0x08002908   0x00000002   Code   RO         3399    i.osal_cortexm_profile_enter_internal  osal_cortexm.o
    0x0800290a   0x0800290a   0x00000002   Code   RO         3400    i.osal_cortexm_profile_exit_internal  osal_cortexm.o
    0x0800290c   0x0800290c   0x00000020   Code   RO         3402    i.osal_cortexm_profile_init  osal_cortexm.o
    0x0800292c   0x0800292c   0x00000030   Code   RO         3405    i.osal_cortexm_setup_interrupt_controller  osal_cortexm.o
    0x0800295c   0x0800295c   0x00000018   Code   RO         3406    i.osal_cortexm_setup_system_tick  osal_cortexm.o
    0x08002974   0x08002974   0x00000008   Code   RO         3407    i.osal_cortexm_tick_source_get_clock_hz  osal_cortexm.o
    0x0800297c   0x0800297c   0x00000008   Code   RO         3408    i.osal_cortexm_tick_source_get_current_value  osal_cortexm.o
    0x08002984   0x08002984   0x00000008   Code   RO         3409    i.osal_cortexm_tick_source_get_reload_value  osal_cortexm.o
    0x0800298c   0x0800298c   0x0000000c   Code   RO         3410    i.osal_cortexm_tick_source_has_elapsed  osal_cortexm.o
    0x08002998   0x08002998   0x0000000c   Code   RO         3411    i.osal_cortexm_tick_source_is_enabled  osal_cortexm.o
    0x080029a4   0x080029a4   0x00000010   Code   RO         3119    i.osal_heap_set_block  osal_mem.o
    0x080029b4   0x080029b4   0x0000001a   Code   RO         3598    i.osal_init         osal_timer.o
    0x080029ce   0x080029ce   0x00000010   Code   RO         3120    i.osal_internal_critical_enter  osal_mem.o
    0x080029de   0x080029de   0x00000010   Code   RO         3291    i.osal_internal_critical_enter  osal_queue.o
    0x080029ee   0x080029ee   0x00000010   Code   RO         3599    i.osal_internal_critical_enter  osal_timer.o
    0x080029fe   0x080029fe   0x00000012   Code   RO         3121    i.osal_internal_critical_exit  osal_mem.o
    0x08002a10   0x08002a10   0x00000012   Code   RO         3292    i.osal_internal_critical_exit  osal_queue.o
    0x08002a22   0x08002a22   0x00000012   Code   RO         3600    i.osal_internal_critical_exit  osal_timer.o
    0x08002a34   0x08002a34   0x00000008   Code   RO         3065    i.osal_irq_disable  osal_irq.o
    0x08002a3c   0x08002a3c   0x0000000c   Code   RO         3067    i.osal_irq_is_in_isr  osal_irq.o
    0x08002a48   0x08002a48   0x00000008   Code   RO         3068    i.osal_irq_restore  osal_irq.o
    0x08002a50   0x08002a50   0x00000018   Code   RO         3122    i.osal_mem_align_up_checked  osal_mem.o
    0x08002a68   0x08002a68   0x000000ec   Code   RO         3123    i.osal_mem_alloc    osal_mem.o
    0x08002b54   0x08002b54   0x00000018   Code   RO         3124    i.osal_mem_ensure_init  osal_mem.o
    0x08002b6c   0x08002b6c   0x000000ac   Code   RO         3125    i.osal_mem_free     osal_mem.o
    0x08002c18   0x08002c18   0x00000074   Code   RO         3130    i.osal_mem_init     osal_mem.o
    0x08002c8c   0x08002c8c   0x00000070   Code   RO         3131    i.osal_mem_insert_free_block  osal_mem.o
    0x08002cfc   0x08002cfc   0x00000024   Code   RO         3133    i.osal_mem_note_alloc  osal_mem.o
    0x08002d20   0x08002d20   0x00000010   Code   RO         3134    i.osal_mem_note_alloc_fail  osal_mem.o
    0x08002d30   0x08002d30   0x0000002c   Code   RO         3135    i.osal_mem_pointer_in_heap  osal_mem.o
    0x08002d5c   0x08002d5c   0x0000004e   Code   RO         4181    i.osal_platform_flash_erase  osal_platform_stm32f4.o
    0x08002daa   0x08002daa   0x0000000e   Code   RO         4182    i.osal_platform_flash_lock  osal_platform_stm32f4.o
    0x08002db8   0x08002db8   0x00000014   Code   RO         4183    i.osal_platform_flash_read  osal_platform_stm32f4.o
    0x08002dcc   0x08002dcc   0x000000b4   Code   RO         4184    i.osal_platform_flash_sector_from_address  osal_platform_stm32f4.o
    0x08002e80   0x08002e80   0x0000000e   Code   RO         4185    i.osal_platform_flash_unlock  osal_platform_stm32f4.o
    0x08002e8e   0x08002e8e   0x00000012   Code   RO         4186    i.osal_platform_flash_write_u16  osal_platform_stm32f4.o
    0x08002ea0   0x08002ea0   0x00000012   Code   RO         4187    i.osal_platform_flash_write_u32  osal_platform_stm32f4.o
    0x08002eb2   0x08002eb2   0x00000010   Code   RO         4188    i.osal_platform_flash_write_u64  osal_platform_stm32f4.o
    0x08002ec2   0x08002ec2   0x00000012   Code   RO         4189    i.osal_platform_flash_write_u8  osal_platform_stm32f4.o
    0x08002ed4   0x08002ed4   0x0000000c   Code   RO         4190    i.osal_platform_led1_toggle  osal_platform_stm32f4.o
    0x08002ee0   0x08002ee0   0x0000000c   Code   RO         4191    i.osal_platform_led2_toggle  osal_platform_stm32f4.o
    0x08002eec   0x08002eec   0x00000024   Code   RO         4192    i.osal_platform_uart_create  osal_platform_stm32f4.o
    0x08002f10   0x08002f10   0x0000001c   Code   RO         4193    i.osal_platform_uart_write_byte  osal_platform_stm32f4.o
    0x08002f2c   0x08002f2c   0x0000005c   Code   RO         3293    i.osal_queue_create  osal_queue.o
    0x08002f88   0x08002f88   0x00000038   Code   RO         3295    i.osal_queue_dequeue_locked  osal_queue.o
    0x08002fc0   0x08002fc0   0x00000038   Code   RO         3296    i.osal_queue_enqueue_locked  osal_queue.o
    0x08002ff8   0x08002ff8   0x0000001a   Code   RO         3297    i.osal_queue_get_count  osal_queue.o
    0x08003012   0x08003012   0x0000005a   Code   RO         3298    i.osal_queue_recv   osal_queue.o
    0x0800306c   0x0800306c   0x0000005a   Code   RO         3300    i.osal_queue_send   osal_queue.o
    0x080030c6   0x080030c6   0x00000020   Code   RO         3302    i.osal_queue_try_recv  osal_queue.o
    0x080030e6   0x080030e6   0x00000020   Code   RO         3303    i.osal_queue_try_send  osal_queue.o
    0x08003106   0x08003106   0x00000002   PAD
    0x08003108   0x08003108   0x00000020   Code   RO         3304    i.osal_queue_validate_handle  osal_queue.o
    0x08003128   0x08003128   0x00000054   Code   RO         3523    i.osal_scheduler_dispatch  osal_task.o
    0x0800317c   0x0800317c   0x00000048   Code   RO         3524    i.osal_scheduler_execute_priority_list  osal_task.o
    0x080031c4   0x080031c4   0x00000030   Code   RO         3525    i.osal_start_system  osal_task.o
    0x080031f4   0x080031f4   0x0000002c   Code   RO         3526    i.osal_task_contains  osal_task.o
    0x08003220   0x08003220   0x00000050   Code   RO         3527    i.osal_task_create  osal_task.o
    0x08003270   0x08003270   0x00000020   Code   RO         3529    i.osal_task_start   osal_task.o
    0x08003290   0x08003290   0x00000044   Code   RO         3601    i.osal_tick_handler  osal_timer.o
    0x080032d4   0x080032d4   0x00000070   Code   RO         3606    i.osal_timer_get_subtick_us_locked  osal_timer.o
    0x08003344   0x08003344   0x00000004   Code   RO         3607    i.osal_timer_get_tick  osal_timer.o
    0x08003348   0x08003348   0x00000018   Code   RO         3608    i.osal_timer_get_uptime_ms  osal_timer.o
    0x08003360   0x08003360   0x0000002c   Code   RO         3610    i.osal_timer_get_uptime_us64  osal_timer.o
    0x0800338c   0x0800338c   0x0000009c   Code   RO         3612    i.osal_timer_poll   osal_timer.o
    0x08003428   0x08003428   0x00000040   Code   RO         3613    i.osal_timer_refresh_next_expiry  osal_timer.o
    0x08003468   0x08003468   0x000000ac   Code   RO         3618    i.osal_timer_sync_tick_source  osal_timer.o
    0x08003514   0x08003514   0x0000002c   Code   RO         3739    i.periph_uart_bind_console  periph_uart.o
    0x08003540   0x08003540   0x00000034   Code   RO         3740    i.periph_uart_create  periph_uart.o
    0x08003574   0x08003574   0x00000024   Code   RO         3742    i.periph_uart_fputc  periph_uart.o
    0x08003598   0x08003598   0x00000020   Code   RO         3744    i.periph_uart_validate_handle  periph_uart.o
    0x080035b8   0x080035b8   0x00000034   Code   RO         3745    i.periph_uart_write  periph_uart.o
    0x080035ec   0x080035ec   0x00000022   Code   RO         3746    i.periph_uart_write_byte  periph_uart.o
    0x0800360e   0x0800360e   0x0000002a   Code   RO         3747    i.periph_uart_write_string  periph_uart.o
    0x08003638   0x08003638   0x00000060   Code   RO           26    i.queue_demo_consumer_task  main.o
    0x08003698   0x08003698   0x000000a4   Code   RO           27    i.queue_demo_producer_task  main.o
    0x0800373c   0x0800373c   0x0000008c   Code   RO           28    i.rtt_demo_task     main.o
    0x080037c8   0x080037c8   0x00000005   Data   RO           29    .constdata          main.o
    0x080037cd   0x080037cd   0x00000008   Data   RO         2351    .constdata          stm32f4xx_hal_dma.o
    0x080037d5   0x080037d5   0x00000010   Data   RO         3029    .constdata          system_stm32f4xx.o
    0x080037e5   0x080037e5   0x00000008   Data   RO         3030    .constdata          system_stm32f4xx.o
    0x080037ed   0x080037ed   0x00000003   PAD
    0x080037f0   0x080037f0   0x00000014   Data   RO         3413    .constdata          osal_cortexm.o
    0x08003804   0x08003804   0x00000021   Data   RO         3938    .constdata          segger_rtt.o
    0x08003825   0x08003825   0x00000010   Data   RO         4144    .constdata          segger_rtt_printf.o
    0x08003835   0x08003835   0x00000003   PAD
    0x08003838   0x08003838   0x00000024   Data   RO         4194    .constdata          osal_platform_stm32f4.o
    0x0800385c   0x0800385c   0x00000020   Data   RO         4589    Region$$Table       anon$$obj.o


    Execution Region RW_IRAM1 (Exec base: 0x20000000, Load base: 0x0800387c, Size: 0x00001b58, Max: 0x0001c000, ABSOLUTE)

    Exec Addr    Load Addr    Size         Type   Attr      Idx    E Section Name        Object

    0x20000000   0x0800387c   0x00000020   Data   RW           30    .data               main.o
    0x20000020   0x0800389c   0x00000020   Data   RW         2050    .data               stm32f4xx_hal_flash.o
    0x20000040   0x080038bc   0x0000000c   Data   RW         2796    .data               stm32f4xx_hal.o
    0x2000004c   0x080038c8   0x00000004   Data   RW         3031    .data               system_stm32f4xx.o
    0x20000050   0x080038cc   0x00000028   Data   RW         3142    .data               osal_mem.o
    0x20000078   0x080038f4   0x00000004   Data   RW         3305    .data               osal_queue.o
    0x2000007c   0x080038f8   0x0000000c   Data   RW         3533    .data               osal_task.o
    0x20000088   0x08003904   0x00000038   Data   RW         3620    .data               osal_timer.o
    0x200000c0   0x0800393c   0x00000008   Data   RW         3748    .data               periph_uart.o
    0x200000c8   0x08003944   0x00000008   Data   RW         4195    .data               osal_platform_stm32f4.o
    0x200000d0   0x0800394c   0x00000004   Data   RW         4565    .data               mc_w.l(stdout.o)
    0x200000d4        -       0x00000108   Zero   RW          339    .bss                usart.o
    0x200001dc        -       0x00000048   Zero   RW          505    .bss                stm32f4xx_hal_timebase_tim.o
    0x20000224        -       0x00001000   Zero   RW         3141    .bss                osal_mem.o
    0x20001224   0x08003950   0x00000004   PAD
    0x20001228        -       0x00000028   Zero   RW         3412    .bss                osal_cortexm.o
    0x20001250        -       0x0000000c   Zero   RW         3532    .bss                osal_task.o
    0x2000125c        -       0x00000040   Zero   RW         3619    .bss                osal_timer.o
    0x2000129c        -       0x000004b8   Zero   RW         3937    .bss                segger_rtt.o
    0x20001754   0x08003950   0x00000004   PAD
    0x20001758        -       0x00000400   Zero   RW            1    STACK               startup_stm32f407xx.o


    Execution Region RW_IRAM2 (Exec base: 0x2001c000, Load base: 0x08003950, Size: 0x00000000, Max: 0x00004000, ABSOLUTE)

    **** No section assigned to this execution region ****


==============================================================================

Image component sizes


      Code (inc. data)   RO Data    RW Data    ZI Data      Debug   Object Name

        60          4          0          0          0        802   dma.o
       112         10          0          0          0        939   gpio.o
      1048        330          5         32          0     713416   main.o
       194         32         20          0         40      14057   osal_cortexm.o
        28          0          0          0          0      10807   osal_irq.o
       830         50          0         40       4096      17401   osal_mem.o
       464         68         36          8          0       9956   osal_platform_stm32f4.o
       540         10          0          4          0       9691   osal_queue.o
       360         28          0         12         12       6437   osal_task.o
       704         50          0         56         64       9734   osal_timer.o
       292         20          0          8          0       7208   periph_uart.o
       430         30         33          0       1208      10832   segger_rtt.o
       966         14         16          0          0       6213   segger_rtt_printf.o
        36          8        392          0       1024        844   startup_stm32f407xx.o
        80         14          0         12          0       8138   stm32f4xx_hal.o
       158         14          0          0          0      33078   stm32f4xx_hal_cortex.o
       934         16          8          0          0       5679   stm32f4xx_hal_dma.o
       520         66          0         32          0       6698   stm32f4xx_hal_flash.o
       356         24          0          0          0       4042   stm32f4xx_hal_flash_ex.o
       522         46          0          0          0       2869   stm32f4xx_hal_gpio.o
        48          6          0          0          0        878   stm32f4xx_hal_msp.o
      1412         86          0          0          0       5977   stm32f4xx_hal_rcc.o
       740         72          0          0          0       7592   stm32f4xx_hal_tim.o
         4          0          0          0          0       1657   stm32f4xx_hal_tim_ex.o
       152         20          0          0         72       1508   stm32f4xx_hal_timebase_tim.o
      1576         14          0          0          0      10656   stm32f4xx_hal_uart.o
        68         24          0          0          0       6198   stm32f4xx_it.o
        16          4         24          4          0       1151   system_stm32f4xx.o
       288         30          0          0        264       1940   usart.o

    ----------------------------------------------------------------------
     12976       1090        572        208       6788     916398   Object Totals
         0          0         32          0          0          0   (incl. Generated)
        38          0          6          0          8          0   (incl. Padding)

    ----------------------------------------------------------------------

      Code (inc. data)   RO Data    RW Data    ZI Data      Debug   Library Member Name

         0          0          0          0          0          0   entry.o
         0          0          0          0          0          0   entry10a.o
         0          0          0          0          0          0   entry11a.o
         4          0          0          0          0          0   entry12b.o
         8          4          0          0          0          0   entry2.o
         4          0          0          0          0          0   entry5.o
         0          0          0          0          0          0   entry7b.o
         0          0          0          0          0          0   entry8b.o
         8          4          0          0          0          0   entry9a.o
        30          0          0          0          0          0   handlers.o
        36          8          0          0          0         68   init.o
        30          0          0          0          0         68   llshl.o
        32          0          0          0          0         68   llushr.o
        36          0          0          0          0         68   memcpya.o
        36          0          0          0          0        108   memseta.o
       588         14          0          0          0        184   printf4.o
         0          0          0          4          0          0   stdout.o
        98          0          0          0          0         92   uldiv.o

    ----------------------------------------------------------------------
       912         30          0          4          0        656   Library Totals
         2          0          0          0          0          0   (incl. Padding)

    ----------------------------------------------------------------------

      Code (inc. data)   RO Data    RW Data    ZI Data      Debug   Library Name

       910         30          0          4          0        656   mc_w.l

    ----------------------------------------------------------------------
       912         30          0          4          0        656   Library Totals

    ----------------------------------------------------------------------

==============================================================================


      Code (inc. data)   RO Data    RW Data    ZI Data      Debug   

     13888       1120        572        212       6788     899898   Grand Totals
     13888       1120        572        212       6788     899898   ELF Image Totals
     13888       1120        572        212          0          0   ROM Totals

==============================================================================

    Total RO  Size (Code + RO Data)                14460 (  14.12kB)
    Total RW  Size (RW Data + ZI Data)              7000 (   6.84kB)
    Total ROM Size (Code + RO Data + RW Data)      14672 (  14.33kB)

==============================================================================

