Component: ARM Compiler 5.06 update 7 (build 960) Tool: armlink [4d3601]

==============================================================================

Section Cross References

    startup_stm32f407xx.o(RESET) refers to startup_stm32f407xx.o(STACK) for __initial_sp
    startup_stm32f407xx.o(RESET) refers to startup_stm32f407xx.o(.text) for Reset_Handler
    startup_stm32f407xx.o(RESET) refers to stm32f4xx_it.o(i.NMI_Handler) for NMI_Handler
    startup_stm32f407xx.o(RESET) refers to stm32f4xx_it.o(i.HardFault_Handler) for HardFault_Handler
    startup_stm32f407xx.o(RESET) refers to stm32f4xx_it.o(i.MemManage_Handler) for MemManage_Handler
    startup_stm32f407xx.o(RESET) refers to stm32f4xx_it.o(i.BusFault_Handler) for BusFault_Handler
    startup_stm32f407xx.o(RESET) refers to stm32f4xx_it.o(i.UsageFault_Handler) for UsageFault_Handler
    startup_stm32f407xx.o(RESET) refers to stm32f4xx_it.o(i.SVC_Handler) for SVC_Handler
    startup_stm32f407xx.o(RESET) refers to stm32f4xx_it.o(i.DebugMon_Handler) for DebugMon_Handler
    startup_stm32f407xx.o(RESET) refers to stm32f4xx_it.o(i.PendSV_Handler) for PendSV_Handler
    startup_stm32f407xx.o(RESET) refers to stm32f4xx_it.o(i.SysTick_Handler) for SysTick_Handler
    startup_stm32f407xx.o(RESET) refers to stm32f4xx_it.o(i.USART1_IRQHandler) for USART1_IRQHandler
    startup_stm32f407xx.o(RESET) refers to stm32f4xx_it.o(i.DMA2_Stream2_IRQHandler) for DMA2_Stream2_IRQHandler
    startup_stm32f407xx.o(RESET) refers to stm32f4xx_it.o(i.DMA2_Stream7_IRQHandler) for DMA2_Stream7_IRQHandler
    startup_stm32f407xx.o(.text) refers to system_stm32f4xx.o(i.SystemInit) for SystemInit
    startup_stm32f407xx.o(.text) refers to entry.o(.ARM.Collect$$$$00000000) for __main
    main.o(i.SEGGER_RTT_Test) refers to segger_rtt.o(i.SEGGER_RTT_Init) for SEGGER_RTT_Init
    main.o(i.SEGGER_RTT_Test) refers to osal_timer.o(i.osal_timer_get_tick) for osal_timer_get_tick
    main.o(i.SEGGER_RTT_Test) refers to segger_rtt_printf.o(i.SEGGER_RTT_printf) for SEGGER_RTT_printf
    main.o(i.SEGGER_RTT_Test) refers to osal_task.o(i.osal_task_sleep) for osal_task_sleep
    main.o(i.SEGGER_RTT_Test) refers to main.o(.data) for .data
    main.o(i.SystemClock_Config) refers to memseta.o(.text) for __aeabi_memclr4
    main.o(i.SystemClock_Config) refers to stm32f4xx_hal_rcc.o(i.HAL_RCC_OscConfig) for HAL_RCC_OscConfig
    main.o(i.SystemClock_Config) refers to stm32f4xx_hal_rcc.o(i.HAL_RCC_ClockConfig) for HAL_RCC_ClockConfig
    main.o(i.app_queue_demo_init) refers to osal_queue.o(i.osal_queue_create_static) for osal_queue_create_static
    main.o(i.app_queue_demo_init) refers to osal_task.o(i.osal_task_create) for osal_task_create
    main.o(i.app_queue_demo_init) refers to osal_task.o(i.osal_task_start) for osal_task_start
    main.o(i.app_queue_demo_init) refers to printf4.o(i.__0printf$4) for __2printf
    main.o(i.app_queue_demo_init) refers to main.o(.bss) for .bss
    main.o(i.app_queue_demo_init) refers to main.o(.data) for .data
    main.o(i.app_queue_demo_init) refers to main.o(i.queue_producer_task) for queue_producer_task
    main.o(i.app_queue_demo_init) refers to main.o(i.queue_consumer_task) for queue_consumer_task
    main.o(i.fputc) refers to periph_uart.o(i.periph_uart_fputc) for periph_uart_fputc
    main.o(i.led_task) refers to osal_task.o(i.osal_task_sleep) for osal_task_sleep
    main.o(i.main) refers to stm32f4xx_hal.o(i.HAL_Init) for HAL_Init
    main.o(i.main) refers to main.o(i.SystemClock_Config) for SystemClock_Config
    main.o(i.main) refers to gpio.o(i.MX_GPIO_Init) for MX_GPIO_Init
    main.o(i.main) refers to dma.o(i.MX_DMA_Init) for MX_DMA_Init
    main.o(i.main) refers to usart.o(i.MX_USART1_UART_Init) for MX_USART1_UART_Init
    main.o(i.main) refers to osal_timer.o(i.osal_init) for osal_init
    main.o(i.main) refers to osal_platform_stm32f4.o(i.osal_platform_uart_create) for osal_platform_uart_create
    main.o(i.main) refers to periph_uart.o(i.periph_uart_bind_console) for periph_uart_bind_console
    main.o(i.main) refers to printf4.o(i.__0printf$4) for __2printf
    main.o(i.main) refers to osal_task.o(i.osal_task_create) for osal_task_create
    main.o(i.main) refers to osal_task.o(i.osal_task_start) for osal_task_start
    main.o(i.main) refers to main.o(i.app_queue_demo_init) for app_queue_demo_init
    main.o(i.main) refers to osal_timer.o(i.osal_timer_create) for osal_timer_create
    main.o(i.main) refers to osal_timer.o(i.osal_timer_start) for osal_timer_start
    main.o(i.main) refers to osal_task.o(i.osal_run) for osal_run
    main.o(i.main) refers to main.o(.data) for .data
    main.o(i.main) refers to main.o(i.led_task) for led_task
    main.o(i.main) refers to main.o(i.oneshot_timer_callback) for oneshot_timer_callback
    main.o(i.main) refers to main.o(i.periodic_timer_callback) for periodic_timer_callback
[...]
    ..\Drivers\STM32F4xx_HAL_Driver\Src\stm32f4xx_hal_flash.c 0x00000000   Number         0  stm32f4xx_hal_flash.o ABSOLUTE
    ..\Drivers\STM32F4xx_HAL_Driver\Src\stm32f4xx_hal_flash_ex.c 0x00000000   Number         0  stm32f4xx_hal_flash_ex.o ABSOLUTE
    ..\Drivers\STM32F4xx_HAL_Driver\Src\stm32f4xx_hal_flash_ramfunc.c 0x00000000   Number         0  stm32f4xx_hal_flash_ramfunc.o ABSOLUTE
    ..\Drivers\STM32F4xx_HAL_Driver\Src\stm32f4xx_hal_gpio.c 0x00000000   Number         0  stm32f4xx_hal_gpio.o ABSOLUTE
    ..\Drivers\STM32F4xx_HAL_Driver\Src\stm32f4xx_hal_pwr.c 0x00000000   Number         0  stm32f4xx_hal_pwr.o ABSOLUTE
    ..\Drivers\STM32F4xx_HAL_Driver\Src\stm32f4xx_hal_pwr_ex.c 0x00000000   Number         0  stm32f4xx_hal_pwr_ex.o ABSOLUTE
    ..\Drivers\STM32F4xx_HAL_Driver\Src\stm32f4xx_hal_rcc.c 0x00000000   Number         0  stm32f4xx_hal_rcc.o ABSOLUTE
    ..\Drivers\STM32F4xx_HAL_Driver\Src\stm32f4xx_hal_rcc_ex.c 0x00000000   Number         0  stm32f4xx_hal_rcc_ex.o ABSOLUTE
    ..\Drivers\STM32F4xx_HAL_Driver\Src\stm32f4xx_hal_uart.c 0x00000000   Number         0  stm32f4xx_hal_uart.o ABSOLUTE
    ..\Middleware\osal\components\periph\flash\Src\periph_flash.c 0x00000000   Number         0  periph_flash.o ABSOLUTE
    ..\Middleware\osal\components\periph\usart\Src\periph_uart.c 0x00000000   Number         0  periph_uart.o ABSOLUTE
    ..\Middleware\osal\platform\example\stm32f4\osal_platform_stm32f4.c 0x00000000   Number         0  osal_platform_stm32f4.o ABSOLUTE
    ..\Middleware\osal\system\Src\osal_event.c 0x00000000   Number         0  osal_event.o ABSOLUTE
    ..\Middleware\osal\system\Src\osal_irq.c 0x00000000   Number         0  osal_irq.o ABSOLUTE
    ..\Middleware\osal\system\Src\osal_mem.c 0x00000000   Number         0  osal_mem.o ABSOLUTE
    ..\Middleware\osal\system\Src\osal_mutex.c 0x00000000   Number         0  osal_mutex.o ABSOLUTE
    ..\Middleware\osal\system\Src\osal_queue.c 0x00000000   Number         0  osal_queue.o ABSOLUTE
    ..\Middleware\osal\system\Src\osal_task.c 0x00000000   Number         0  osal_task.o ABSOLUTE
    ..\Middleware\osal\system\Src\osal_timer.c 0x00000000   Number         0  osal_timer.o ABSOLUTE
    ..\\Middleware\\osal\\platform\\example\\stm32f4\\osal_platform_stm32f4.c 0x00000000   Number         0  osal_platform_stm32f4.o ABSOLUTE
    ..\middleware\RTT\SEGGER_RTT.c           0x00000000   Number         0  segger_rtt.o ABSOLUTE
    ..\middleware\RTT\SEGGER_RTT_printf.c    0x00000000   Number         0  segger_rtt_printf.o ABSOLUTE
    cdrcmple.s                               0x00000000   Number         0  cdrcmple.o ABSOLUTE
    dc.s                                     0x00000000   Number         0  dc.o ABSOLUTE
    handlers.s                               0x00000000   Number         0  handlers.o ABSOLUTE
    init.s                                   0x00000000   Number         0  init.o ABSOLUTE
    startup_stm32f407xx.s                    0x00000000   Number         0  startup_stm32f407xx.o ABSOLUTE
    RESET                                    0x08000000   Section      392  startup_stm32f407xx.o(RESET)
    .ARM.Collect$$$$00000000                 0x08000188   Section        0  entry.o(.ARM.Collect$$$$00000000)
    .ARM.Collect$$$$00000001                 0x08000188   Section        4  entry2.o(.ARM.Collect$$$$00000001)
    .ARM.Collect$$$$00000004                 0x0800018c   Section        4  entry5.o(.ARM.Collect$$$$00000004)
    .ARM.Collect$$$$00000008                 0x08000190   Section        0  entry7b.o(.ARM.Collect$$$$00000008)
    .ARM.Collect$$$$0000000A                 0x08000190   Section        0  entry8b.o(.ARM.Collect$$$$0000000A)
    .ARM.Collect$$$$0000000B                 0x08000190   Section        8  entry9a.o(.ARM.Collect$$$$0000000B)
    .ARM.Collect$$$$0000000E                 0x08000198   Section        4  entry12b.o(.ARM.Collect$$$$0000000E)
    .ARM.Collect$$$$0000000F                 0x0800019c   Section        0  entry10a.o(.ARM.Collect$$$$0000000F)
    .ARM.Collect$$$$00000011                 0x0800019c   Section        0  entry11a.o(.ARM.Collect$$$$00000011)
    .ARM.Collect$$$$00002712                 0x0800019c   Section        4  entry2.o(.ARM.Collect$$$$00002712)
    __lit__00000000                          0x0800019c   Data           4  entry2.o(.ARM.Collect$$$$00002712)
    .text                                    0x080001a0   Section       36  startup_stm32f407xx.o(.text)
    $v0                                      0x080001a0   Number         0  startup_stm32f407xx.o(.text)
    .text                                    0x080001c4   Section        0  uldiv.o(.text)
    .text                                    0x08000226   Section        0  memcpya.o(.text)
    .text                                    0x0800024a   Section        0  memseta.o(.text)
    .text                                    0x0800026e   Section        0  llshl.o(.text)
    .text                                    0x0800028c   Section        0  llushr.o(.text)
    .text                                    0x080002ac   Section       36  init.o(.text)
    i.BusFault_Handler                       0x080002d0   Section        0  stm32f4xx_it.o(i.BusFault_Handler)
    i.DMA2_Stream2_IRQHandler                0x080002d4   Section        0  stm32f4xx_it.o(i.DMA2_Stream2_IRQHandler)
    i.DMA2_Stream7_IRQHandler                0x080002e0   Section        0  stm32f4xx_it.o(i.DMA2_Stream7_IRQHandler)
    i.DMA_CalcBaseAndBitshift                0x080002ec   Section        0  stm32f4xx_hal_dma.o(i.DMA_CalcBaseAndBitshift)
    DMA_CalcBaseAndBitshift                  0x080002ed   Thumb Code    34  stm32f4xx_hal_dma.o(i.DMA_CalcBaseAndBitshift)
    i.DMA_CheckFifoParam                     0x08000314   Section        0  stm32f4xx_hal_dma.o(i.DMA_CheckFifoParam)
    DMA_CheckFifoParam                       0x08000315   Thumb Code    84  stm32f4xx_hal_dma.o(i.DMA_CheckFifoParam)
    i.DebugMon_Handler                       0x08000368   Section        0  stm32f4xx_it.o(i.DebugMon_Handler)
    i.Error_Handler                          0x0800036a   Section        0  main.o(i.Error_Handler)
    i.FLASH_Erase_Sector                     0x08000370   Section        0  stm32f4xx_hal_flash_ex.o(i.FLASH_Erase_Sector)
    i.FLASH_FlushCaches                      0x080003c0   Section        0  stm32f4xx_hal_flash_ex.o(i.FLASH_FlushCaches)
    i.FLASH_MassErase                        0x08000414   Section        0  stm32f4xx_hal_flash_ex.o(i.FLASH_MassErase)
    FLASH_MassErase                          0x08000415   Thumb Code    34  stm32f4xx_hal_flash_ex.o(i.FLASH_MassErase)
    i.FLASH_Program_Byte                     0x0800043c   Section        0  stm32f4xx_hal_flash.o(i.FLASH_Program_Byte)
    FLASH_Program_Byte                       0x0800043d   Thumb Code    26  stm32f4xx_hal_flash.o(i.FLASH_Program_Byte)
    i.FLASH_Program_DoubleWord               0x0800045c   Section        0  stm32f4xx_hal_flash.o(i.FLASH_Program_DoubleWord)
    FLASH_Program_DoubleWord                 0x0800045d   Thumb Code    38  stm32f4xx_hal_flash.o(i.FLASH_Program_DoubleWord)
    i.FLASH_Program_HalfWord                 0x08000488   Section        0  stm32f4xx_hal_flash.o(i.FLASH_Program_HalfWord)
    FLASH_Program_HalfWord                   0x08000489   Thumb Code    30  stm32f4xx_hal_flash.o(i.FLASH_Program_HalfWord)
    i.FLASH_Program_Word                     0x080004ac   Section        0  stm32f4xx_hal_flash.o(i.FLASH_Program_Word)
    FLASH_Program_Word                       0x080004ad   Thumb Code    30  stm32f4xx_hal_flash.o(i.FLASH_Program_Word)
    i.FLASH_SetErrorCode                     0x080004d0   Section        0  stm32f4xx_hal_flash.o(i.FLASH_SetErrorCode)
    FLASH_SetErrorCode                       0x080004d1   Thumb Code    96  stm32f4xx_hal_flash.o(i.FLASH_SetErrorCode)
    i.FLASH_WaitForLastOperation             0x08000538   Section        0  stm32f4xx_hal_flash.o(i.FLASH_WaitForLastOperation)
    i.HAL_DMA_Abort                          0x08000588   Section        0  stm32f4xx_hal_dma.o(i.HAL_DMA_Abort)
    i.HAL_DMA_Abort_IT                       0x0800061a   Section        0  stm32f4xx_hal_dma.o(i.HAL_DMA_Abort_IT)
    i.HAL_DMA_IRQHandler                     0x08000640   Section        0  stm32f4xx_hal_dma.o(i.HAL_DMA_IRQHandler)
    i.HAL_DMA_Init                           0x080007e0   Section        0  stm32f4xx_hal_dma.o(i.HAL_DMA_Init)
    i.HAL_FLASHEx_Erase                      0x080008b4   Section        0  stm32f4xx_hal_flash_ex.o(i.HAL_FLASHEx_Erase)
    i.HAL_FLASH_Lock                         0x0800094c   Section        0  stm32f4xx_hal_flash.o(i.HAL_FLASH_Lock)
    i.HAL_FLASH_Program                      0x08000960   Section        0  stm32f4xx_hal_flash.o(i.HAL_FLASH_Program)
    i.HAL_FLASH_Unlock                       0x080009dc   Section        0  stm32f4xx_hal_flash.o(i.HAL_FLASH_Unlock)
    i.HAL_GPIO_Init                          0x08000a08   Section        0  stm32f4xx_hal_gpio.o(i.HAL_GPIO_Init)
    i.HAL_GPIO_TogglePin                     0x08000bf8   Section        0  stm32f4xx_hal_gpio.o(i.HAL_GPIO_TogglePin)
    i.HAL_GPIO_WritePin                      0x08000c08   Section        0  stm32f4xx_hal_gpio.o(i.HAL_GPIO_WritePin)
    i.HAL_GetTick                            0x08000c14   Section        0  stm32f4xx_hal.o(i.HAL_GetTick)
    i.HAL_IncTick                            0x08000c20   Section        0  stm32f4xx_hal.o(i.HAL_IncTick)
    i.HAL_Init                               0x08000c30   Section        0  stm32f4xx_hal.o(i.HAL_Init)
    i.HAL_InitTick                           0x08000c64   Section        0  stm32f4xx_hal.o(i.HAL_InitTick)
    i.HAL_MspInit                            0x08000ca4   Section        0  stm32f4xx_hal_msp.o(i.HAL_MspInit)
    i.HAL_NVIC_EnableIRQ                     0x08000cd4   Section        0  stm32f4xx_hal_cortex.o(i.HAL_NVIC_EnableIRQ)
    i.HAL_NVIC_SetPriority                   0x08000cf0   Section        0  stm32f4xx_hal_cortex.o(i.HAL_NVIC_SetPriority)
    i.HAL_NVIC_SetPriorityGrouping           0x08000d30   Section        0  stm32f4xx_hal_cortex.o(i.HAL_NVIC_SetPriorityGrouping)
    i.HAL_RCC_ClockConfig                    0x08000d54   Section        0  stm32f4xx_hal_rcc.o(i.HAL_RCC_ClockConfig)
    i.HAL_RCC_GetHCLKFreq                    0x08000e88   Section        0  stm32f4xx_hal_rcc.o(i.HAL_RCC_GetHCLKFreq)
    i.HAL_RCC_GetPCLK1Freq                   0x08000e94   Section        0  stm32f4xx_hal_rcc.o(i.HAL_RCC_GetPCLK1Freq)
    i.HAL_RCC_GetPCLK2Freq                   0x08000eb4   Section        0  stm32f4xx_hal_rcc.o(i.HAL_RCC_GetPCLK2Freq)
    i.HAL_RCC_GetSysClockFreq                0x08000ed4   Section        0  stm32f4xx_hal_rcc.o(i.HAL_RCC_GetSysClockFreq)
    i.HAL_RCC_OscConfig                      0x08000f38   Section        0  stm32f4xx_hal_rcc.o(i.HAL_RCC_OscConfig)
    i.HAL_SYSTICK_Config                     0x080012a4   Section        0  stm32f4xx_hal_cortex.o(i.HAL_SYSTICK_Config)
    i.HAL_UARTEx_RxEventCallback             0x080012cc   Section        0  stm32f4xx_hal_uart.o(i.HAL_UARTEx_RxEventCallback)
    i.HAL_UART_ErrorCallback                 0x080012ce   Section        0  stm32f4xx_hal_uart.o(i.HAL_UART_ErrorCallback)
    i.HAL_UART_IRQHandler                    0x080012d0   Section        0  stm32f4xx_hal_uart.o(i.HAL_UART_IRQHandler)
    i.HAL_UART_Init                          0x08001550   Section        0  stm32f4xx_hal_uart.o(i.HAL_UART_Init)
    i.HAL_UART_MspInit                       0x080015b4   Section        0  usart.o(i.HAL_UART_MspInit)
    i.HAL_UART_RxCpltCallback                0x0800169c   Section        0  stm32f4xx_hal_uart.o(i.HAL_UART_RxCpltCallback)
    i.HAL_UART_Transmit                      0x0800169e   Section        0  stm32f4xx_hal_uart.o(i.HAL_UART_Transmit)
    i.HAL_UART_TxCpltCallback                0x0800173e   Section        0  stm32f4xx_hal_uart.o(i.HAL_UART_TxCpltCallback)
    i.HardFault_Handler                      0x08001740   Section        0  stm32f4xx_it.o(i.HardFault_Handler)
    i.MX_DMA_Init                            0x08001744   Section        0  dma.o(i.MX_DMA_Init)
    i.MX_GPIO_Init                           0x08001780   Section        0  gpio.o(i.MX_GPIO_Init)
    i.MX_USART1_UART_Init                    0x080017f0   Section        0  usart.o(i.MX_USART1_UART_Init)
    i.MemManage_Handler                      0x08001828   Section        0  stm32f4xx_it.o(i.MemManage_Handler)
    i.NMI_Handler                            0x0800182a   Section        0  stm32f4xx_it.o(i.NMI_Handler)
    i.PendSV_Handler                         0x0800182c   Section        0  stm32f4xx_it.o(i.PendSV_Handler)
    i.SEGGER_RTT_Init                        0x0800182e   Section        0  segger_rtt.o(i.SEGGER_RTT_Init)
    i.SEGGER_RTT_Test                        0x08001834   Section        0  main.o(i.SEGGER_RTT_Test)
    i.SEGGER_RTT_Write                       0x080018a8   Section        0  segger_rtt.o(i.SEGGER_RTT_Write)
    i.SEGGER_RTT_WriteNoLock                 0x080018e0   Section        0  segger_rtt.o(i.SEGGER_RTT_WriteNoLock)
    i.SEGGER_RTT_printf                      0x0800193c   Section        0  segger_rtt_printf.o(i.SEGGER_RTT_printf)
    i.SEGGER_RTT_vprintf                     0x08001954   Section        0  segger_rtt_printf.o(i.SEGGER_RTT_vprintf)
    i.SVC_Handler                            0x08001b2c   Section        0  stm32f4xx_it.o(i.SVC_Handler)
    i.SysTick_Handler                        0x08001b2e   Section        0  stm32f4xx_it.o(i.SysTick_Handler)
    i.SystemClock_Config                     0x08001b3c   Section        0  main.o(i.SystemClock_Config)
    i.SystemInit                             0x08001bd0   Section        0  system_stm32f4xx.o(i.SystemInit)
    i.UART_DMAAbortOnError                   0x08001be0   Section        0  stm32f4xx_hal_uart.o(i.UART_DMAAbortOnError)
    UART_DMAAbortOnError                     0x08001be1   Thumb Code    14  stm32f4xx_hal_uart.o(i.UART_DMAAbortOnError)
    i.UART_EndRxTransfer                     0x08001bee   Section        0  stm32f4xx_hal_uart.o(i.UART_EndRxTransfer)
    UART_EndRxTransfer                       0x08001bef   Thumb Code    78  stm32f4xx_hal_uart.o(i.UART_EndRxTransfer)
    i.UART_Receive_IT                        0x08001c3c   Section        0  stm32f4xx_hal_uart.o(i.UART_Receive_IT)
    UART_Receive_IT                          0x08001c3d   Thumb Code   194  stm32f4xx_hal_uart.o(i.UART_Receive_IT)
    i.UART_SetConfig                         0x08001d00   Section        0  stm32f4xx_hal_uart.o(i.UART_SetConfig)
    UART_SetConfig                           0x08001d01   Thumb Code   258  stm32f4xx_hal_uart.o(i.UART_SetConfig)
    i.UART_WaitOnFlagUntilTimeout            0x08001e0c   Section        0  stm32f4xx_hal_uart.o(i.UART_WaitOnFlagUntilTimeout)
    UART_WaitOnFlagUntilTimeout              0x08001e0d   Thumb Code   114  stm32f4xx_hal_uart.o(i.UART_WaitOnFlagUntilTimeout)
    i.USART1_IRQHandler                      0x08001e80   Section        0  stm32f4xx_it.o(i.USART1_IRQHandler)
    i.UsageFault_Handler                     0x08001e8c   Section        0  stm32f4xx_it.o(i.UsageFault_Handler)
    i._DoInit                                0x08001e90   Section        0  segger_rtt.o(i._DoInit)
    _DoInit                                  0x08001e91   Thumb Code    80  segger_rtt.o(i._DoInit)
    i._GetAvailWriteSpace                    0x08001ef4   Section        0  segger_rtt.o(i._GetAvailWriteSpace)
    _GetAvailWriteSpace                      0x08001ef5   Thumb Code    22  segger_rtt.o(i._GetAvailWriteSpace)
    i._PrintInt                              0x08001f0c   Section        0  segger_rtt_printf.o(i._PrintInt)
    _PrintInt                                0x08001f0d   Thumb Code   198  segger_rtt_printf.o(i._PrintInt)
    i._PrintUnsigned                         0x08001fd4   Section        0  segger_rtt_printf.o(i._PrintUnsigned)
    _PrintUnsigned                           0x08001fd5   Thumb Code   206  segger_rtt_printf.o(i._PrintUnsigned)
    i._StoreChar                             0x080020a8   Section        0  segger_rtt_printf.o(i._StoreChar)
    _StoreChar                               0x080020a9   Thumb Code    62  segger_rtt_printf.o(i._StoreChar)
    i._WriteBlocking                         0x080020e6   Section        0  segger_rtt.o(i._WriteBlocking)
    _WriteBlocking                           0x080020e7   Thumb Code    90  segger_rtt.o(i._WriteBlocking)
    i._WriteNoCheck                          0x08002140   Section        0  segger_rtt.o(i._WriteNoCheck)
    _WriteNoCheck                            0x08002141   Thumb Code    66  segger_rtt.o(i._WriteNoCheck)
    i.__0printf$4                            0x08002184   Section        0  printf4.o(i.__0printf$4)
    i.__NVIC_SetPriority                     0x080021a4   Section        0  stm32f4xx_hal_cortex.o(i.__NVIC_SetPriority)
    __NVIC_SetPriority                       0x080021a5   Thumb Code    32  stm32f4xx_hal_cortex.o(i.__NVIC_SetPriority)
    i.__scatterload_copy                     0x080021c4   Section       14  handlers.o(i.__scatterload_copy)
    i.__scatterload_null                     0x080021d2   Section        2  handlers.o(i.__scatterload_null)
    i.__scatterload_zeroinit                 0x080021d4   Section       14  handlers.o(i.__scatterload_zeroinit)
    i._printf_core                           0x080021e4   Section        0  printf4.o(i._printf_core)
    _printf_core                             0x080021e5   Thumb Code   552  printf4.o(i._printf_core)
    i.app_queue_demo_init                    0x08002410   Section        0  main.o(i.app_queue_demo_init)
    app_queue_demo_init                      0x08002411   Thumb Code    84  main.o(i.app_queue_demo_init)
    i.fputc                                  0x0800248c   Section        0  main.o(i.fputc)
    i.led_task                               0x08002490   Section        0  main.o(i.led_task)
    led_task                                 0x08002491   Thumb Code    28  main.o(i.led_task)
    i.main                                   0x080024ac   Section        0  main.o(i.main)
    i.oneshot_timer_callback                 0x080025b8   Section        0  main.o(i.oneshot_timer_callback)
    oneshot_timer_callback                   0x080025b9   Thumb Code    26  main.o(i.oneshot_timer_callback)
    i.osal_heap_set_block                    0x08002608   Section        0  osal_mem.o(i.osal_heap_set_block)
    osal_heap_set_block                      0x08002609   Thumb Code    16  osal_mem.o(i.osal_heap_set_block)
    i.osal_init                              0x08002618   Section        0  osal_timer.o(i.osal_init)
    i.osal_irq_disable                       0x08002626   Section        0  osal_platform_stm32f4.o(i.osal_irq_disable)
    i.osal_irq_restore                       0x0800262e   Section        0  osal_platform_stm32f4.o(i.osal_irq_restore)
    i.osal_mem_align_up                      0x08002636   Section        0  osal_mem.o(i.osal_mem_align_up)
    osal_mem_align_up                        0x08002637   Thumb Code     8  osal_mem.o(i.osal_mem_align_up)
    i.osal_mem_alloc                         0x08002640   Section        0  osal_mem.o(i.osal_mem_alloc)
    i.osal_mem_ensure_init                   0x080026dc   Section        0  osal_mem.o(i.osal_mem_ensure_init)
    osal_mem_ensure_init                     0x080026dd   Thumb Code    18  osal_mem.o(i.osal_mem_ensure_init)
    i.osal_mem_free                          0x080026f4   Section        0  osal_mem.o(i.osal_mem_free)
    i.osal_mem_init                          0x08002738   Section        0  osal_mem.o(i.osal_mem_init)
    i.osal_mem_insert_free_block             0x08002778   Section        0  osal_mem.o(i.osal_mem_insert_free_block)
    osal_mem_insert_free_block               0x08002779   Thumb Code   108  osal_mem.o(i.osal_mem_insert_free_block)
    i.osal_platform_flash_erase              0x080027e8   Section        0  osal_platform_stm32f4.o(i.osal_platform_flash_erase)
    osal_platform_flash_erase                0x080027e9   Thumb Code    78  osal_platform_stm32f4.o(i.osal_platform_flash_erase)
    i.osal_platform_flash_lock               0x08002836   Section        0  osal_platform_stm32f4.o(i.osal_platform_flash_lock)
    osal_platform_flash_lock                 0x08002837   Thumb Code    14  osal_platform_stm32f4.o(i.osal_platform_flash_lock)
    i.osal_platform_flash_read               0x08002844   Section        0  osal_platform_stm32f4.o(i.osal_platform_flash_read)
    osal_platform_flash_read                 0x08002845   Thumb Code    20  osal_platform_stm32f4.o(i.osal_platform_flash_read)
    i.osal_platform_flash_sector_from_address 0x08002858   Section        0  osal_platform_stm32f4.o(i.osal_platform_flash_sector_from_address)
    osal_platform_flash_sector_from_address  0x08002859   Thumb Code   134  osal_platform_stm32f4.o(i.osal_platform_flash_sector_from_address)
    i.osal_platform_flash_unlock             0x0800290c   Section        0  osal_platform_stm32f4.o(i.osal_platform_flash_unlock)
    osal_platform_flash_unlock               0x0800290d   Thumb Code    14  osal_platform_stm32f4.o(i.osal_platform_flash_unlock)
    i.osal_platform_flash_write_u16          0x0800291a   Section        0  osal_platform_stm32f4.o(i.osal_platform_flash_write_u16)
    osal_platform_flash_write_u16            0x0800291b   Thumb Code    18  osal_platform_stm32f4.o(i.osal_platform_flash_write_u16)
    i.osal_platform_flash_write_u32          0x0800292c   Section        0  osal_platform_stm32f4.o(i.osal_platform_flash_write_u32)
    osal_platform_flash_write_u32            0x0800292d   Thumb Code    18  osal_platform_stm32f4.o(i.osal_platform_flash_write_u32)
    i.osal_platform_flash_write_u64          0x0800293e   Section        0  osal_platform_stm32f4.o(i.osal_platform_flash_write_u64)
    osal_platform_flash_write_u64            0x0800293f   Thumb Code    16  osal_platform_stm32f4.o(i.osal_platform_flash_write_u64)
    i.osal_platform_flash_write_u8           0x0800294e   Section        0  osal_platform_stm32f4.o(i.osal_platform_flash_write_u8)
    osal_platform_flash_write_u8             0x0800294f   Thumb Code    18  osal_platform_stm32f4.o(i.osal_platform_flash_write_u8)
    i.osal_platform_get_tick_source          0x08002960   Section        0  osal_platform_stm32f4.o(i.osal_platform_get_tick_source)
    i.osal_platform_init                     0x08002968   Section        0  osal_platform_stm32f4.o(i.osal_platform_init)
    i.osal_platform_led1_toggle              0x0800296c   Section        0  osal_platform_stm32f4.o(i.osal_platform_led1_toggle)
    i.osal_platform_led2_toggle              0x08002978   Section        0  osal_platform_stm32f4.o(i.osal_platform_led2_toggle)
    i.osal_platform_tick_source_get_clock_hz 0x08002984   Section        0  osal_platform_stm32f4.o(i.osal_platform_tick_source_get_clock_hz)
    osal_platform_tick_source_get_clock_hz   0x08002985   Thumb Code     4  osal_platform_stm32f4.o(i.osal_platform_tick_source_get_clock_hz)
    i.osal_platform_tick_source_get_current_value 0x08002988   Section        0  osal_platform_stm32f4.o(i.osal_platform_tick_source_get_current_value)
    osal_platform_tick_source_get_current_value 0x08002989   Thumb Code     8  osal_platform_stm32f4.o(i.osal_platform_tick_source_get_current_value)
    i.osal_platform_tick_source_get_reload_value 0x08002990   Section        0  osal_platform_stm32f4.o(i.osal_platform_tick_source_get_reload_value)
    osal_platform_tick_source_get_reload_value 0x08002991   Thumb Code     8  osal_platform_stm32f4.o(i.osal_platform_tick_source_get_reload_value)
    i.osal_platform_tick_source_has_elapsed  0x08002998   Section        0  osal_platform_stm32f4.o(i.osal_platform_tick_source_has_elapsed)
    osal_platform_tick_source_has_elapsed    0x08002999   Thumb Code    12  osal_platform_stm32f4.o(i.osal_platform_tick_source_has_elapsed)
    i.osal_platform_tick_source_is_enabled   0x080029a4   Section        0  osal_platform_stm32f4.o(i.osal_platform_tick_source_is_enabled)
    osal_platform_tick_source_is_enabled     0x080029a5   Thumb Code    12  osal_platform_stm32f4.o(i.osal_platform_tick_source_is_enabled)
    i.osal_platform_uart_create              0x080029b0   Section        0  osal_platform_stm32f4.o(i.osal_platform_uart_create)
    i.osal_platform_uart_write_byte          0x080029d4   Section        0  osal_platform_stm32f4.o(i.osal_platform_uart_write_byte)
    osal_platform_uart_write_byte            0x080029d5   Thumb Code    28  osal_platform_stm32f4.o(i.osal_platform_uart_write_byte)
    i.osal_queue_create_internal             0x080029f0   Section        0  osal_queue.o(i.osal_queue_create_internal)
    osal_queue_create_internal               0x080029f1   Thumb Code    62  osal_queue.o(i.osal_queue_create_internal)
    i.osal_queue_create_static               0x08002a34   Section        0  osal_queue.o(i.osal_queue_create_static)
    i.osal_queue_dequeue                     0x08002a5c   Section        0  osal_queue.o(i.osal_queue_dequeue)
    osal_queue_dequeue                       0x08002a5d   Thumb Code    56  osal_queue.o(i.osal_queue_dequeue)
    i.osal_queue_enqueue                     0x08002a94   Section        0  osal_queue.o(i.osal_queue_enqueue)
    osal_queue_enqueue                       0x08002a95   Thumb Code    56  osal_queue.o(i.osal_queue_enqueue)
    i.osal_queue_get_count                   0x08002acc   Section        0  osal_queue.o(i.osal_queue_get_count)
    i.osal_queue_recv                        0x08002ae4   Section        0  osal_queue.o(i.osal_queue_recv)
    i.osal_queue_send                        0x08002b0c   Section        0  osal_queue.o(i.osal_queue_send)
    i.osal_queue_storage_size                0x08002b34   Section        0  osal_queue.o(i.osal_queue_storage_size)
    osal_queue_storage_size                  0x08002b35   Thumb Code    32  osal_queue.o(i.osal_queue_storage_size)
    i.osal_run                               0x08002b54   Section        0  osal_task.o(i.osal_run)
    i.osal_run_internal                      0x08002b78   Section        0  osal_task.o(i.osal_run_internal)
    osal_run_internal                        0x08002b79   Thumb Code    86  osal_task.o(i.osal_run_internal)
    i.osal_run_priority_list                 0x08002bd8   Section        0  osal_task.o(i.osal_run_priority_list)
    osal_run_priority_list                   0x08002bd9   Thumb Code    94  osal_task.o(i.osal_run_priority_list)
    i.osal_task_contains                     0x08002c3c   Section        0  osal_task.o(i.osal_task_contains)
    osal_task_contains                       0x08002c3d   Thumb Code    38  osal_task.o(i.osal_task_contains)
    i.osal_task_create                       0x08002c68   Section        0  osal_task.o(i.osal_task_create)
    i.osal_task_sleep                        0x08002cb8   Section        0  osal_task.o(i.osal_task_sleep)
    i.osal_task_start                        0x08002ce4   Section        0  osal_task.o(i.osal_task_start)
    i.osal_tick_handler                      0x08002cf8   Section        0  osal_timer.o(i.osal_tick_handler)
    i.osal_timer_create                      0x08002d3c   Section        0  osal_timer.o(i.osal_timer_create)
    i.osal_timer_get_subtick_us_locked       0x08002da0   Section        0  osal_timer.o(i.osal_timer_get_subtick_us_locked)
    osal_timer_get_subtick_us_locked         0x08002da1   Thumb Code   104  osal_timer.o(i.osal_timer_get_subtick_us_locked)
    i.osal_timer_get_tick                    0x08002e10   Section        0  osal_timer.o(i.osal_timer_get_tick)
    i.osal_timer_get_uptime_ms               0x08002e14   Section        0  osal_timer.o(i.osal_timer_get_uptime_ms)
    i.osal_timer_get_uptime_us64             0x08002e2c   Section        0  osal_timer.o(i.osal_timer_get_uptime_us64)
    osal_timer_get_uptime_us64               0x08002e2d   Thumb Code    38  osal_timer.o(i.osal_timer_get_uptime_us64)
    i.osal_timer_poll                        0x08002e58   Section        0  osal_timer.o(i.osal_timer_poll)
    i.osal_timer_refresh_next_expiry         0x08002ef4   Section        0  osal_timer.o(i.osal_timer_refresh_next_expiry)
    osal_timer_refresh_next_expiry           0x08002ef5   Thumb Code    56  osal_timer.o(i.osal_timer_refresh_next_expiry)
    i.osal_timer_start                       0x08002f34   Section        0  osal_timer.o(i.osal_timer_start)
    i.osal_timer_sync_tick_source            0x08002f80   Section        0  osal_timer.o(i.osal_timer_sync_tick_source)
    osal_timer_sync_tick_source              0x08002f81   Thumb Code   144  osal_timer.o(i.osal_timer_sync_tick_source)
    i.periodic_timer_callback                0x08003018   Section        0  main.o(i.periodic_timer_callback)
    periodic_timer_callback                  0x08003019   Thumb Code     4  main.o(i.periodic_timer_callback)
    i.periph_uart_bind_console               0x0800301c   Section        0  periph_uart.o(i.periph_uart_bind_console)
    i.periph_uart_create                     0x08003030   Section        0  periph_uart.o(i.periph_uart_create)
    i.periph_uart_fputc                      0x08003050   Section        0  periph_uart.o(i.periph_uart_fputc)
    i.periph_uart_write_byte                 0x08003074   Section        0  periph_uart.o(i.periph_uart_write_byte)
    i.queue_consumer_task                    0x08003088   Section        0  main.o(i.queue_consumer_task)
    queue_consumer_task                      0x08003089   Thumb Code    52  main.o(i.queue_consumer_task)
    i.queue_producer_task                    0x080030e8   Section        0  main.o(i.queue_producer_task)
    queue_producer_task                      0x080030e9   Thumb Code    74  main.o(i.queue_producer_task)
    .constdata                               0x08003160   Section        8  stm32f4xx_hal_dma.o(.constdata)
    flagBitshiftOffset                       0x08003160   Data           8  stm32f4xx_hal_dma.o(.constdata)
    .constdata                               0x08003168   Section       16  system_stm32f4xx.o(.constdata)
    .constdata                               0x08003178   Section        8  system_stm32f4xx.o(.constdata)
    .constdata                               0x08003180   Section       33  segger_rtt.o(.constdata)
    _aTerminalId                             0x08003180   Data          16  segger_rtt.o(.constdata)
    _aInitStr                                0x08003190   Data          17  segger_rtt.o(.constdata)
    .constdata                               0x080031a1   Section       16  segger_rtt_printf.o(.constdata)
    _aV2C                                    0x080031a1   Data          16  segger_rtt_printf.o(.constdata)
    .constdata                               0x080031b4   Section       56  osal_platform_stm32f4.o(.constdata)
    s_uart_bridge                            0x080031b4   Data           4  osal_platform_stm32f4.o(.constdata)
    s_flash_bridge                           0x080031b8   Data          32  osal_platform_stm32f4.o(.constdata)
    s_tick_source                            0x080031d8   Data          20  osal_platform_stm32f4.o(.constdata)
    .data                                    0x20000000   Section       36  main.o(.data)
    s_rtt_initialized                        0x20000000   Data           1  main.o(.data)
    g_uart                                   0x20000004   Data           4  main.o(.data)
    g_queue_consumer_ctx                     0x20000008   Data           4  main.o(.data)
    g_led1_ctx                               0x2000000c   Data           8  main.o(.data)
    g_led2_ctx                               0x20000014   Data           8  main.o(.data)
    g_queue_producer_ctx                     0x2000001c   Data           8  main.o(.data)
    .data                                    0x20000024   Section       32  stm32f4xx_hal_flash.o(.data)
    .data                                    0x20000044   Section       12  stm32f4xx_hal.o(.data)
    .data                                    0x20000050   Section        4  system_stm32f4xx.o(.data)
    .data                                    0x20000054   Section       16  osal_mem.o(.data)
    s_heap_ready                             0x20000054   Data           1  osal_mem.o(.data)
    s_heap_buffer                            0x20000058   Data           4  osal_mem.o(.data)
    s_heap_size                              0x2000005c   Data           4  osal_mem.o(.data)
    s_free_list                              0x20000060   Data           4  osal_mem.o(.data)
    .data                                    0x20000064   Section        4  osal_queue.o(.data)
    s_queue_list                             0x20000064   Data           4  osal_queue.o(.data)
    .data                                    0x20000068   Section       12  osal_task.o(.data)
    s_scheduler_depth                        0x20000068   Data           1  osal_task.o(.data)
    s_current_task                           0x2000006c   Data           4  osal_task.o(.data)
    s_low_scan_count                         0x20000070   Data           4  osal_task.o(.data)
    .data                                    0x20000078   Section       56  osal_timer.o(.data)
    s_next_expiry_valid                      0x20000078   Data           1  osal_timer.o(.data)
    s_tick_source_ready                      0x20000079   Data           1  osal_timer.o(.data)
    s_uptime_us32                            0x2000007c   Data           4  osal_timer.o(.data)
    s_uptime_ms32                            0x20000080   Data           4  osal_timer.o(.data)
    s_ms_remainder_us                        0x20000084   Data           4  osal_timer.o(.data)
    s_tick_source                            0x20000088   Data           4  osal_timer.o(.data)
    s_tick_counter_hz                        0x2000008c   Data           4  osal_timer.o(.data)
    s_tick_reload_value                      0x20000090   Data           4  osal_timer.o(.data)
    s_tick_period_ticks                      0x20000094   Data           4  osal_timer.o(.data)
    s_tick_period_us                         0x20000098   Data           4  osal_timer.o(.data)
    s_uptime_us64                            0x200000a0   Data           8  osal_timer.o(.data)
    s_next_expiry_us                         0x200000a8   Data           8  osal_timer.o(.data)
    .data                                    0x200000b0   Section        4  periph_uart.o(.data)
    s_console_uart                           0x200000b0   Data           4  periph_uart.o(.data)
    .data                                    0x200000b4   Section        8  osal_platform_stm32f4.o(.data)
    s_uart_component                         0x200000b4   Data           4  osal_platform_stm32f4.o(.data)
    s_flash_component                        0x200000b8   Data           4  osal_platform_stm32f4.o(.data)
    .data                                    0x200000bc   Section        4  stdout.o(.data)
    .bss                                     0x200000c0   Section       96  main.o(.bss)
    g_queue_storage                          0x200000c0   Data          96  main.o(.bss)
    .bss                                     0x20000120   Section      264  usart.o(.bss)
    .bss                                     0x20000228   Section     4096  osal_mem.o(.bss)
    s_default_heap                           0x20000228   Data        4096  osal_mem.o(.bss)
    .bss                                     0x20001228   Section       12  osal_task.o(.bss)
    s_task_lists                             0x20001228   Data          12  osal_task.o(.bss)
    .bss                                     0x20001234   Section       64  osal_timer.o(.bss)
    s_timers                                 0x20001234   Data          64  osal_timer.o(.bss)
    .bss                                     0x20001274   Section     1208  segger_rtt.o(.bss)
    _acUpBuffer                              0x2000131c   Data        1024  segger_rtt.o(.bss)
    _acDownBuffer                            0x2000171c   Data          16  segger_rtt.o(.bss)
    STACK                                    0x20001730   Section     1024  startup_stm32f407xx.o(STACK)

    Global Symbols

    Symbol Name                              Value     Ov Type        Size  Object(Section)

    BuildAttributes$$THM_ISAv4$E$P$D$K$B$S$7EM$VFPi3$EXTD16$VFPS$VFMA$PE$A:L22UL41UL21$X:L11$S22US41US21$IEEE1$IW$USESV6$~STKCKD$USESV7$~SHL$OSPACE$ROPI$EBA8$MICROLIB$REQ8$PRES8$EABIv2 0x00000000   Number         0  anon$$obj.o ABSOLUTE
    __ARM_use_no_argv                        0x00000000   Number         0  main.o ABSOLUTE
    _printf_a                                0x00000000   Number         0  stubs.o ABSOLUTE
    _printf_c                                0x00000000   Number         0  stubs.o ABSOLUTE
    _printf_charcount                        0x00000000   Number         0  stubs.o ABSOLUTE
    _printf_d                                0x00000000   Number         0  stubs.o ABSOLUTE
    _printf_e                                0x00000000   Number         0  stubs.o ABSOLUTE
    _printf_f                                0x00000000   Number         0  stubs.o ABSOLUTE
    _printf_flags                            0x00000000   Number         0  stubs.o ABSOLUTE
    _printf_fp_dec                           0x00000000   Number         0  stubs.o ABSOLUTE
    _printf_fp_hex                           0x00000000   Number         0  stubs.o ABSOLUTE
    _printf_g                                0x00000000   Number         0  stubs.o ABSOLUTE
    _printf_i                                0x00000000   Number         0  stubs.o ABSOLUTE
    _printf_int_dec                          0x00000000   Number         0  stubs.o ABSOLUTE
    _printf_l                                0x00000000   Number         0  stubs.o ABSOLUTE
    _printf_lc                               0x00000000   Number         0  stubs.o ABSOLUTE
    _printf_ll                               0x00000000   Number         0  stubs.o ABSOLUTE
    _printf_lld                              0x00000000   Number         0  stubs.o ABSOLUTE
    _printf_lli                              0x00000000   Number         0  stubs.o ABSOLUTE
    _printf_llo                              0x00000000   Number         0  stubs.o ABSOLUTE
    _printf_llu                              0x00000000   Number         0  stubs.o ABSOLUTE
    _printf_llx                              0x00000000   Number         0  stubs.o ABSOLUTE
    _printf_longlong_dec                     0x00000000   Number         0  stubs.o ABSOLUTE
    _printf_longlong_hex                     0x00000000   Number         0  stubs.o ABSOLUTE
    _printf_longlong_oct                     0x00000000   Number         0  stubs.o ABSOLUTE
    _printf_ls                               0x00000000   Number         0  stubs.o ABSOLUTE
    _printf_mbtowc                           0x00000000   Number         0  stubs.o ABSOLUTE
    _printf_n                                0x00000000   Number         0  stubs.o ABSOLUTE
    _printf_o                                0x00000000   Number         0  stubs.o ABSOLUTE
    _printf_p                                0x00000000   Number         0  stubs.o ABSOLUTE
    _printf_percent                          0x00000000   Number         0  stubs.o ABSOLUTE
    _printf_pre_padding                      0x00000000   Number         0  stubs.o ABSOLUTE
    _printf_return_value                     0x00000000   Number         0  stubs.o ABSOLUTE
    _printf_s                                0x00000000   Number         0  stubs.o ABSOLUTE
    _printf_sizespec                         0x00000000   Number         0  stubs.o ABSOLUTE
    _printf_str                              0x00000000   Number         0  stubs.o ABSOLUTE
    _printf_truncate_signed                  0x00000000   Number         0  stubs.o ABSOLUTE
    _printf_truncate_unsigned                0x00000000   Number         0  stubs.o ABSOLUTE
    _printf_u                                0x00000000   Number         0  stubs.o ABSOLUTE
    _printf_wc                               0x00000000   Number         0  stubs.o ABSOLUTE
    _printf_wctomb                           0x00000000   Number         0  stubs.o ABSOLUTE
    _printf_widthprec                        0x00000000   Number         0  stubs.o ABSOLUTE
    _printf_x                                0x00000000   Number         0  stubs.o ABSOLUTE
    __arm_fini_                               - Undefined Weak Reference
    __cpp_initialize__aeabi_                  - Undefined Weak Reference
    __cxa_finalize                            - Undefined Weak Reference
    __decompress                              - Undefined Weak Reference
    _clock_init                               - Undefined Weak Reference
    _microlib_exit                            - Undefined Weak Reference
    __Vectors_Size                           0x00000188   Number         0  startup_stm32f407xx.o ABSOLUTE
    __Vectors                                0x08000000   Data           4  startup_stm32f407xx.o(RESET)
    __Vectors_End                            0x08000188   Data           0  startup_stm32f407xx.o(RESET)
    __main                                   0x08000189   Thumb Code     0  entry.o(.ARM.Collect$$$$00000000)
    _main_stk                                0x08000189   Thumb Code     0  entry2.o(.ARM.Collect$$$$00000001)
    _main_scatterload                        0x0800018d   Thumb Code     0  entry5.o(.ARM.Collect$$$$00000004)
    __main_after_scatterload                 0x08000191   Thumb Code     0  entry5.o(.ARM.Collect$$$$00000004)
    _main_clock                              0x08000191   Thumb Code     0  entry7b.o(.ARM.Collect$$$$00000008)
    _main_cpp_init                           0x08000191   Thumb Code     0  entry8b.o(.ARM.Collect$$$$0000000A)
    _main_init                               0x08000191   Thumb Code     0  entry9a.o(.ARM.Collect$$$$0000000B)
    __rt_lib_shutdown_fini                   0x08000199   Thumb Code     0  entry12b.o(.ARM.Collect$$$$0000000E)
    __rt_final_cpp                           0x0800019d   Thumb Code     0  entry10a.o(.ARM.Collect$$$$0000000F)
    __rt_final_exit                          0x0800019d   Thumb Code     0  entry11a.o(.ARM.Collect$$$$00000011)
    Reset_Handler                            0x080001a1   Thumb Code     8  startup_stm32f407xx.o(.text)
    ADC_IRQHandler                           0x080001bb   Thumb Code     0  startup_stm32f407xx.o(.text)
    CAN1_RX0_IRQHandler                      0x080001bb   Thumb Code     0  startup_stm32f407xx.o(.text)
    CAN1_RX1_IRQHandler                      0x080001bb   Thumb Code     0  startup_stm32f407xx.o(.text)
    CAN1_SCE_IRQHandler                      0x080001bb   Thumb Code     0  startup_stm32f407xx.o(.text)
    CAN1_TX_IRQHandler                       0x080001bb   Thumb Code     0  startup_stm32f407xx.o(.text)
    CAN2_RX0_IRQHandler                      0x080001bb   Thumb Code     0  startup_stm32f407xx.o(.text)
    CAN2_RX1_IRQHandler                      0x080001bb   Thumb Code     0  startup_stm32f407xx.o(.text)
    CAN2_SCE_IRQHandler                      0x080001bb   Thumb Code     0  startup_stm32f407xx.o(.text)
    CAN2_TX_IRQHandler                       0x080001bb   Thumb Code     0  startup_stm32f407xx.o(.text)
    DCMI_IRQHandler                          0x080001bb   Thumb Code     0  startup_stm32f407xx.o(.text)
    DMA1_Stream0_IRQHandler                  0x080001bb   Thumb Code     0  startup_stm32f407xx.o(.text)
    DMA1_Stream1_IRQHandler                  0x080001bb   Thumb Code     0  startup_stm32f407xx.o(.text)
    DMA1_Stream2_IRQHandler                  0x080001bb   Thumb Code     0  startup_stm32f407xx.o(.text)
    DMA1_Stream3_IRQHandler                  0x080001bb   Thumb Code     0  startup_stm32f407xx.o(.text)
    DMA1_Stream4_IRQHandler                  0x080001bb   Thumb Code     0  startup_stm32f407xx.o(.text)
    DMA1_Stream5_IRQHandler                  0x080001bb   Thumb Code     0  startup_stm32f407xx.o(.text)
    DMA1_Stream6_IRQHandler                  0x080001bb   Thumb Code     0  startup_stm32f407xx.o(.text)
    DMA1_Stream7_IRQHandler                  0x080001bb   Thumb Code     0  startup_stm32f407xx.o(.text)
    DMA2_Stream0_IRQHandler                  0x080001bb   Thumb Code     0  startup_stm32f407xx.o(.text)
    DMA2_Stream1_IRQHandler                  0x080001bb   Thumb Code     0  startup_stm32f407xx.o(.text)
    DMA2_Stream3_IRQHandler                  0x080001bb   Thumb Code     0  startup_stm32f407xx.o(.text)
    DMA2_Stream4_IRQHandler                  0x080001bb   Thumb Code     0  startup_stm32f407xx.o(.text)
    DMA2_Stream5_IRQHandler                  0x080001bb   Thumb Code     0  startup_stm32f407xx.o(.text)
    DMA2_Stream6_IRQHandler                  0x080001bb   Thumb Code     0  startup_stm32f407xx.o(.text)
    ETH_IRQHandler                           0x080001bb   Thumb Code     0  startup_stm32f407xx.o(.text)
    ETH_WKUP_IRQHandler                      0x080001bb   Thumb Code     0  startup_stm32f407xx.o(.text)
    EXTI0_IRQHandler                         0x080001bb   Thumb Code     0  startup_stm32f407xx.o(.text)
    EXTI15_10_IRQHandler                     0x080001bb   Thumb Code     0  startup_stm32f407xx.o(.text)
    EXTI1_IRQHandler                         0x080001bb   Thumb Code     0  startup_stm32f407xx.o(.text)
    EXTI2_IRQHandler                         0x080001bb   Thumb Code     0  startup_stm32f407xx.o(.text)
    EXTI3_IRQHandler                         0x080001bb   Thumb Code     0  startup_stm32f407xx.o(.text)
    EXTI4_IRQHandler                         0x080001bb   Thumb Code     0  startup_stm32f407xx.o(.text)
    EXTI9_5_IRQHandler                       0x080001bb   Thumb Code     0  startup_stm32f407xx.o(.text)
    FLASH_IRQHandler                         0x080001bb   Thumb Code     0  startup_stm32f407xx.o(.text)
    FMC_IRQHandler                           0x080001bb   Thumb Code     0  startup_stm32f407xx.o(.text)
    FPU_IRQHandler                           0x080001bb   Thumb Code     0  startup_stm32f407xx.o(.text)
    HASH_RNG_IRQHandler                      0x080001bb   Thumb Code     0  startup_stm32f407xx.o(.text)
    I2C1_ER_IRQHandler                       0x080001bb   Thumb Code     0  startup_stm32f407xx.o(.text)
    I2C1_EV_IRQHandler                       0x080001bb   Thumb Code     0  startup_stm32f407xx.o(.text)
    I2C2_ER_IRQHandler                       0x080001bb   Thumb Code     0  startup_stm32f407xx.o(.text)
    I2C2_EV_IRQHandler                       0x080001bb   Thumb Code     0  startup_stm32f407xx.o(.text)
    I2C3_ER_IRQHandler                       0x080001bb   Thumb Code     0  startup_stm32f407xx.o(.text)
    I2C3_EV_IRQHandler                       0x080001bb   Thumb Code     0  startup_stm32f407xx.o(.text)
    OTG_FS_IRQHandler                        0x080001bb   Thumb Code     0  startup_stm32f407xx.o(.text)
    OTG_FS_WKUP_IRQHandler                   0x080001bb   Thumb Code     0  startup_stm32f407xx.o(.text)
    OTG_HS_EP1_IN_IRQHandler                 0x080001bb   Thumb Code     0  startup_stm32f407xx.o(.text)
    OTG_HS_EP1_OUT_IRQHandler                0x080001bb   Thumb Code     0  startup_stm32f407xx.o(.text)
    OTG_HS_IRQHandler                        0x080001bb   Thumb Code     0  startup_stm32f407xx.o(.text)
    OTG_HS_WKUP_IRQHandler                   0x080001bb   Thumb Code     0  startup_stm32f407xx.o(.text)
    PVD_IRQHandler                           0x080001bb   Thumb Code     0  startup_stm32f407xx.o(.text)
    RCC_IRQHandler                           0x080001bb   Thumb Code     0  startup_stm32f407xx.o(.text)
    RTC_Alarm_IRQHandler                     0x080001bb   Thumb Code     0  startup_stm32f407xx.o(.text)
    RTC_WKUP_IRQHandler                      0x080001bb   Thumb Code     0  startup_stm32f407xx.o(.text)
    SDIO_IRQHandler                          0x080001bb   Thumb Code     0  startup_stm32f407xx.o(.text)
    SPI1_IRQHandler                          0x080001bb   Thumb Code     0  startup_stm32f407xx.o(.text)
    SPI2_IRQHandler                          0x080001bb   Thumb Code     0  startup_stm32f407xx.o(.text)
    SPI3_IRQHandler                          0x080001bb   Thumb Code     0  startup_stm32f407xx.o(.text)
    TAMP_STAMP_IRQHandler                    0x080001bb   Thumb Code     0  startup_stm32f407xx.o(.text)
    TIM1_BRK_TIM9_IRQHandler                 0x080001bb   Thumb Code     0  startup_stm32f407xx.o(.text)
    TIM1_CC_IRQHandler                       0x080001bb   Thumb Code     0  startup_stm32f407xx.o(.text)
    TIM1_TRG_COM_TIM11_IRQHandler            0x080001bb   Thumb Code     0  startup_stm32f407xx.o(.text)
    TIM1_UP_TIM10_IRQHandler                 0x080001bb   Thumb Code     0  startup_stm32f407xx.o(.text)
    TIM2_IRQHandler                          0x080001bb   Thumb Code     0  startup_stm32f407xx.o(.text)
    TIM3_IRQHandler                          0x080001bb   Thumb Code     0  startup_stm32f407xx.o(.text)
    TIM4_IRQHandler                          0x080001bb   Thumb Code     0  startup_stm32f407xx.o(.text)
    TIM5_IRQHandler                          0x080001bb   Thumb Code     0  startup_stm32f407xx.o(.text)
    TIM6_DAC_IRQHandler                      0x080001bb   Thumb Code     0  startup_stm32f407xx.o(.text)
    TIM7_IRQHandler                          0x080001bb   Thumb Code     0  startup_stm32f407xx.o(.text)
    TIM8_BRK_TIM12_IRQHandler                0x080001bb   Thumb Code     0  startup_stm32f407xx.o(.text)
    TIM8_CC_IRQHandler                       0x080001bb   Thumb Code     0  startup_stm32f407xx.o(.text)
    TIM8_TRG_COM_TIM14_IRQHandler            0x080001bb   Thumb Code     0  startup_stm32f407xx.o(.text)
    TIM8_UP_TIM13_IRQHandler                 0x080001bb   Thumb Code     0  startup_stm32f407xx.o(.text)
    UART4_IRQHandler                         0x080001bb   Thumb Code     0  startup_stm32f407xx.o(.text)
    UART5_IRQHandler                         0x080001bb   Thumb Code     0  startup_stm32f407xx.o(.text)
    USART2_IRQHandler                        0x080001bb   Thumb Code     0  startup_stm32f407xx.o(.text)
    USART3_IRQHandler                        0x080001bb   Thumb Code     0  startup_stm32f407xx.o(.text)
    USART6_IRQHandler                        0x080001bb   Thumb Code     0  startup_stm32f407xx.o(.text)
    WWDG_IRQHandler                          0x080001bb   Thumb Code     0  startup_stm32f407xx.o(.text)
    __aeabi_uldivmod                         0x080001c5   Thumb Code    98  uldiv.o(.text)
    __aeabi_memcpy                           0x08000227   Thumb Code    36  memcpya.o(.text)
    __aeabi_memcpy4                          0x08000227   Thumb Code     0  memcpya.o(.text)
    __aeabi_memcpy8                          0x08000227   Thumb Code     0  memcpya.o(.text)
    __aeabi_memset                           0x0800024b   Thumb Code    14  memseta.o(.text)
    __aeabi_memset4                          0x0800024b   Thumb Code     0  memseta.o(.text)
    __aeabi_memset8                          0x0800024b   Thumb Code     0  memseta.o(.text)
    __aeabi_memclr                           0x08000259   Thumb Code     4  memseta.o(.text)
    __aeabi_memclr4                          0x08000259   Thumb Code     0  memseta.o(.text)
    __aeabi_memclr8                          0x08000259   Thumb Code     0  memseta.o(.text)
    _memset$wrapper                          0x0800025d   Thumb Code    18  memseta.o(.text)
    __aeabi_llsl                             0x0800026f   Thumb Code    30  llshl.o(.text)
    _ll_shift_l                              0x0800026f   Thumb Code     0  llshl.o(.text)
    __aeabi_llsr                             0x0800028d   Thumb Code    32  llushr.o(.text)
    _ll_ushift_r                             0x0800028d   Thumb Code     0  llushr.o(.text)
    __scatterload                            0x080002ad   Thumb Code    28  init.o(.text)
    __scatterload_rt2                        0x080002ad   Thumb Code     0  init.o(.text)
    BusFault_Handler                         0x080002d1   Thumb Code     2  stm32f4xx_it.o(i.BusFault_Handler)
    DMA2_Stream2_IRQHandler                  0x080002d5   Thumb Code     6  stm32f4xx_it.o(i.DMA2_Stream2_IRQHandler)
    DMA2_Stream7_IRQHandler                  0x080002e1   Thumb Code     6  stm32f4xx_it.o(i.DMA2_Stream7_IRQHandler)
    DebugMon_Handler                         0x08000369   Thumb Code     2  stm32f4xx_it.o(i.DebugMon_Handler)
    Error_Handler                            0x0800036b   Thumb Code     4  main.o(i.Error_Handler)
    FLASH_Erase_Sector                       0x08000371   Thumb Code    74  stm32f4xx_hal_flash_ex.o(i.FLASH_Erase_Sector)
    FLASH_FlushCaches                        0x080003c1   Thumb Code    80  stm32f4xx_hal_flash_ex.o(i.FLASH_FlushCaches)
    FLASH_WaitForLastOperation               0x08000539   Thumb Code    72  stm32f4xx_hal_flash.o(i.FLASH_WaitForLastOperation)
    HAL_DMA_Abort                            0x08000589   Thumb Code   146  stm32f4xx_hal_dma.o(i.HAL_DMA_Abort)
    HAL_DMA_Abort_IT                         0x0800061b   Thumb Code    36  stm32f4xx_hal_dma.o(i.HAL_DMA_Abort_IT)
    HAL_DMA_IRQHandler                       0x08000641   Thumb Code   412  stm32f4xx_hal_dma.o(i.HAL_DMA_IRQHandler)
    HAL_DMA_Init                             0x080007e1   Thumb Code   206  stm32f4xx_hal_dma.o(i.HAL_DMA_Init)
    HAL_FLASHEx_Erase                        0x080008b5   Thumb Code   144  stm32f4xx_hal_flash_ex.o(i.HAL_FLASHEx_Erase)
    HAL_FLASH_Lock                           0x0800094d   Thumb Code    14  stm32f4xx_hal_flash.o(i.HAL_FLASH_Lock)
    HAL_FLASH_Program                        0x08000961   Thumb Code   116  stm32f4xx_hal_flash.o(i.HAL_FLASH_Program)
    HAL_FLASH_Unlock                         0x080009dd   Thumb Code    32  stm32f4xx_hal_flash.o(i.HAL_FLASH_Unlock)
    HAL_GPIO_Init                            0x08000a09   Thumb Code   450  stm32f4xx_hal_gpio.o(i.HAL_GPIO_Init)
    HAL_GPIO_TogglePin                       0x08000bf9   Thumb Code    16  stm32f4xx_hal_gpio.o(i.HAL_GPIO_TogglePin)
    HAL_GPIO_WritePin                        0x08000c09   Thumb Code    10  stm32f4xx_hal_gpio.o(i.HAL_GPIO_WritePin)
    HAL_GetTick                              0x08000c15   Thumb Code     6  stm32f4xx_hal.o(i.HAL_GetTick)
    HAL_IncTick                              0x08000c21   Thumb Code    12  stm32f4xx_hal.o(i.HAL_IncTick)
    HAL_Init                                 0x08000c31   Thumb Code    48  stm32f4xx_hal.o(i.HAL_Init)
    HAL_InitTick                             0x08000c65   Thumb Code    54  stm32f4xx_hal.o(i.HAL_InitTick)
    HAL_MspInit                              0x08000ca5   Thumb Code    42  stm32f4xx_hal_msp.o(i.HAL_MspInit)
    HAL_NVIC_EnableIRQ                       0x08000cd5   Thumb Code    26  stm32f4xx_hal_cortex.o(i.HAL_NVIC_EnableIRQ)
    HAL_NVIC_SetPriority                     0x08000cf1   Thumb Code    60  stm32f4xx_hal_cortex.o(i.HAL_NVIC_SetPriority)
    HAL_NVIC_SetPriorityGrouping             0x08000d31   Thumb Code    26  stm32f4xx_hal_cortex.o(i.HAL_NVIC_SetPriorityGrouping)
    HAL_RCC_ClockConfig                      0x08000d55   Thumb Code   288  stm32f4xx_hal_rcc.o(i.HAL_RCC_ClockConfig)
    HAL_RCC_GetHCLKFreq                      0x08000e89   Thumb Code     6  stm32f4xx_hal_rcc.o(i.HAL_RCC_GetHCLKFreq)
    HAL_RCC_GetPCLK1Freq                     0x08000e95   Thumb Code    20  stm32f4xx_hal_rcc.o(i.HAL_RCC_GetPCLK1Freq)
    HAL_RCC_GetPCLK2Freq                     0x08000eb5   Thumb Code    20  stm32f4xx_hal_rcc.o(i.HAL_RCC_GetPCLK2Freq)
    HAL_RCC_GetSysClockFreq                  0x08000ed5   Thumb Code    88  stm32f4xx_hal_rcc.o(i.HAL_RCC_GetSysClockFreq)
    HAL_RCC_OscConfig                        0x08000f39   Thumb Code   856  stm32f4xx_hal_rcc.o(i.HAL_RCC_OscConfig)
    HAL_SYSTICK_Config                       0x080012a5   Thumb Code    40  stm32f4xx_hal_cortex.o(i.HAL_SYSTICK_Config)
    HAL_UARTEx_RxEventCallback               0x080012cd   Thumb Code     2  stm32f4xx_hal_uart.o(i.HAL_UARTEx_RxEventCallback)
    HAL_UART_ErrorCallback                   0x080012cf   Thumb Code     2  stm32f4xx_hal_uart.o(i.HAL_UART_ErrorCallback)
    HAL_UART_IRQHandler                      0x080012d1   Thumb Code   636  stm32f4xx_hal_uart.o(i.HAL_UART_IRQHandler)
    HAL_UART_Init                            0x08001551   Thumb Code   100  stm32f4xx_hal_uart.o(i.HAL_UART_Init)
    HAL_UART_MspInit                         0x080015b5   Thumb Code   210  usart.o(i.HAL_UART_MspInit)
    HAL_UART_RxCpltCallback                  0x0800169d   Thumb Code     2  stm32f4xx_hal_uart.o(i.HAL_UART_RxCpltCallback)
    HAL_UART_Transmit                        0x0800169f   Thumb Code   160  stm32f4xx_hal_uart.o(i.HAL_UART_Transmit)
    HAL_UART_TxCpltCallback                  0x0800173f   Thumb Code     2  stm32f4xx_hal_uart.o(i.HAL_UART_TxCpltCallback)
    HardFault_Handler                        0x08001741   Thumb Code     2  stm32f4xx_it.o(i.HardFault_Handler)
    MX_DMA_Init                              0x08001745   Thumb Code    56  dma.o(i.MX_DMA_Init)
    MX_GPIO_Init                             0x08001781   Thumb Code   102  gpio.o(i.MX_GPIO_Init)
    MX_USART1_UART_Init                      0x080017f1   Thumb Code    48  usart.o(i.MX_USART1_UART_Init)
    MemManage_Handler                        0x08001829   Thumb Code     2  stm32f4xx_it.o(i.MemManage_Handler)
    NMI_Handler                              0x0800182b   Thumb Code     2  stm32f4xx_it.o(i.NMI_Handler)
    PendSV_Handler                           0x0800182d   Thumb Code     2  stm32f4xx_it.o(i.PendSV_Handler)
    SEGGER_RTT_Init                          0x0800182f   Thumb Code     4  segger_rtt.o(i.SEGGER_RTT_Init)
    SEGGER_RTT_Test                          0x08001835   Thumb Code    52  main.o(i.SEGGER_RTT_Test)
    SEGGER_RTT_Write                         0x080018a9   Thumb Code    52  segger_rtt.o(i.SEGGER_RTT_Write)
    SEGGER_RTT_WriteNoLock                   0x080018e1   Thumb Code    86  segger_rtt.o(i.SEGGER_RTT_WriteNoLock)
    SEGGER_RTT_printf                        0x0800193d   Thumb Code    22  segger_rtt_printf.o(i.SEGGER_RTT_printf)
    SEGGER_RTT_vprintf                       0x08001955   Thumb Code   464  segger_rtt_printf.o(i.SEGGER_RTT_vprintf)
    SVC_Handler                              0x08001b2d   Thumb Code     2  stm32f4xx_it.o(i.SVC_Handler)
    SysTick_Handler                          0x08001b2f   Thumb Code    14  stm32f4xx_it.o(i.SysTick_Handler)
    SystemClock_Config                       0x08001b3d   Thumb Code   140  main.o(i.SystemClock_Config)
    SystemInit                               0x08001bd1   Thumb Code    12  system_stm32f4xx.o(i.SystemInit)
    USART1_IRQHandler                        0x08001e81   Thumb Code     6  stm32f4xx_it.o(i.USART1_IRQHandler)
    UsageFault_Handler                       0x08001e8d   Thumb Code     2  stm32f4xx_it.o(i.UsageFault_Handler)
    __0printf$4                              0x08002185   Thumb Code    22  printf4.o(i.__0printf$4)
    __1printf$4                              0x08002185   Thumb Code     0  printf4.o(i.__0printf$4)
    __2printf                                0x08002185   Thumb Code     0  printf4.o(i.__0printf$4)
    __scatterload_copy                       0x080021c5   Thumb Code    14  handlers.o(i.__scatterload_copy)
    __scatterload_null                       0x080021d3   Thumb Code     2  handlers.o(i.__scatterload_null)
    __scatterload_zeroinit                   0x080021d5   Thumb Code    14  handlers.o(i.__scatterload_zeroinit)
    fputc                                    0x0800248d   Thumb Code     4  main.o(i.fputc)
    main                                     0x080024ad   Thumb Code   168  main.o(i.main)
    osal_init                                0x08002619   Thumb Code    14  osal_timer.o(i.osal_init)
    osal_irq_disable                         0x08002627   Thumb Code     8  osal_platform_stm32f4.o(i.osal_irq_disable)
    osal_irq_restore                         0x0800262f   Thumb Code     8  osal_platform_stm32f4.o(i.osal_irq_restore)
    osal_mem_alloc                           0x08002641   Thumb Code   152  osal_mem.o(i.osal_mem_alloc)
    osal_mem_free                            0x080026f5   Thumb Code    64  osal_mem.o(i.osal_mem_free)
    osal_mem_init                            0x08002739   Thumb Code    56  osal_mem.o(i.osal_mem_init)
    osal_platform_get_tick_source            0x08002961   Thumb Code     4  osal_platform_stm32f4.o(i.osal_platform_get_tick_source)
    osal_platform_init                       0x08002969   Thumb Code     2  osal_platform_stm32f4.o(i.osal_platform_init)
    osal_platform_led1_toggle                0x0800296d   Thumb Code     8  osal_platform_stm32f4.o(i.osal_platform_led1_toggle)
    osal_platform_led2_toggle                0x08002979   Thumb Code     8  osal_platform_stm32f4.o(i.osal_platform_led2_toggle)
    osal_platform_uart_create                0x080029b1   Thumb Code    22  osal_platform_stm32f4.o(i.osal_platform_uart_create)
    osal_queue_create_static                 0x08002a35   Thumb Code    40  osal_queue.o(i.osal_queue_create_static)
    osal_queue_get_count                     0x08002acd   Thumb Code    24  osal_queue.o(i.osal_queue_get_count)
    osal_queue_recv                          0x08002ae5   Thumb Code    40  osal_queue.o(i.osal_queue_recv)
    osal_queue_send                          0x08002b0d   Thumb Code    40  osal_queue.o(i.osal_queue_send)
    osal_run                                 0x08002b55   Thumb Code    30  osal_task.o(i.osal_run)
    osal_task_create                         0x08002c69   Thumb Code    74  osal_task.o(i.osal_task_create)
    osal_task_sleep                          0x08002cb9   Thumb Code    40  osal_task.o(i.osal_task_sleep)
    osal_task_start                          0x08002ce5   Thumb Code    20  osal_task.o(i.osal_task_start)
    osal_tick_handler                        0x08002cf9   Thumb Code    64  osal_timer.o(i.osal_tick_handler)
    osal_timer_create                        0x08002d3d   Thumb Code    94  osal_timer.o(i.osal_timer_create)
    osal_timer_get_tick                      0x08002e11   Thumb Code     4  osal_timer.o(i.osal_timer_get_tick)
    osal_timer_get_uptime_ms                 0x08002e15   Thumb Code    18  osal_timer.o(i.osal_timer_get_uptime_ms)
    osal_timer_poll                          0x08002e59   Thumb Code   146  osal_timer.o(i.osal_timer_poll)
    osal_timer_start                         0x08002f35   Thumb Code    72  osal_timer.o(i.osal_timer_start)
    periph_uart_bind_console                 0x0800301d   Thumb Code    14  periph_uart.o(i.periph_uart_bind_console)
    periph_uart_create                       0x08003031   Thumb Code    32  periph_uart.o(i.periph_uart_create)
    periph_uart_fputc                        0x08003051   Thumb Code    30  periph_uart.o(i.periph_uart_fputc)
    periph_uart_write_byte                   0x08003075   Thumb Code    18  periph_uart.o(i.periph_uart_write_byte)
    AHBPrescTable                            0x08003168   Data          16  system_stm32f4xx.o(.constdata)
    APBPrescTable                            0x08003178   Data           8  system_stm32f4xx.o(.constdata)
    Region$$Table$$Base                      0x080031ec   Number         0  anon$$obj.o(Region$$Table)
    Region$$Table$$Limit                     0x0800320c   Number         0  anon$$obj.o(Region$$Table)
    pFlash                                   0x20000024   Data          32  stm32f4xx_hal_flash.o(.data)
    uwTickFreq                               0x20000044   Data           1  stm32f4xx_hal.o(.data)
    uwTickPrio                               0x20000048   Data           4  stm32f4xx_hal.o(.data)
    uwTick                                   0x2000004c   Data           4  stm32f4xx_hal.o(.data)
    SystemCoreClock                          0x20000050   Data           4  system_stm32f4xx.o(.data)
    __stdout                                 0x200000bc   Data           4  stdout.o(.data)
    huart1                                   0x20000120   Data          72  usart.o(.bss)
    hdma_usart1_rx                           0x20000168   Data          96  usart.o(.bss)
    hdma_usart1_tx                           0x200001c8   Data          96  usart.o(.bss)
    _SEGGER_RTT                              0x20001274   Data         168  segger_rtt.o(.bss)
    __initial_sp                             0x20001b30   Data           0  startup_stm32f407xx.o(STACK)



==============================================================================

Memory Map of the image

  Image Entry point : 0x08000189

  Load Region LR_IROM1 (Base: 0x08000000, Size: 0x000032cc, Max: 0x00100000, ABSOLUTE)

    Execution Region ER_IROM1 (Exec base: 0x08000000, Load base: 0x08000000, Size: 0x0000320c, Max: 0x00100000, ABSOLUTE)

    Exec Addr    Load Addr    Size         Type   Attr      Idx    E Section Name        Object

    0x08000000   0x08000000   0x00000188   Data   RO            3    RESET               startup_stm32f407xx.o
    0x08000188   0x08000188   0x00000000   Code   RO         3075  * .ARM.Collect$$$$00000000  mc_w.l(entry.o)
    0x08000188   0x08000188   0x00000004   Code   RO         3349    .ARM.Collect$$$$00000001  mc_w.l(entry2.o)
    0x0800018c   0x0800018c   0x00000004   Code   RO         3352    .ARM.Collect$$$$00000004  mc_w.l(entry5.o)
    0x08000190   0x08000190   0x00000000   Code   RO         3354    .ARM.Collect$$$$00000008  mc_w.l(entry7b.o)
    0x08000190   0x08000190   0x00000000   Code   RO         3356    .ARM.Collect$$$$0000000A  mc_w.l(entry8b.o)
    0x08000190   0x08000190   0x00000008   Code   RO         3357    .ARM.Collect$$$$0000000B  mc_w.l(entry9a.o)
    0x08000198   0x08000198   0x00000004   Code   RO         3364    .ARM.Collect$$$$0000000E  mc_w.l(entry12b.o)
    0x0800019c   0x0800019c   0x00000000   Code   RO         3359    .ARM.Collect$$$$0000000F  mc_w.l(entry10a.o)
    0x0800019c   0x0800019c   0x00000000   Code   RO         3361    .ARM.Collect$$$$00000011  mc_w.l(entry11a.o)
    0x0800019c   0x0800019c   0x00000004   Code   RO         3350    .ARM.Collect$$$$00002712  mc_w.l(entry2.o)
    0x080001a0   0x080001a0   0x00000024   Code   RO            4    .text               startup_stm32f407xx.o
    0x080001c4   0x080001c4   0x00000062   Code   RO         3078    .text               mc_w.l(uldiv.o)
    0x08000226   0x08000226   0x00000024   Code   RO         3080    .text               mc_w.l(memcpya.o)
    0x0800024a   0x0800024a   0x00000024   Code   RO         3082    .text               mc_w.l(memseta.o)
    0x0800026e   0x0800026e   0x0000001e   Code   RO         3368    .text               mc_w.l(llshl.o)
    0x0800028c   0x0800028c   0x00000020   Code   RO         3370    .text               mc_w.l(llushr.o)
    0x080002ac   0x080002ac   0x00000024   Code   RO         3383    .text               mc_w.l(init.o)
    0x080002d0   0x080002d0   0x00000002   Code   RO          344    i.BusFault_Handler  stm32f4xx_it.o
    0x080002d2   0x080002d2   0x00000002   PAD
    0x080002d4   0x080002d4   0x0000000c   Code   RO          345    i.DMA2_Stream2_IRQHandler  stm32f4xx_it.o
    0x080002e0   0x080002e0   0x0000000c   Code   RO          346    i.DMA2_Stream7_IRQHandler  stm32f4xx_it.o
    0x080002ec   0x080002ec   0x00000028   Code   RO         1284    i.DMA_CalcBaseAndBitshift  stm32f4xx_hal_dma.o
    0x08000314   0x08000314   0x00000054   Code   RO         1285    i.DMA_CheckFifoParam  stm32f4xx_hal_dma.o
    0x08000368   0x08000368   0x00000002   Code   RO          347    i.DebugMon_Handler  stm32f4xx_it.o
    0x0800036a   0x0800036a   0x00000004   Code   RO           13    i.Error_Handler     main.o
    0x0800036e   0x0800036e   0x00000002   PAD
    0x08000370   0x08000370   0x00000050   Code   RO         1099    i.FLASH_Erase_Sector  stm32f4xx_hal_flash_ex.o
    0x080003c0   0x080003c0   0x00000054   Code   RO         1100    i.FLASH_FlushCaches  stm32f4xx_hal_flash_ex.o
    0x08000414   0x08000414   0x00000028   Code   RO         1101    i.FLASH_MassErase   stm32f4xx_hal_flash_ex.o
    0x0800043c   0x0800043c   0x00000020   Code   RO          981    i.FLASH_Program_Byte  stm32f4xx_hal_flash.o
    0x0800045c   0x0800045c   0x0000002c   Code   RO          982    i.FLASH_Program_DoubleWord  stm32f4xx_hal_flash.o
    0x08000488   0x08000488   0x00000024   Code   RO          983    i.FLASH_Program_HalfWord  stm32f4xx_hal_flash.o
    0x080004ac   0x080004ac   0x00000024   Code   RO          984    i.FLASH_Program_Word  stm32f4xx_hal_flash.o
    0x080004d0   0x080004d0   0x00000068   Code   RO          985    i.FLASH_SetErrorCode  stm32f4xx_hal_flash.o
    0x08000538   0x08000538   0x00000050   Code   RO          986    i.FLASH_WaitForLastOperation  stm32f4xx_hal_flash.o
    0x08000588   0x08000588   0x00000092   Code   RO         1287    i.HAL_DMA_Abort     stm32f4xx_hal_dma.o
    0x0800061a   0x0800061a   0x00000024   Code   RO         1288    i.HAL_DMA_Abort_IT  stm32f4xx_hal_dma.o
    0x0800063e   0x0800063e   0x00000002   PAD
    0x08000640   0x08000640   0x000001a0   Code   RO         1292    i.HAL_DMA_IRQHandler  stm32f4xx_hal_dma.o
    0x080007e0   0x080007e0   0x000000d4   Code   RO         1293    i.HAL_DMA_Init      stm32f4xx_hal_dma.o
    0x080008b4   0x080008b4   0x00000098   Code   RO         1102    i.HAL_FLASHEx_Erase  stm32f4xx_hal_flash_ex.o
    0x0800094c   0x0800094c   0x00000014   Code   RO          990    i.HAL_FLASH_Lock    stm32f4xx_hal_flash.o
    0x08000960   0x08000960   0x0000007c   Code   RO          995    i.HAL_FLASH_Program  stm32f4xx_hal_flash.o
    0x080009dc   0x080009dc   0x0000002c   Code   RO          997    i.HAL_FLASH_Unlock  stm32f4xx_hal_flash.o
    0x08000a08   0x08000a08   0x000001f0   Code   RO         1180    i.HAL_GPIO_Init     stm32f4xx_hal_gpio.o
    0x08000bf8   0x08000bf8   0x00000010   Code   RO         1183    i.HAL_GPIO_TogglePin  stm32f4xx_hal_gpio.o
    0x08000c08   0x08000c08   0x0000000a   Code   RO         1184    i.HAL_GPIO_WritePin  stm32f4xx_hal_gpio.o
    0x08000c12   0x08000c12   0x00000002   PAD
    0x08000c14   0x08000c14   0x0000000c   Code   RO         1730    i.HAL_GetTick       stm32f4xx_hal.o
    0x08000c20   0x08000c20   0x00000010   Code   RO         1736    i.HAL_IncTick       stm32f4xx_hal.o
    0x08000c30   0x08000c30   0x00000034   Code   RO         1737    i.HAL_Init          stm32f4xx_hal.o
    0x08000c64   0x08000c64   0x00000040   Code   RO         1738    i.HAL_InitTick      stm32f4xx_hal.o
    0x08000ca4   0x08000ca4   0x00000030   Code   RO          438    i.HAL_MspInit       stm32f4xx_hal_msp.o
    0x08000cd4   0x08000cd4   0x0000001a   Code   RO         1572    i.HAL_NVIC_EnableIRQ  stm32f4xx_hal_cortex.o
    0x08000cee   0x08000cee   0x00000002   PAD
    0x08000cf0   0x08000cf0   0x00000040   Code   RO         1578    i.HAL_NVIC_SetPriority  stm32f4xx_hal_cortex.o
    0x08000d30   0x08000d30   0x00000024   Code   RO         1579    i.HAL_NVIC_SetPriorityGrouping  stm32f4xx_hal_cortex.o
    0x08000d54   0x08000d54   0x00000134   Code   RO          826    i.HAL_RCC_ClockConfig  stm32f4xx_hal_rcc.o
    0x08000e88   0x08000e88   0x0000000c   Code   RO          831    i.HAL_RCC_GetHCLKFreq  stm32f4xx_hal_rcc.o
    0x08000e94   0x08000e94   0x00000020   Code   RO          833    i.HAL_RCC_GetPCLK1Freq  stm32f4xx_hal_rcc.o
    0x08000eb4   0x08000eb4   0x00000020   Code   RO          834    i.HAL_RCC_GetPCLK2Freq  stm32f4xx_hal_rcc.o
    0x08000ed4   0x08000ed4   0x00000064   Code   RO          835    i.HAL_RCC_GetSysClockFreq  stm32f4xx_hal_rcc.o
    0x08000f38   0x08000f38   0x0000036c   Code   RO          838    i.HAL_RCC_OscConfig  stm32f4xx_hal_rcc.o
    0x080012a4   0x080012a4   0x00000028   Code   RO         1583    i.HAL_SYSTICK_Config  stm32f4xx_hal_cortex.o
    0x080012cc   0x080012cc   0x00000002   Code   RO          474    i.HAL_UARTEx_RxEventCallback  stm32f4xx_hal_uart.o
    0x080012ce   0x080012ce   0x00000002   Code   RO          488    i.HAL_UART_ErrorCallback  stm32f4xx_hal_uart.o
    0x080012d0   0x080012d0   0x00000280   Code   RO          491    i.HAL_UART_IRQHandler  stm32f4xx_hal_uart.o
    0x08001550   0x08001550   0x00000064   Code   RO          492    i.HAL_UART_Init     stm32f4xx_hal_uart.o
    0x080015b4   0x080015b4   0x000000e8   Code   RO          303    i.HAL_UART_MspInit  usart.o
    0x0800169c   0x0800169c   0x00000002   Code   RO          498    i.HAL_UART_RxCpltCallback  stm32f4xx_hal_uart.o
    0x0800169e   0x0800169e   0x000000a0   Code   RO          500    i.HAL_UART_Transmit  stm32f4xx_hal_uart.o
    0x0800173e   0x0800173e   0x00000002   Code   RO          503    i.HAL_UART_TxCpltCallback  stm32f4xx_hal_uart.o
    0x08001740   0x08001740   0x00000002   Code   RO          348    i.HardFault_Handler  stm32f4xx_it.o
    0x08001742   0x08001742   0x00000002   PAD
    0x08001744   0x08001744   0x0000003c   Code   RO          278    i.MX_DMA_Init       dma.o
    0x08001780   0x08001780   0x00000070   Code   RO          254    i.MX_GPIO_Init      gpio.o
    0x080017f0   0x080017f0   0x00000038   Code   RO          304    i.MX_USART1_UART_Init  usart.o
    0x08001828   0x08001828   0x00000002   Code   RO          349    i.MemManage_Handler  stm32f4xx_it.o
    0x0800182a   0x0800182a   0x00000002   Code   RO          350    i.NMI_Handler       stm32f4xx_it.o
    0x0800182c   0x0800182c   0x00000002   Code   RO          351    i.PendSV_Handler    stm32f4xx_it.o
    0x0800182e   0x0800182e   0x00000004   Code   RO         2649    i.SEGGER_RTT_Init   segger_rtt.o
    0x08001832   0x08001832   0x00000002   PAD
    0x08001834   0x08001834   0x00000074   Code   RO           14    i.SEGGER_RTT_Test   main.o
    0x080018a8   0x080018a8   0x00000038   Code   RO         2664    i.SEGGER_RTT_Write  segger_rtt.o
    0x080018e0   0x080018e0   0x0000005c   Code   RO         2667    i.SEGGER_RTT_WriteNoLock  segger_rtt.o
    0x0800193c   0x0800193c   0x00000016   Code   RO         2878    i.SEGGER_RTT_printf  segger_rtt_printf.o
    0x08001952   0x08001952   0x00000002   PAD
    0x08001954   0x08001954   0x000001d8   Code   RO         2879    i.SEGGER_RTT_vprintf  segger_rtt_printf.o
    0x08001b2c   0x08001b2c   0x00000002   Code   RO          352    i.SVC_Handler       stm32f4xx_it.o
    0x08001b2e   0x08001b2e   0x0000000e   Code   RO          353    i.SysTick_Handler   stm32f4xx_it.o
    0x08001b3c   0x08001b3c   0x00000094   Code   RO           15    i.SystemClock_Config  main.o
    0x08001bd0   0x08001bd0   0x00000010   Code   RO         1976    i.SystemInit        system_stm32f4xx.o
    0x08001be0   0x08001be0   0x0000000e   Code   RO          505    i.UART_DMAAbortOnError  stm32f4xx_hal_uart.o
    0x08001bee   0x08001bee   0x0000004e   Code   RO          515    i.UART_EndRxTransfer  stm32f4xx_hal_uart.o
    0x08001c3c   0x08001c3c   0x000000c2   Code   RO          517    i.UART_Receive_IT   stm32f4xx_hal_uart.o
    0x08001cfe   0x08001cfe   0x00000002   PAD
    0x08001d00   0x08001d00   0x0000010c   Code   RO          518    i.UART_SetConfig    stm32f4xx_hal_uart.o
    0x08001e0c   0x08001e0c   0x00000072   Code   RO          521    i.UART_WaitOnFlagUntilTimeout  stm32f4xx_hal_uart.o
    0x08001e7e   0x08001e7e   0x00000002   PAD
    0x08001e80   0x08001e80   0x0000000c   Code   RO          354    i.USART1_IRQHandler  stm32f4xx_it.o
    0x08001e8c   0x08001e8c   0x00000002   Code   RO          355    i.UsageFault_Handler  stm32f4xx_it.o
    0x08001e8e   0x08001e8e   0x00000002   PAD
    0x08001e90   0x08001e90   0x00000064   Code   RO         2671    i._DoInit           segger_rtt.o
    0x08001ef4   0x08001ef4   0x00000016   Code   RO         2672    i._GetAvailWriteSpace  segger_rtt.o
    0x08001f0a   0x08001f0a   0x00000002   PAD
    0x08001f0c   0x08001f0c   0x000000c6   Code   RO         2880    i._PrintInt         segger_rtt_printf.o
    0x08001fd2   0x08001fd2   0x00000002   PAD
    0x08001fd4   0x08001fd4   0x000000d4   Code   RO         2881    i._PrintUnsigned    segger_rtt_printf.o
    0x080020a8   0x080020a8   0x0000003e   Code   RO         2882    i._StoreChar        segger_rtt_printf.o
    0x080020e6   0x080020e6   0x0000005a   Code   RO         2674    i._WriteBlocking    segger_rtt.o
    0x08002140   0x08002140   0x00000042   Code   RO         2675    i._WriteNoCheck     segger_rtt.o
    0x08002182   0x08002182   0x00000002   PAD
    0x08002184   0x08002184   0x00000020   Code   RO         3199    i.__0printf$4       mc_w.l(printf4.o)
    0x080021a4   0x080021a4   0x00000020   Code   RO         1585    i.__NVIC_SetPriority  stm32f4xx_hal_cortex.o
    0x080021c4   0x080021c4   0x0000000e   Code   RO         3391    i.__scatterload_copy  mc_w.l(handlers.o)
    0x080021d2   0x080021d2   0x00000002   Code   RO         3392    i.__scatterload_null  mc_w.l(handlers.o)
    0x080021d4   0x080021d4   0x0000000e   Code   RO         3393    i.__scatterload_zeroinit  mc_w.l(handlers.o)
    0x080021e2   0x080021e2   0x00000002   PAD
    0x080021e4   0x080021e4   0x0000022c   Code   RO         3206    i._printf_core      mc_w.l(printf4.o)
    0x08002410   0x08002410   0x0000007c   Code   RO           16    i.app_queue_demo_init  main.o
    0x0800248c   0x0800248c   0x00000004   Code   RO           17    i.fputc             main.o
    0x08002490   0x08002490   0x0000001c   Code   RO           18    i.led_task          main.o
    0x080024ac   0x080024ac   0x0000010c   Code   RO           19    i.main              main.o
    0x080025b8   0x080025b8   0x00000050   Code   RO           20    i.oneshot_timer_callback  main.o
    0x08002608   0x08002608   0x00000010   Code   RO         2108    i.osal_heap_set_block  osal_mem.o
    0x08002618   0x08002618   0x0000000e   Code   RO         2388    i.osal_init         osal_timer.o
    0x08002626   0x08002626   0x00000008   Code   RO         2919    i.osal_irq_disable  osal_platform_stm32f4.o
    0x0800262e   0x0800262e   0x00000008   Code   RO         2922    i.osal_irq_restore  osal_platform_stm32f4.o
    0x08002636   0x08002636   0x00000008   Code   RO         2109    i.osal_mem_align_up  osal_mem.o
    0x0800263e   0x0800263e   0x00000002   PAD
    0x08002640   0x08002640   0x0000009c   Code   RO         2110    i.osal_mem_alloc    osal_mem.o
    0x080026dc   0x080026dc   0x00000018   Code   RO         2111    i.osal_mem_ensure_init  osal_mem.o
    0x080026f4   0x080026f4   0x00000044   Code   RO         2112    i.osal_mem_free     osal_mem.o
    0x08002738   0x08002738   0x00000040   Code   RO         2114    i.osal_mem_init     osal_mem.o
    0x08002778   0x08002778   0x00000070   Code   RO         2115    i.osal_mem_insert_free_block  osal_mem.o
    0x080027e8   0x080027e8   0x0000004e   Code   RO         2924    i.osal_platform_flash_erase  osal_platform_stm32f4.o
    0x08002836   0x08002836   0x0000000e   Code   RO         2925    i.osal_platform_flash_lock  osal_platform_stm32f4.o
    0x08002844   0x08002844   0x00000014   Code   RO         2926    i.osal_platform_flash_read  osal_platform_stm32f4.o
    0x08002858   0x08002858   0x000000b4   Code   RO         2927    i.osal_platform_flash_sector_from_address  osal_platform_stm32f4.o
    0x0800290c   0x0800290c   0x0000000e   Code   RO         2928    i.osal_platform_flash_unlock  osal_platform_stm32f4.o
    0x0800291a   0x0800291a   0x00000012   Code   RO         2929    i.osal_platform_flash_write_u16  osal_platform_stm32f4.o
    0x0800292c   0x0800292c   0x00000012   Code   RO         2930    i.osal_platform_flash_write_u32  osal_platform_stm32f4.o
    0x0800293e   0x0800293e   0x00000010   Code   RO         2931    i.osal_platform_flash_write_u64  osal_platform_stm32f4.o
    0x0800294e   0x0800294e   0x00000012   Code   RO         2932    i.osal_platform_flash_write_u8  osal_platform_stm32f4.o
    0x08002960   0x08002960   0x00000008   Code   RO         2933    i.osal_platform_get_tick_source  osal_platform_stm32f4.o
    0x08002968   0x08002968   0x00000002   Code   RO         2934    i.osal_platform_init  osal_platform_stm32f4.o
    0x0800296a   0x0800296a   0x00000002   PAD
    0x0800296c   0x0800296c   0x0000000c   Code   RO         2935    i.osal_platform_led1_toggle  osal_platform_stm32f4.o
    0x08002978   0x08002978   0x0000000c   Code   RO         2936    i.osal_platform_led2_toggle  osal_platform_stm32f4.o
    0x08002984   0x08002984   0x00000004   Code   RO         2937    i.osal_platform_tick_source_get_clock_hz  osal_platform_stm32f4.o
    0x08002988   0x08002988   0x00000008   Code   RO         2938    i.osal_platform_tick_source_get_current_value  osal_platform_stm32f4.o
    0x08002990   0x08002990   0x00000008   Code   RO         2939    i.osal_platform_tick_source_get_reload_value  osal_platform_stm32f4.o
    0x08002998   0x08002998   0x0000000c   Code   RO         2940    i.osal_platform_tick_source_has_elapsed  osal_platform_stm32f4.o
    0x080029a4   0x080029a4   0x0000000c   Code   RO         2941    i.osal_platform_tick_source_is_enabled  osal_platform_stm32f4.o
    0x080029b0   0x080029b0   0x00000024   Code   RO         2942    i.osal_platform_uart_create  osal_platform_stm32f4.o
    0x080029d4   0x080029d4   0x0000001c   Code   RO         2943    i.osal_platform_uart_write_byte  osal_platform_stm32f4.o
    0x080029f0   0x080029f0   0x00000044   Code   RO         2230    i.osal_queue_create_internal  osal_queue.o
    0x08002a34   0x08002a34   0x00000028   Code   RO         2231    i.osal_queue_create_static  osal_queue.o
    0x08002a5c   0x08002a5c   0x00000038   Code   RO         2233    i.osal_queue_dequeue  osal_queue.o
    0x08002a94   0x08002a94   0x00000038   Code   RO         2234    i.osal_queue_enqueue  osal_queue.o
    0x08002acc   0x08002acc   0x00000018   Code   RO         2235    i.osal_queue_get_count  osal_queue.o
    0x08002ae4   0x08002ae4   0x00000028   Code   RO         2236    i.osal_queue_recv   osal_queue.o
    0x08002b0c   0x08002b0c   0x00000028   Code   RO         2239    i.osal_queue_send   osal_queue.o
    0x08002b34   0x08002b34   0x00000020   Code   RO         2242    i.osal_queue_storage_size  osal_queue.o
    0x08002b54   0x08002b54   0x00000024   Code   RO         2319    i.osal_run          osal_task.o
    0x08002b78   0x08002b78   0x00000060   Code   RO         2320    i.osal_run_internal  osal_task.o
    0x08002bd8   0x08002bd8   0x00000064   Code   RO         2321    i.osal_run_priority_list  osal_task.o
    0x08002c3c   0x08002c3c   0x0000002c   Code   RO         2322    i.osal_task_contains  osal_task.o
    0x08002c68   0x08002c68   0x00000050   Code   RO         2323    i.osal_task_create  osal_task.o
    0x08002cb8   0x08002cb8   0x0000002c   Code   RO         2325    i.osal_task_sleep   osal_task.o
    0x08002ce4   0x08002ce4   0x00000014   Code   RO         2326    i.osal_task_start   osal_task.o
    0x08002cf8   0x08002cf8   0x00000044   Code   RO         2389    i.osal_tick_handler  osal_timer.o
    0x08002d3c   0x08002d3c   0x00000064   Code   RO         2390    i.osal_timer_create  osal_timer.o
    0x08002da0   0x08002da0   0x00000070   Code   RO         2394    i.osal_timer_get_subtick_us_locked  osal_timer.o
    0x08002e10   0x08002e10   0x00000004   Code   RO         2395    i.osal_timer_get_tick  osal_timer.o
    0x08002e14   0x08002e14   0x00000018   Code   RO         2396    i.osal_timer_get_uptime_ms  osal_timer.o
    0x08002e2c   0x08002e2c   0x0000002c   Code   RO         2398    i.osal_timer_get_uptime_us64  osal_timer.o
    0x08002e58   0x08002e58   0x0000009c   Code   RO         2399    i.osal_timer_poll   osal_timer.o
    0x08002ef4   0x08002ef4   0x00000040   Code   RO         2400    i.osal_timer_refresh_next_expiry  osal_timer.o
    0x08002f34   0x08002f34   0x0000004c   Code   RO         2401    i.osal_timer_start  osal_timer.o
    0x08002f80   0x08002f80   0x00000098   Code   RO         2403    i.osal_timer_sync_tick_source  osal_timer.o
    0x08003018   0x08003018   0x00000004   Code   RO           21    i.periodic_timer_callback  main.o
    0x0800301c   0x0800301c   0x00000014   Code   RO         2493    i.periph_uart_bind_console  periph_uart.o
    0x08003030   0x08003030   0x00000020   Code   RO         2494    i.periph_uart_create  periph_uart.o
    0x08003050   0x08003050   0x00000024   Code   RO         2496    i.periph_uart_fputc  periph_uart.o
    0x08003074   0x08003074   0x00000012   Code   RO         2499    i.periph_uart_write_byte  periph_uart.o
    0x08003086   0x08003086   0x00000002   PAD
    0x08003088   0x08003088   0x00000060   Code   RO           22    i.queue_consumer_task  main.o
    0x080030e8   0x080030e8   0x00000078   Code   RO           23    i.queue_producer_task  main.o
    0x08003160   0x08003160   0x00000008   Data   RO         1299    .constdata          stm32f4xx_hal_dma.o
    0x08003168   0x08003168   0x00000010   Data   RO         1977    .constdata          system_stm32f4xx.o
    0x08003178   0x08003178   0x00000008   Data   RO         1978    .constdata          system_stm32f4xx.o
    0x08003180   0x08003180   0x00000021   Data   RO         2677    .constdata          segger_rtt.o
    0x080031a1   0x080031a1   0x00000010   Data   RO         2883    .constdata          segger_rtt_printf.o
    0x080031b1   0x080031b1   0x00000003   PAD
    0x080031b4   0x080031b4   0x00000038   Data   RO         2944    .constdata          osal_platform_stm32f4.o
    0x080031ec   0x080031ec   0x00000020   Data   RO         3389    Region$$Table       anon$$obj.o


    Execution Region RW_IRAM1 (Exec base: 0x20000000, Load base: 0x0800320c, Size: 0x00001b30, Max: 0x0001c000, ABSOLUTE)

    Exec Addr    Load Addr    Size         Type   Attr      Idx    E Section Name        Object

    0x20000000   0x0800320c   0x00000024   Data   RW           25    .data               main.o
    0x20000024   0x08003230   0x00000020   Data   RW          998    .data               stm32f4xx_hal_flash.o
    0x20000044   0x08003250   0x0000000c   Data   RW         1744    .data               stm32f4xx_hal.o
    0x20000050   0x0800325c   0x00000004   Data   RW         1979    .data               system_stm32f4xx.o
    0x20000054   0x08003260   0x00000010   Data   RW         2121    .data               osal_mem.o
    0x20000064   0x08003270   0x00000004   Data   RW         2243    .data               osal_queue.o
    0x20000068   0x08003274   0x0000000c   Data   RW         2330    .data               osal_task.o
    0x20000074   0x08003280   0x00000004   PAD
    0x20000078   0x08003284   0x00000038   Data   RW         2405    .data               osal_timer.o
    0x200000b0   0x080032bc   0x00000004   Data   RW         2501    .data               periph_uart.o
    0x200000b4   0x080032c0   0x00000008   Data   RW         2945    .data               osal_platform_stm32f4.o
    0x200000bc   0x080032c8   0x00000004   Data   RW         3365    .data               mc_w.l(stdout.o)
    0x200000c0        -       0x00000060   Zero   RW           24    .bss                main.o
    0x20000120        -       0x00000108   Zero   RW          305    .bss                usart.o
    0x20000228        -       0x00001000   Zero   RW         2120    .bss                osal_mem.o
    0x20001228        -       0x0000000c   Zero   RW         2329    .bss                osal_task.o
    0x20001234        -       0x00000040   Zero   RW         2404    .bss                osal_timer.o
    0x20001274        -       0x000004b8   Zero   RW         2676    .bss                segger_rtt.o
    0x2000172c   0x080032cc   0x00000004   PAD
    0x20001730        -       0x00000400   Zero   RW            1    STACK               startup_stm32f407xx.o


    Execution Region RW_IRAM2 (Exec base: 0x2001c000, Load base: 0x080032cc, Size: 0x00000000, Max: 0x00004000, ABSOLUTE)

    **** No section assigned to this execution region ****


==============================================================================

Image component sizes


      Code (inc. data)   RO Data    RW Data    ZI Data      Debug   Object Name

        60          4          0          0          0        802   dma.o
       112         10          0          0          0        939   gpio.o
       992        356          0         36         96     679134   main.o
         0          0          0          0          0       1296   osal_event.o
       448         26          0         16       4096       7373   osal_mem.o
       534         72         56          8          0      20773   osal_platform_stm32f4.o
       356          6          0          4          0       7628   osal_queue.o
       420         38          0         12         12       7266   osal_task.o
       814         60          0         56         64      10137   osal_timer.o
       106         12          0          4          0       5477   periph_uart.o
       430         30         33          0       1208      10512   segger_rtt.o
       966         14         16          0          0       6005   segger_rtt_printf.o
        36          8        392          0       1024        844   startup_stm32f407xx.o
       144         24          0         12          0       8837   stm32f4xx_hal.o
       198         14          0          0          0      33875   stm32f4xx_hal_cortex.o
       934         16          8          0          0       5679   stm32f4xx_hal_dma.o
       520         66          0         32          0       6698   stm32f4xx_hal_flash.o
       356         24          0          0          0       4042   stm32f4xx_hal_flash_ex.o
       522         46          0          0          0       2869   stm32f4xx_hal_gpio.o
        48          6          0          0          0        878   stm32f4xx_hal_msp.o
      1360         82          0          0          0       5800   stm32f4xx_hal_rcc.o
      1576         14          0          0          0      10656   stm32f4xx_hal_uart.o
        66         18          0          0          0       5750   stm32f4xx_it.o
        16          4         24          4          0       1151   system_stm32f4xx.o
       288         30          0          0        264       1940   usart.o

    ----------------------------------------------------------------------
     11336        980        564        188       6768     846361   Object Totals
         0          0         32          0          0          0   (incl. Generated)
        34          0          3          4          4          0   (incl. Padding)

    ----------------------------------------------------------------------

      Code (inc. data)   RO Data    RW Data    ZI Data      Debug   Library Member Name

         0          0          0          0          0          0   entry.o
         0          0          0          0          0          0   entry10a.o
         0          0          0          0          0          0   entry11a.o
         4          0          0          0          0          0   entry12b.o
         8          4          0          0          0          0   entry2.o
         4          0          0          0          0          0   entry5.o
         0          0          0          0          0          0   entry7b.o
         0          0          0          0          0          0   entry8b.o
         8          4          0          0          0          0   entry9a.o
        30          0          0          0          0          0   handlers.o
        36          8          0          0          0         68   init.o
        30          0          0          0          0         68   llshl.o
        32          0          0          0          0         68   llushr.o
        36          0          0          0          0         68   memcpya.o
        36          0          0          0          0        108   memseta.o
       588         14          0          0          0        184   printf4.o
         0          0          0          4          0          0   stdout.o
        98          0          0          0          0         92   uldiv.o

    ----------------------------------------------------------------------
       912         30          0          4          0        656   Library Totals
         2          0          0          0          0          0   (incl. Padding)

    ----------------------------------------------------------------------

      Code (inc. data)   RO Data    RW Data    ZI Data      Debug   Library Name

       910         30          0          4          0        656   mc_w.l

    ----------------------------------------------------------------------
       912         30          0          4          0        656   Library Totals

    ----------------------------------------------------------------------

==============================================================================


      Code (inc. data)   RO Data    RW Data    ZI Data      Debug   

     12248       1010        564        192       6768     832861   Grand Totals
     12248       1010        564        192       6768     832861   ELF Image Totals
     12248       1010        564        192          0          0   ROM Totals

==============================================================================

    Total RO  Size (Code + RO Data)                12812 (  12.51kB)
    Total RW  Size (RW Data + ZI Data)              6960 (   6.80kB)
    Total ROM Size (Code + RO Data + RW Data)      13004 (  12.70kB)

==============================================================================

