<html>
<body>
<pre>
<h1>µVision Build Log</h1>
<h2>Tool Versions:</h2>
IDE-Version: ¦ÌVision V5.43.1.0
Copyright (C) 2025 ARM Ltd and ARM Germany GmbH. All rights reserved.
License Information: j2736344983@163.com,  , LIC=BUURY-I6928-9UP4U-SKN6Q-G69JL-DXQCU
 
Tool Versions:
Toolchain:       MDK-ARM Plus  Version: 5.43.0.0
Toolchain Path:  D:\APP\Keil5\ARM\ARMCC\Bin
C Compiler:      Armcc.exe V5.06 update 7 (build 960)
Assembler:       Armasm.exe V5.06 update 7 (build 960)
Linker/Locator:  ArmLink.exe V5.06 update 7 (build 960)
Library Manager: ArmAr.exe V5.06 update 7 (build 960)
Hex Converter:   FromElf.exe V5.06 update 7 (build 960)
CPU DLL:         SARMCM3.DLL V5.43.0.0
Dialog DLL:      DCM.DLL V1.17.5.0
Target DLL:      Segger\JL2CM3.dll V2.99.45.0
Dialog DLL:      TCM.DLL V1.56.6.0
 
<h2>Project:</h2>
A:\Embedded_system\cubemx_project\rivers_osal\MDK-ARM\rivers_osal.uvprojx
Project File Date:  04/06/2026

<h2>Output:</h2>
*** Using Compiler 'V5.06 update 7 (build 960)', folder: 'D:\APP\Keil5\ARM\ARMCC\Bin'
Build target 'rivers_osal'
compiling stm32f4xx_it.c...
compiling osal_platform.c...
compiling osal_mutex.c...
..\Middleware\osal\system\Src\osal_mutex.c(30): warning:  #177-D: function "osal_mutex_contains"  was declared but never referenced
  static bool osal_mutex_contains(osal_mutex_t *mutex) {
..\Middleware\osal\system\Src\osal_mutex.c: 1 warning, 0 errors
compiling osal_timer.c...
compiling periph_uart.c...
..\Middleware\osal\components\periph\usart\Src\periph_uart.c(36): warning:  #177-D: function "periph_uart_contains"  was declared but never referenced
  static bool periph_uart_contains(periph_uart_t *uart) {
..\Middleware\osal\components\periph\usart\Src\periph_uart.c: 1 warning, 0 errors
compiling main.c...
compiling osal_event.c...
..\Middleware\osal\system\Src\osal_event.c(31): warning:  #177-D: function "osal_event_contains"  was declared but never referenced
  static bool osal_event_contains(osal_event_t *evt) {
..\Middleware\osal\system\Src\osal_event.c: 1 warning, 0 errors
compiling osal_queue.c...
..\Middleware\osal\system\Src\osal_queue.c(66): warning:  #177-D: function "osal_queue_contains"  was declared but never referenced
  static bool osal_queue_contains(osal_queue_t *q) {
..\Middleware\osal\system\Src\osal_queue.c: 1 warning, 0 errors
compiling osal_platform_stm32f4.c...
compiling periph_flash.c...
..\Middleware\osal\components\periph\flash\Src\periph_flash.c(35): warning:  #177-D: function "periph_flash_contains"  was declared but never referenced
  static bool periph_flash_contains(periph_flash_t *flash) {
..\Middleware\osal\components\periph\flash\Src\periph_flash.c: 1 warning, 0 errors
compiling osal_mem.c...
..\Middleware\osal\system\Src\osal_mem.c(118): warning:  #177-D: function "osal_mempool_contains"  was declared but never referenced
  static bool osal_mempool_contains(osal_mempool_t *mp) {
..\Middleware\osal\system\Src\osal_mem.c: 1 warning, 0 errors
compiling osal_task.c...
linking...
Program Size: Code=16884 RO-data=572 RW-data=216 ZI-data=6744  
FromELF: creating hex file...
"rivers_osal\rivers_osal.axf" - 0 Error(s), 6 Warning(s).

<h2>Software Packages used:</h2>

Package Vendor: ARM
                https://www.keil.com/pack/ARM.CMSIS.6.1.0.pack
                ARM::CMSIS@6.1.0
                CMSIS (Common Microcontroller Software Interface Standard)
   * Component: CORE Version: 6.1.0

Package Vendor: Keil
                https://www.keil.com/pack/Keil.STM32F4xx_DFP.2.17.1.pack
                Keil::STM32F4xx_DFP@2.17.1
                STMicroelectronics STM32F4 Series Device Support, Drivers and Examples

<h2>Collection of Component include folders:</h2>
  ./RTE/_rivers_osal
  D:/APP/Keil5/ARM/PACK/ARM/CMSIS/6.1.0/CMSIS/Core/Include
  D:/APP/Keil5/ARM/PACK/Keil/STM32F4xx_DFP/2.17.1/Drivers/CMSIS/Device/ST/STM32F4xx/Include

<h2>Collection of Component Files used:</h2>

   * Component: ARM::CMSIS:CORE@6.1.0
      Include file:  CMSIS/Core/Include/tz_context.h
Build Time Elapsed:  00:00:08
</pre>
</body>
</html>
